Archive member included to satisfy reference by file (symbol)

/usr/local/bin/../lib/gcc/arm-none-eabi/10.3.1/../../../../arm-none-eabi/lib/thumb/v7e-m+fp/hard/libc_nano.a(lib_a-exit.o)
                              /usr/local/bin/../lib/gcc/arm-none-eabi/10.3.1/../../../../arm-none-eabi/lib/thumb/v7e-m+fp/hard/crt0.o (exit)
/usr/local/bin/../lib/gcc/arm-none-eabi/10.3.1/../../../../arm-none-eabi/lib/thumb/v7e-m+fp/hard/libc_nano.a(lib_a-impure.o)
                              /usr/local/bin/../lib/gcc/arm-none-eabi/10.3.1/../../../../arm-none-eabi/lib/thumb/v7e-m+fp/hard/libc_nano.a(lib_a-exit.o) (_global_impure_ptr)
/usr/local/bin/../lib/gcc/arm-none-eabi/10.3.1/../../../../arm-none-eabi/lib/thumb/v7e-m+fp/hard/libc_nano.a(lib_a-init.o)
                              /usr/local/bin/../lib/gcc/arm-none-eabi/10.3.1/../../../../arm-none-eabi/lib/thumb/v7e-m+fp/hard/crt0.o (__libc_init_array)
/usr/local/bin/../lib/gcc/arm-none-eabi/10.3.1/../../../../arm-none-eabi/lib/thumb/v7e-m+fp/hard/libc_nano.a(lib_a-memset.o)
                              /usr/local/bin/../lib/gcc/arm-none-eabi/10.3.1/../../../../arm-none-eabi/lib/thumb/v7e-m+fp/hard/crt0.o (memset)
/usr/local/bin/../lib/gcc/arm-none-eabi/10.3.1/../../../../arm-none-eabi/lib/thumb/v7e-m+fp/hard/libnosys.a(_exit.o)
                              /usr/local/bin/../lib/gcc/arm-none-eabi/10.3.1/../../../../arm-none-eabi/lib/thumb/v7e-m+fp/hard/libc_nano.a(lib_a-exit.o) (_exit)
/usr/local/bin/../lib/gcc/arm-none-eabi/10.3.1/thumb/v7e-m+fp/hard/libgcc.a(_aeabi_ldivmod.o)
                              build/nrf52840/dongle/obj/nrfx_wdt.o (__aeabi_ldivmod)
/usr/local/bin/../lib/gcc/arm-none-eabi/10.3.1/thumb/v7e-m+fp/hard/libgcc.a(_aeabi_uldivmod.o)
                              build/nrf52840/dongle/obj/nrfx_wdt.o (__aeabi_uldivmod)
/usr/local/bin/../lib/gcc/arm-none-eabi/10.3.1/thumb/v7e-m+fp/hard/libgcc.a(_udivmoddi4.o)
                              /usr/local/bin/../lib/gcc/arm-none-eabi/10.3.1/thumb/v7e-m+fp/hard/libgcc.a(_aeabi_ldivmod.o) (__udivmoddi4)
/usr/local/bin/../lib/gcc/arm-none-eabi/10.3.1/thumb/v7e-m+fp/hard/libgcc.a(_dvmd_tls.o)
                              /usr/local/bin/../lib/gcc/arm-none-eabi/10.3.1/thumb/v7e-m+fp/hard/libgcc.a(_aeabi_ldivmod.o) (__aeabi_ldiv0)
/usr/local/bin/../lib/gcc/arm-none-eabi/10.3.1/../../../../arm-none-eabi/lib/thumb/v7e-m+fp/hard/libc_nano.a(lib_a-memcmp.o)
                              build/nrf52840/dongle/obj/linkaddr.o (memcmp)
/usr/local/bin/../lib/gcc/arm-none-eabi/10.3.1/../../../../arm-none-eabi/lib/thumb/v7e-m+fp/hard/libc_nano.a(lib_a-memcpy-stub.o)
                              build/nrf52840/dongle/obj/platform.o (memcpy)
/usr/local/bin/../lib/gcc/arm-none-eabi/10.3.1/../../../../arm-none-eabi/lib/thumb/v7e-m+fp/hard/libc_nano.a(lib_a-memmove.o)
                              build/nrf52840/dongle/obj/sicslowpan.o (memmove)
/usr/local/bin/../lib/gcc/arm-none-eabi/10.3.1/../../../../arm-none-eabi/lib/thumb/v7e-m+fp/hard/libc_nano.a(lib_a-rand.o)
                              build/nrf52840/dongle/obj/random.o (srand)
/usr/local/bin/../lib/gcc/arm-none-eabi/10.3.1/../../../../arm-none-eabi/lib/thumb/v7e-m+fp/hard/libc_nano.a(lib_a-reent.o)
                              build/nrf52840/dongle/obj/syscalls.o (errno)
/usr/local/bin/../lib/gcc/arm-none-eabi/10.3.1/../../../../arm-none-eabi/lib/thumb/v7e-m+fp/hard/libc_nano.a(lib_a-strcmp.o)
                              build/nrf52840/dongle/obj/log.o (strcmp)
/usr/local/bin/../lib/gcc/arm-none-eabi/10.3.1/../../../../arm-none-eabi/lib/thumb/v7e-m+fp/hard/libc_nano.a(lib_a-strcpy.o)
                              temperature_whitewine.o (strcpy)
/usr/local/bin/../lib/gcc/arm-none-eabi/10.3.1/../../../../arm-none-eabi/lib/thumb/v7e-m+fp/hard/libc_nano.a(lib_a-strlen.o)
                              build/nrf52840/dongle/obj/app_usbd_serial_num.o (strlen)
/usr/local/bin/../lib/gcc/arm-none-eabi/10.3.1/../../../../arm-none-eabi/lib/thumb/v7e-m+fp/hard/libc_nano.a(lib_a-strncmp.o)
                              build/nrf52840/dongle/obj/sensors.o (strncmp)
/usr/local/bin/../lib/gcc/arm-none-eabi/10.3.1/../../../../arm-none-eabi/lib/thumb/v7e-m+fp/hard/libc_nano.a(lib_a-assert.o)
                              /usr/local/bin/../lib/gcc/arm-none-eabi/10.3.1/../../../../arm-none-eabi/lib/thumb/v7e-m+fp/hard/libc_nano.a(lib_a-rand.o) (__assert_func)
/usr/local/bin/../lib/gcc/arm-none-eabi/10.3.1/../../../../arm-none-eabi/lib/thumb/v7e-m+fp/hard/libc_nano.a(lib_a-fprintf.o)
                              /usr/local/bin/../lib/gcc/arm-none-eabi/10.3.1/../../../../arm-none-eabi/lib/thumb/v7e-m+fp/hard/libc_nano.a(lib_a-assert.o) (fiprintf)
/usr/local/bin/../lib/gcc/arm-none-eabi/10.3.1/../../../../arm-none-eabi/lib/thumb/v7e-m+fp/hard/libc_nano.a(lib_a-malloc.o)
                              /usr/local/bin/../lib/gcc/arm-none-eabi/10.3.1/../../../../arm-none-eabi/lib/thumb/v7e-m+fp/hard/libc_nano.a(lib_a-rand.o) (malloc)
[...]
Memory Configuration

Name             Origin             Length             Attributes
FLASH            0x0000000000001000 0x00000000000ff000 xr
RAM              0x0000000020000008 0x000000000003fff8 xrw
*default*        0x0000000000000000 0xffffffffffffffff

Linker script and memory map

LOAD /usr/local/bin/../lib/gcc/arm-none-eabi/10.3.1/thumb/v7e-m+fp/hard/crti.o
LOAD /usr/local/bin/../lib/gcc/arm-none-eabi/10.3.1/thumb/v7e-m+fp/hard/crtbegin.o
LOAD /usr/local/bin/../lib/gcc/arm-none-eabi/10.3.1/../../../../arm-none-eabi/lib/thumb/v7e-m+fp/hard/crt0.o
LOAD /usr/local/bin/../lib/gcc/arm-none-eabi/10.3.1/../../../../arm-none-eabi/lib/thumb/v7e-m+fp/hard/libc_nano.a
LOAD /usr/local/bin/../lib/gcc/arm-none-eabi/10.3.1/../../../../arm-none-eabi/lib/thumb/v7e-m+fp/hard/libnosys.a
LOAD build/nrf52840/dongle/obj/board-leds.o
LOAD build/nrf52840/dongle/obj/board-buttons.o
LOAD build/nrf52840/dongle/obj/nrf52840dongle-sensors.o
LOAD build/nrf52840/dongle/obj/platform.o
LOAD build/nrf52840/dongle/obj/temperature-sensor.o
LOAD build/nrf52840/dongle/obj/dbg.o
LOAD build/nrf52840/dongle/obj/clock.o
LOAD build/nrf52840/dongle/obj/rtimer-arch.o
LOAD build/nrf52840/dongle/obj/uart0.o
LOAD build/nrf52840/dongle/obj/watchdog.o
LOAD build/nrf52840/dongle/obj/int-master.o
LOAD build/nrf52840/dongle/obj/slip-arch.o
LOAD build/nrf52840/dongle/obj/gpio-hal-arch.o
LOAD build/nrf52840/dongle/obj/nrf52840-ieee.o
LOAD build/nrf52840/dongle/obj/usb-serial.o
LOAD build/nrf52840/dongle/obj/usb-dfu-trigger.o
LOAD build/nrf52840/dongle/obj/boards.o
LOAD build/nrf52840/dongle/obj/app_error.o
LOAD build/nrf52840/dongle/obj/app_error_handler_gcc.o
LOAD build/nrf52840/dongle/obj/app_error_weak.o
LOAD build/nrf52840/dongle/obj/nrf_assert.o
LOAD build/nrf52840/dongle/obj/app_util_platform.o
LOAD build/nrf52840/dongle/obj/nrf_queue.o
LOAD build/nrf52840/dongle/obj/nrf_strerror.o
LOAD build/nrf52840/dongle/obj/nrfx_clock.o
LOAD build/nrf52840/dongle/obj/nrfx_rtc.o
LOAD build/nrf52840/dongle/obj/nrfx_gpiote.o
LOAD build/nrf52840/dongle/obj/nrfx_rng.o
LOAD build/nrf52840/dongle/obj/nrfx_wdt.o
LOAD build/nrf52840/dongle/obj/nrfx_power.o
LOAD build/nrf52840/dongle/obj/system_nrf52840.o
LOAD build/nrf52840/dongle/obj/nrf_drv_clock.o
LOAD build/nrf52840/dongle/obj/nrf_drv_rng.o
LOAD build/nrf52840/dongle/obj/nrf_drv_power.o
LOAD build/nrf52840/dongle/obj/app_fifo.o
LOAD build/nrf52840/dongle/obj/app_usbd.o
LOAD build/nrf52840/dongle/obj/app_usbd_cdc_acm.o
LOAD build/nrf52840/dongle/obj/app_usbd_core.o
LOAD build/nrf52840/dongle/obj/app_usbd_serial_num.o
LOAD build/nrf52840/dongle/obj/app_usbd_string_desc.o
LOAD build/nrf52840/dongle/obj/nrf_atomic.o
LOAD build/nrf52840/dongle/obj/nrfx_usbd.o
LOAD build/nrf52840/dongle/obj/nrfx_systick.o
LOAD build/nrf52840/dongle/obj/nrfx_atomic.o
LOAD build/nrf52840/dongle/obj/app_usbd_nrf_dfu_trigger.o
LOAD build/nrf52840/dongle/obj/gcc_startup_nrf52840.o
LOAD build/nrf52840/dongle/obj/mqtt-prop.o
LOAD build/nrf52840/dongle/obj/mqtt.o
LOAD build/nrf52840/dongle/obj/contiki-main.o
LOAD build/nrf52840/dongle/obj/atomic.o
LOAD build/nrf52840/dongle/obj/autostart.o
LOAD build/nrf52840/dongle/obj/compower.o
LOAD build/nrf52840/dongle/obj/ctimer.o
LOAD build/nrf52840/dongle/obj/energest.o
LOAD build/nrf52840/dongle/obj/etimer.o
LOAD build/nrf52840/dongle/obj/log.o
LOAD build/nrf52840/dongle/obj/mutex.o
LOAD build/nrf52840/dongle/obj/node-id.o
LOAD build/nrf52840/dongle/obj/process.o
LOAD build/nrf52840/dongle/obj/rtimer.o
LOAD build/nrf52840/dongle/obj/stack-check.o
LOAD build/nrf52840/dongle/obj/stimer.o
LOAD build/nrf52840/dongle/obj/timer.o
LOAD build/nrf52840/dongle/obj/aes-128.o
LOAD build/nrf52840/dongle/obj/assert.o
LOAD build/nrf52840/dongle/obj/ccm-star.o
LOAD build/nrf52840/dongle/obj/circular-list.o
LOAD build/nrf52840/dongle/obj/crc16.o
LOAD build/nrf52840/dongle/obj/dbl-circ-list.o
LOAD build/nrf52840/dongle/obj/dbl-list.o
LOAD build/nrf52840/dongle/obj/heapmem.o
LOAD build/nrf52840/dongle/obj/hexconv.o
LOAD build/nrf52840/dongle/obj/ifft.o
LOAD build/nrf52840/dongle/obj/list.o
LOAD build/nrf52840/dongle/obj/memb.o
LOAD build/nrf52840/dongle/obj/random.o
LOAD build/nrf52840/dongle/obj/ringbuf.o
LOAD build/nrf52840/dongle/obj/ringbufindex.o
LOAD build/nrf52840/dongle/obj/sensors.o
LOAD build/nrf52840/dongle/obj/trickle-timer.o
LOAD build/nrf52840/dongle/obj/button-hal.o
LOAD build/nrf52840/dongle/obj/gpio-hal.o
LOAD build/nrf52840/dongle/obj/leds.o
LOAD build/nrf52840/dongle/obj/nullradio.o
LOAD build/nrf52840/dongle/obj/serial-line.o
LOAD build/nrf52840/dongle/obj/slip.o
LOAD build/nrf52840/dongle/obj/spi.o
LOAD build/nrf52840/dongle/obj/link-stats.o
LOAD build/nrf52840/dongle/obj/linkaddr.o
LOAD build/nrf52840/dongle/obj/nbr-table.o
LOAD build/nrf52840/dongle/obj/net-debug.o
LOAD build/nrf52840/dongle/obj/netstack.o
LOAD build/nrf52840/dongle/obj/packetbuf.o
LOAD build/nrf52840/dongle/obj/queuebuf.o
LOAD build/nrf52840/dongle/obj/mac-sequence.o
LOAD build/nrf52840/dongle/obj/mac.o
LOAD build/nrf52840/dongle/obj/frame802154.o
LOAD build/nrf52840/dongle/obj/frame802154e-ie.o
LOAD build/nrf52840/dongle/obj/framer-802154.o
LOAD build/nrf52840/dongle/obj/nullframer.o
LOAD build/nrf52840/dongle/obj/rgb-led.o
LOAD build/nrf52840/dongle/obj/syscalls.o
LOAD build/nrf52840/dongle/obj/printf.o
LOAD build/nrf52840/dongle/obj/putchar.o
LOAD build/nrf52840/dongle/obj/puts.o
LOAD build/nrf52840/dongle/obj/snprintf.o
LOAD build/nrf52840/dongle/obj/sprintf.o
LOAD build/nrf52840/dongle/obj/strformat.o
LOAD build/nrf52840/dongle/obj/anti-replay.o
LOAD build/nrf52840/dongle/obj/ccm-star-packetbuf.o
LOAD build/nrf52840/dongle/obj/csma-output.o
LOAD build/nrf52840/dongle/obj/csma-security.o
LOAD build/nrf52840/dongle/obj/csma.o
LOAD build/nrf52840/dongle/obj/ip64-addr.o
LOAD build/nrf52840/dongle/obj/psock.o
LOAD build/nrf52840/dongle/obj/sicslowpan.o
LOAD build/nrf52840/dongle/obj/simple-udp.o
LOAD build/nrf52840/dongle/obj/tcp-socket.o
LOAD build/nrf52840/dongle/obj/tcpip.o
LOAD build/nrf52840/dongle/obj/udp-socket.o
LOAD build/nrf52840/dongle/obj/uip-ds6-nbr.o
LOAD build/nrf52840/dongle/obj/uip-ds6-route.o
LOAD build/nrf52840/dongle/obj/uip-ds6.o
LOAD build/nrf52840/dongle/obj/uip-icmp6.o
LOAD build/nrf52840/dongle/obj/uip-nameserver.o
LOAD build/nrf52840/dongle/obj/uip-nd6.o
LOAD build/nrf52840/dongle/obj/uip-packetqueue.o
LOAD build/nrf52840/dongle/obj/uip-sr.o
LOAD build/nrf52840/dongle/obj/uip-udp-packet.o
LOAD build/nrf52840/dongle/obj/uip6.o
LOAD build/nrf52840/dongle/obj/uipbuf.o
LOAD build/nrf52840/dongle/obj/uiplib.o
LOAD build/nrf52840/dongle/obj/rpl-dag-root.o
LOAD build/nrf52840/dongle/obj/rpl-dag.o
LOAD build/nrf52840/dongle/obj/rpl-ext-header.o
LOAD build/nrf52840/dongle/obj/rpl-icmp6.o
LOAD build/nrf52840/dongle/obj/rpl-mrhof.o
LOAD build/nrf52840/dongle/obj/rpl-nbr-policy.o
LOAD build/nrf52840/dongle/obj/rpl-neighbor.o
LOAD build/nrf52840/dongle/obj/rpl-of0.o
LOAD build/nrf52840/dongle/obj/rpl-timers.o
LOAD build/nrf52840/dongle/obj/rpl.o
LOAD temperature_whitewine.o
START GROUP
END GROUP
START GROUP
LOAD /usr/local/bin/../lib/gcc/arm-none-eabi/10.3.1/thumb/v7e-m+fp/hard/libgcc.a
LOAD /usr/local/bin/../lib/gcc/arm-none-eabi/10.3.1/../../../../arm-none-eabi/lib/thumb/v7e-m+fp/hard/libc_nano.a
END GROUP
START GROUP
LOAD /usr/local/bin/../lib/gcc/arm-none-eabi/10.3.1/thumb/v7e-m+fp/hard/libgcc.a
LOAD /usr/local/bin/../lib/gcc/arm-none-eabi/10.3.1/../../../../arm-none-eabi/lib/thumb/v7e-m+fp/hard/libc_nano.a
END GROUP
LOAD /usr/local/bin/../lib/gcc/arm-none-eabi/10.3.1/thumb/v7e-m+fp/hard/crtend.o
LOAD /usr/local/bin/../lib/gcc/arm-none-eabi/10.3.1/thumb/v7e-m+fp/hard/crtn.o
START GROUP
LOAD /usr/local/bin/../lib/gcc/arm-none-eabi/10.3.1/thumb/v7e-m+fp/hard/libgcc.a
LOAD /usr/local/bin/../lib/gcc/arm-none-eabi/10.3.1/../../../../arm-none-eabi/lib/thumb/v7e-m+fp/hard/libc.a
LOAD /usr/local/bin/../lib/gcc/arm-none-eabi/10.3.1/../../../../arm-none-eabi/lib/thumb/v7e-m+fp/hard/libnosys.a
END GROUP

.text           0x0000000000001000    0x15608
 *(SORT_BY_ALIGNMENT(.isr_vector))
 .isr_vector    0x0000000000001000      0x200 build/nrf52840/dongle/obj/gcc_startup_nrf52840.o
                0x0000000000001000                __isr_vector
 *(SORT_BY_ALIGNMENT(.text*))
 .text          0x0000000000001200       0xa0 /usr/local/bin/../lib/gcc/arm-none-eabi/10.3.1/../../../../arm-none-eabi/lib/thumb/v7e-m+fp/hard/libc_nano.a(lib_a-memchr.o)
                0x0000000000001200                memchr
 .text          0x00000000000012a0       0x40 /usr/local/bin/../lib/gcc/arm-none-eabi/10.3.1/thumb/v7e-m+fp/hard/crtbegin.o
 .text          0x00000000000012e0       0x7c /usr/local/bin/../lib/gcc/arm-none-eabi/10.3.1/../../../../arm-none-eabi/lib/thumb/v7e-m+fp/hard/crt0.o
                0x00000000000012e0                _stack_init
                0x00000000000012e8                _mainCRTStartup
                0x00000000000012e8                _start
 .text.exit     0x000000000000135c       0x28 /usr/local/bin/../lib/gcc/arm-none-eabi/10.3.1/../../../../arm-none-eabi/lib/thumb/v7e-m+fp/hard/libc_nano.a(lib_a-exit.o)
                0x000000000000135c                exit
 .text.__libc_init_array
                0x0000000000001384       0x48 /usr/local/bin/../lib/gcc/arm-none-eabi/10.3.1/../../../../arm-none-eabi/lib/thumb/v7e-m+fp/hard/libc_nano.a(lib_a-init.o)
                0x0000000000001384                __libc_init_array
 .text._exit    0x00000000000013cc        0x4 /usr/local/bin/../lib/gcc/arm-none-eabi/10.3.1/../../../../arm-none-eabi/lib/thumb/v7e-m+fp/hard/libnosys.a(_exit.o)
                0x00000000000013cc                _exit
 .text.platform_init_stage_one
                0x00000000000013d0       0x10 build/nrf52840/dongle/obj/platform.o
                0x00000000000013d0                platform_init_stage_one
 .text.platform_init_stage_two
                0x00000000000013e0       0x68 build/nrf52840/dongle/obj/platform.o
                0x00000000000013e0                platform_init_stage_two
 .text.platform_init_stage_three
                0x0000000000001448        0xc build/nrf52840/dongle/obj/platform.o
                0x0000000000001448                platform_init_stage_three
 .text.platform_idle
                0x0000000000001454       0x24 build/nrf52840/dongle/obj/platform.o
                0x0000000000001454                platform_idle
 .text.configure
                0x0000000000001478       0x14 build/nrf52840/dongle/obj/temperature-sensor.o
 .text.status   0x000000000000148c        0x4 build/nrf52840/dongle/obj/temperature-sensor.o
 .text.value    0x0000000000001490       0x58 build/nrf52840/dongle/obj/temperature-sensor.o
 .text.dbg_send_bytes
                0x00000000000014e8       0x34 build/nrf52840/dongle/obj/dbg.o
                0x00000000000014e8                dbg_send_bytes
 .text.rtc_handler
                0x000000000000151c       0x24 build/nrf52840/dongle/obj/clock.o
 .text.clock_init
                0x0000000000001540       0x60 build/nrf52840/dongle/obj/clock.o
                0x0000000000001540                clock_init
 .text.clock_time
                0x00000000000015a0        0xc build/nrf52840/dongle/obj/clock.o
                0x00000000000015a0                clock_time
 .text.clock_seconds
                0x00000000000015ac        0xc build/nrf52840/dongle/obj/clock.o
                0x00000000000015ac                clock_seconds
 .text.rtimer_arch_init
                0x00000000000015b8       0x64 build/nrf52840/dongle/obj/rtimer-arch.o
                0x00000000000015b8                rtimer_arch_init
 .text.rtimer_arch_schedule
                0x000000000000161c        0xc build/nrf52840/dongle/obj/rtimer-arch.o
                0x000000000000161c                rtimer_arch_schedule
 .text.rtimer_arch_now
                0x0000000000001628       0x10 build/nrf52840/dongle/obj/rtimer-arch.o
                0x0000000000001628                rtimer_arch_now
 .text.TIMER0_IRQHandler
                0x0000000000001638       0x24 build/nrf52840/dongle/obj/rtimer-arch.o
                0x0000000000001638                TIMER0_IRQHandler
 .text.uart0_init
                0x000000000000165c       0x60 build/nrf52840/dongle/obj/uart0.o
                0x000000000000165c                uart0_init
 .text.UARTE0_UART0_IRQHandler
                0x00000000000016bc       0x28 build/nrf52840/dongle/obj/uart0.o
                0x00000000000016bc                UARTE0_UART0_IRQHandler
 .text.wdt_event_handler
                0x00000000000016e4       0x14 build/nrf52840/dongle/obj/watchdog.o
 .text.watchdog_init
                0x00000000000016f8       0x50 build/nrf52840/dongle/obj/watchdog.o
                0x00000000000016f8                watchdog_init
 .text.watchdog_start
                0x0000000000001748       0x10 build/nrf52840/dongle/obj/watchdog.o
                0x0000000000001748                watchdog_start
 .text.watchdog_periodic
                0x0000000000001758       0x18 build/nrf52840/dongle/obj/watchdog.o
                0x0000000000001758                watchdog_periodic
 .text.int_master_read_and_disable
                0x0000000000001770        0x8 build/nrf52840/dongle/obj/int-master.o
                0x0000000000001770                int_master_read_and_disable
 .text.int_master_status_set
                0x0000000000001778        0x8 build/nrf52840/dongle/obj/int-master.o
                0x0000000000001778                int_master_status_set
 .text.pin_event_handler
                0x0000000000001780       0x10 build/nrf52840/dongle/obj/gpio-hal-arch.o
 .text.gpio_hal_arch_init
                0x0000000000001790       0x14 build/nrf52840/dongle/obj/gpio-hal-arch.o
                0x0000000000001790                gpio_hal_arch_init
 .text.gpio_hal_arch_port_pin_cfg_set
                0x00000000000017a4       0x88 build/nrf52840/dongle/obj/gpio-hal-arch.o
                0x00000000000017a4                gpio_hal_arch_port_pin_cfg_set
 .text.gpio_hal_arch_port_read_pin
                0x000000000000182c       0x28 build/nrf52840/dongle/obj/gpio-hal-arch.o
                0x000000000000182c                gpio_hal_arch_port_read_pin
 .text.off      0x0000000000001854       0x10 build/nrf52840/dongle/obj/nrf52840-ieee.o
 .text.get_value
                0x0000000000001864      0x128 build/nrf52840/dongle/obj/nrf52840-ieee.o
 .text.set_object
                0x000000000000198c        0x4 build/nrf52840/dongle/obj/nrf52840-ieee.o
 .text.setup_interrupts
                0x0000000000001990       0x90 build/nrf52840/dongle/obj/nrf52840-ieee.o
 .text.receiving_packet
                0x0000000000001a20       0x60 build/nrf52840/dongle/obj/nrf52840-ieee.o
 .text.pending_packet
                0x0000000000001a80       0x28 build/nrf52840/dongle/obj/nrf52840-ieee.o
 .text.get_object
                0x0000000000001aa8       0x20 build/nrf52840/dongle/obj/nrf52840-ieee.o
 .text.enter_rx
                0x0000000000001ac8       0x80 build/nrf52840/dongle/obj/nrf52840-ieee.o
 .text.read_frame
                0x0000000000001b48       0xe0 build/nrf52840/dongle/obj/nrf52840-ieee.o
 .text.prepare  0x0000000000001c28       0x48 build/nrf52840/dongle/obj/nrf52840-ieee.o
 .text.configure
                0x0000000000001c70       0xa8 build/nrf52840/dongle/obj/nrf52840-ieee.o
 .text.on       0x0000000000001d18       0x28 build/nrf52840/dongle/obj/nrf52840-ieee.o
 .text.init     0x0000000000001d40       0x90 build/nrf52840/dongle/obj/nrf52840-ieee.o
 .text.channel_clear
                0x0000000000001dd0       0x74 build/nrf52840/dongle/obj/nrf52840-ieee.o
 .text.process_thread_nrf52840_ieee_rf_process
                0x0000000000001e44       0x74 build/nrf52840/dongle/obj/nrf52840-ieee.o
 .text.transmit
                0x0000000000001eb8       0xf4 build/nrf52840/dongle/obj/nrf52840-ieee.o
 .text.send     0x0000000000001fac       0x54 build/nrf52840/dongle/obj/nrf52840-ieee.o
 .text.set_value
                0x0000000000002000       0xf8 build/nrf52840/dongle/obj/nrf52840-ieee.o
 .text.RADIO_IRQHandler
                0x00000000000020f8       0x74 build/nrf52840/dongle/obj/nrf52840-ieee.o
                0x00000000000020f8                RADIO_IRQHandler
 .text.cdc_acm_port_ev_handler
                0x000000000000216c       0x94 build/nrf52840/dongle/obj/usb-serial.o
 .text.usbd_user_ev_handler
                0x0000000000002200       0x58 build/nrf52840/dongle/obj/usb-serial.o
 .text.usb_serial_init
                0x0000000000002258       0x3c build/nrf52840/dongle/obj/usb-serial.o
                0x0000000000002258                usb_serial_init
 .text.usb_serial_flush
                0x0000000000002294       0x60 build/nrf52840/dongle/obj/usb-serial.o
                0x0000000000002294                usb_serial_flush
 .text.usb_serial_writeb
                0x00000000000022f4       0x54 build/nrf52840/dongle/obj/usb-serial.o
                0x00000000000022f4                usb_serial_writeb
 .text.dfu_trigger_evt_handler
                0x0000000000002348       0x18 build/nrf52840/dongle/obj/usb-dfu-trigger.o
 .text.dfu_trigger_usb_init
                0x0000000000002360       0x40 build/nrf52840/dongle/obj/usb-dfu-trigger.o
                0x0000000000002360                dfu_trigger_usb_init
 .text.app_error_handler_bare
                0x00000000000023a0       0x20 build/nrf52840/dongle/obj/app_error.o
                0x00000000000023a0                app_error_handler_bare
 .text.app_error_fault_handler
                0x00000000000023c0       0x30 build/nrf52840/dongle/obj/app_error_weak.o
                0x00000000000023c0                app_error_fault_handler
 .text.app_util_critical_region_enter
                0x00000000000023f0       0x10 build/nrf52840/dongle/obj/app_util_platform.o
                0x00000000000023f0                app_util_critical_region_enter
 .text.app_util_critical_region_exit
                0x0000000000002400       0x14 build/nrf52840/dongle/obj/app_util_platform.o
                0x0000000000002400                app_util_critical_region_exit
 .text.nrfx_clock_init
                0x0000000000002414       0x18 build/nrf52840/dongle/obj/nrfx_clock.o
                0x0000000000002414                nrfx_clock_init
 .text.nrfx_clock_enable
                0x000000000000242c       0x2c build/nrf52840/dongle/obj/nrfx_clock.o
                0x000000000000242c                nrfx_clock_enable
 .text.nrfx_clock_lfclk_start
                0x0000000000002458       0x24 build/nrf52840/dongle/obj/nrfx_clock.o
                0x0000000000002458                nrfx_clock_lfclk_start
 .text.nrfx_clock_hfclk_start
                0x000000000000247c       0x20 build/nrf52840/dongle/obj/nrfx_clock.o
                0x000000000000247c                nrfx_clock_hfclk_start
 .text.nrfx_clock_hfclk_stop
                0x000000000000249c       0x24 build/nrf52840/dongle/obj/nrfx_clock.o
                0x000000000000249c                nrfx_clock_hfclk_stop
 .text.nrfx_clock_irq_handler
                0x00000000000024c0       0x70 build/nrf52840/dongle/obj/nrfx_clock.o
                0x00000000000024c0                nrfx_clock_irq_handler
 .text.nrfx_rtc_init
                0x0000000000002530       0x90 build/nrf52840/dongle/obj/nrfx_rtc.o
                0x0000000000002530                nrfx_rtc_init
 .text.nrfx_rtc_enable
                0x00000000000025c0       0x18 build/nrf52840/dongle/obj/nrfx_rtc.o
                0x00000000000025c0                nrfx_rtc_enable
 .text.nrfx_rtc_tick_enable
                0x00000000000025d8       0x2c build/nrf52840/dongle/obj/nrfx_rtc.o
                0x00000000000025d8                nrfx_rtc_tick_enable
 .text.RTC0_IRQHandler
                0x0000000000002604       0xb0 build/nrf52840/dongle/obj/nrfx_rtc.o
                0x0000000000002604                RTC0_IRQHandler
 .text.nrfx_gpiote_init
                0x00000000000026b4       0x90 build/nrf52840/dongle/obj/nrfx_gpiote.o
                0x00000000000026b4                nrfx_gpiote_init
 .text.nrfx_gpiote_is_init
                0x0000000000002744       0x14 build/nrf52840/dongle/obj/nrfx_gpiote.o
                0x0000000000002744                nrfx_gpiote_is_init
 .text.nrfx_gpiote_in_init
                0x0000000000002758      0x120 build/nrf52840/dongle/obj/nrfx_gpiote.o
                0x0000000000002758                nrfx_gpiote_in_init
 .text.nrfx_gpiote_in_event_enable
                0x0000000000002878       0xe0 build/nrf52840/dongle/obj/nrfx_gpiote.o
                0x0000000000002878                nrfx_gpiote_in_event_enable
 .text.nrfx_gpiote_in_event_disable
                0x0000000000002958       0x74 build/nrf52840/dongle/obj/nrfx_gpiote.o
                0x0000000000002958                nrfx_gpiote_in_event_disable
 .text.GPIOTE_IRQHandler
                0x00000000000029cc      0x1f4 build/nrf52840/dongle/obj/nrfx_gpiote.o
                0x00000000000029cc                GPIOTE_IRQHandler
 .text.RNG_IRQHandler
                0x0000000000002bc0       0x28 build/nrf52840/dongle/obj/nrfx_rng.o
                0x0000000000002bc0                RNG_IRQHandler
 .text.WDT_IRQHandler
                0x0000000000002be8       0x2c build/nrf52840/dongle/obj/nrfx_wdt.o
                0x0000000000002be8                WDT_IRQHandler
 .text.nrfx_wdt_init
                0x0000000000002c14       0x58 build/nrf52840/dongle/obj/nrfx_wdt.o
                0x0000000000002c14                nrfx_wdt_init
 .text.nrfx_wdt_enable
                0x0000000000002c6c       0x1c build/nrf52840/dongle/obj/nrfx_wdt.o
                0x0000000000002c6c                nrfx_wdt_enable
 .text.nrfx_wdt_channel_alloc
                0x0000000000002c88       0x4c build/nrf52840/dongle/obj/nrfx_wdt.o
                0x0000000000002c88                nrfx_wdt_channel_alloc
 .text.nrfx_wdt_channel_feed
                0x0000000000002cd4       0x18 build/nrf52840/dongle/obj/nrfx_wdt.o
                0x0000000000002cd4                nrfx_wdt_channel_feed
 .text.nrfx_power_init
                0x0000000000002cec       0x4c build/nrf52840/dongle/obj/nrfx_power.o
                0x0000000000002cec                nrfx_power_init
 .text.nrfx_power_usbevt_init
                0x0000000000002d38        0xc build/nrf52840/dongle/obj/nrfx_power.o
                0x0000000000002d38                nrfx_power_usbevt_init
 .text.nrfx_power_usbevt_enable
                0x0000000000002d44       0x10 build/nrf52840/dongle/obj/nrfx_power.o
                0x0000000000002d44                nrfx_power_usbevt_enable
 .text.nrfx_power_usbevt_disable
                0x0000000000002d54       0x10 build/nrf52840/dongle/obj/nrfx_power.o
                0x0000000000002d54                nrfx_power_usbevt_disable
 .text.nrfx_power_usbevt_uninit
                0x0000000000002d64        0xc build/nrf52840/dongle/obj/nrfx_power.o
                0x0000000000002d64                nrfx_power_usbevt_uninit
 .text.nrfx_power_irq_handler
                0x0000000000002d70      0x100 build/nrf52840/dongle/obj/nrfx_power.o
                0x0000000000002d70                nrfx_power_irq_handler
 .text.POWER_CLOCK_IRQHandler
                0x0000000000002e70       0x10 build/nrf52840/dongle/obj/nrfx_power.o
                0x0000000000002e70                POWER_CLOCK_IRQHandler
 .text.SystemInit
                0x0000000000002e80      0x1b8 build/nrf52840/dongle/obj/system_nrf52840.o
                0x0000000000002e80                SystemInit
 .text.clock_irq_handler
                0x0000000000003038       0x48 build/nrf52840/dongle/obj/nrf_drv_clock.o
 .text.nrf_drv_clock_init
                0x0000000000003080       0x38 build/nrf52840/dongle/obj/nrf_drv_clock.o
                0x0000000000003080                nrf_drv_clock_init
 .text.nrf_drv_clock_lfclk_request
                0x00000000000030b8       0x5c build/nrf52840/dongle/obj/nrf_drv_clock.o
                0x00000000000030b8                nrf_drv_clock_lfclk_request
 .text.nrf_drv_clock_hfclk_request
                0x0000000000003114       0x5c build/nrf52840/dongle/obj/nrf_drv_clock.o
                0x0000000000003114                nrf_drv_clock_hfclk_request
 .text.nrf_drv_clock_hfclk_release
                0x0000000000003170       0x34 build/nrf52840/dongle/obj/nrf_drv_clock.o
                0x0000000000003170                nrf_drv_clock_hfclk_release
 .text.nrf_drv_power_init
                0x00000000000031a4       0x28 build/nrf52840/dongle/obj/nrf_drv_power.o
                0x00000000000031a4                nrf_drv_power_init
 .text.nrf_drv_power_usbevt_init
                0x00000000000031cc       0x20 build/nrf52840/dongle/obj/nrf_drv_power.o
                0x00000000000031cc                nrf_drv_power_usbevt_init
 .text.app_usbd_hfclk_ready
                0x00000000000031ec       0x10 build/nrf52840/dongle/obj/app_usbd.o
 .text.app_usbd_event_handler
                0x00000000000031fc       0x38 build/nrf52840/dongle/obj/app_usbd.o
 .text.app_usbd_power_event_handler
                0x0000000000003234       0x34 build/nrf52840/dongle/obj/app_usbd.o
 .text.app_usbd_class_descriptor_find
                0x0000000000003268       0xc0 build/nrf52840/dongle/obj/app_usbd.o
                0x0000000000003268                app_usbd_class_descriptor_find
 .text.app_usbd_init
                0x0000000000003328      0x118 build/nrf52840/dongle/obj/app_usbd.o
                0x0000000000003328                app_usbd_init
 .text.app_usbd_power_events_enable
                0x0000000000003440       0x30 build/nrf52840/dongle/obj/app_usbd.o
                0x0000000000003440                app_usbd_power_events_enable
 .text.app_usbd_enable
                0x0000000000003470        0x4 build/nrf52840/dongle/obj/app_usbd.o
                0x0000000000003470                app_usbd_enable
 .text.app_usbd_disable
                0x0000000000003474        0x4 build/nrf52840/dongle/obj/app_usbd.o
                0x0000000000003474                app_usbd_disable
 .text.app_usbd_start
                0x0000000000003478       0x28 build/nrf52840/dongle/obj/app_usbd.o
                0x0000000000003478                app_usbd_start
 .text.app_usbd_stop
                0x00000000000034a0       0x1c build/nrf52840/dongle/obj/app_usbd.o
                0x00000000000034a0                app_usbd_stop
 .text.app_usbd_class_append
                0x00000000000034bc       0xf0 build/nrf52840/dongle/obj/app_usbd.o
                0x00000000000034bc                app_usbd_class_append
 .text.app_usbd_class_rwu_enabled_check
                0x00000000000035ac       0x10 build/nrf52840/dongle/obj/app_usbd.o
                0x00000000000035ac                app_usbd_class_rwu_enabled_check
 .text.app_usbd_ep_enable
                0x00000000000035bc       0x28 build/nrf52840/dongle/obj/app_usbd.o
                0x00000000000035bc                app_usbd_ep_enable
 .text.app_usbd_ep_disable
                0x00000000000035e4        0x4 build/nrf52840/dongle/obj/app_usbd.o
                0x00000000000035e4                app_usbd_ep_disable
 .text.app_usbd_class_first_get
                0x00000000000035e8        0xc build/nrf52840/dongle/obj/app_usbd.o
                0x00000000000035e8                app_usbd_class_first_get
 .text.app_usbd_iface_find
                0x00000000000035f4       0x44 build/nrf52840/dongle/obj/app_usbd.o
                0x00000000000035f4                app_usbd_iface_find
 .text.app_usbd_iface_call
                0x0000000000003638        0x8 build/nrf52840/dongle/obj/app_usbd.o
                0x0000000000003638                app_usbd_iface_call
 .text.app_usbd_ep_call
                0x0000000000003640       0x2c build/nrf52840/dongle/obj/app_usbd.o
                0x0000000000003640                app_usbd_ep_call
 .text.app_usbd_all_until_served_call
                0x000000000000366c       0x2c build/nrf52840/dongle/obj/app_usbd.o
                0x000000000000366c                app_usbd_all_until_served_call
 .text.app_usbd_ep_transfer
                0x0000000000003698       0x28 build/nrf52840/dongle/obj/app_usbd.o
                0x0000000000003698                app_usbd_ep_transfer
 .text.app_usbd_ep_handled_transfer
                0x00000000000036c0       0x28 build/nrf52840/dongle/obj/app_usbd.o
                0x00000000000036c0                app_usbd_ep_handled_transfer
 .text.app_usbd_iface_select
                0x00000000000036e8       0x74 build/nrf52840/dongle/obj/app_usbd.o
                0x00000000000036e8                app_usbd_iface_select
 .text.app_usbd_iface_deselect
                0x000000000000375c       0x50 build/nrf52840/dongle/obj/app_usbd.o
                0x000000000000375c                app_usbd_iface_deselect
 .text.app_usbd_event_execute
                0x00000000000037ac      0x69c build/nrf52840/dongle/obj/app_usbd.o
                0x00000000000037ac                app_usbd_event_execute
 .text.app_usbd_iface_selection_get
                0x0000000000003e48        0xc build/nrf52840/dongle/obj/app_usbd.o
                0x0000000000003e48                app_usbd_iface_selection_get
 .text.app_usbd_all_iface_select_0
                0x0000000000003e54       0x30 build/nrf52840/dongle/obj/app_usbd.o
                0x0000000000003e54                app_usbd_all_iface_select_0
 .text.app_usbd_all_iface_deselect
                0x0000000000003e84       0x2c build/nrf52840/dongle/obj/app_usbd.o
                0x0000000000003e84                app_usbd_all_iface_deselect
 .text.cdc_acm_single_shoot_consumer
                0x0000000000003eb0       0x20 build/nrf52840/dongle/obj/app_usbd_cdc_acm.o
 .text.cdc_acm_feed_descriptors
                0x0000000000003ed0      0xbec build/nrf52840/dongle/obj/app_usbd_cdc_acm.o
 .text.cdc_acm_req_out_data_cb
                0x0000000000004abc       0x28 build/nrf52840/dongle/obj/app_usbd_cdc_acm.o
 .text.cdc_acm_consumer
                0x0000000000004ae4       0x38 build/nrf52840/dongle/obj/app_usbd_cdc_acm.o
 .text.cdc_acm_event_handler
                0x0000000000004b1c      0x344 build/nrf52840/dongle/obj/app_usbd_cdc_acm.o
 .text.app_usbd_cdc_acm_write
                0x0000000000004e60       0x4c build/nrf52840/dongle/obj/app_usbd_cdc_acm.o
                0x0000000000004e60                app_usbd_cdc_acm_write
 .text.app_usbd_cdc_acm_rx_size
                0x0000000000004eac        0x8 build/nrf52840/dongle/obj/app_usbd_cdc_acm.o
                0x0000000000004eac                app_usbd_cdc_acm_rx_size
 .text.app_usbd_cdc_acm_read_any
                0x0000000000004eb4       0x98 build/nrf52840/dongle/obj/app_usbd_cdc_acm.o
                0x0000000000004eb4                app_usbd_cdc_acm_read_any
 .text.setup_data_handler_empty
                0x0000000000004f4c        0x4 build/nrf52840/dongle/obj/app_usbd_core.o
 .text.usbd_descriptor_conf_feeder
                0x0000000000004f50      0x128 build/nrf52840/dongle/obj/app_usbd_core.o
 .text.app_usbd_core_ep0_enable
                0x0000000000005078       0x14 build/nrf52840/dongle/obj/app_usbd_core.o
                0x0000000000005078                app_usbd_core_ep0_enable
 .text.app_usbd_core_ep0_disable
                0x000000000000508c       0x14 build/nrf52840/dongle/obj/app_usbd_core.o
                0x000000000000508c                app_usbd_core_ep0_disable
 .text.app_usbd_core_setup_rsp
                0x00000000000050a0       0x88 build/nrf52840/dongle/obj/app_usbd_core.o
                0x00000000000050a0                app_usbd_core_setup_rsp
 .text.app_usbd_core_event_handler
                0x0000000000005128      0x57c build/nrf52840/dongle/obj/app_usbd_core.o
 .text.app_usbd_core_setup_data_handler_set
                0x00000000000056a4       0x28 build/nrf52840/dongle/obj/app_usbd_core.o
                0x00000000000056a4                app_usbd_core_setup_data_handler_set
 .text.app_usbd_core_setup_transfer_buff_get
                0x00000000000056cc       0x10 build/nrf52840/dongle/obj/app_usbd_core.o
                0x00000000000056cc                app_usbd_core_setup_transfer_buff_get
 .text.app_usbd_serial_num_generate
                0x00000000000056dc       0x50 build/nrf52840/dongle/obj/app_usbd_serial_num.o
                0x00000000000056dc                app_usbd_serial_num_generate
 .text.app_usbd_prepare_string.constprop.0
                0x000000000000572c       0x4c build/nrf52840/dongle/obj/app_usbd_string_desc.o
 .text.app_usbd_string_desc_get
                0x0000000000005778       0x24 build/nrf52840/dongle/obj/app_usbd_string_desc.o
                0x0000000000005778                app_usbd_string_desc_get
 .text.nrf_atomic_flag_clear_fetch
                0x000000000000579c       0x18 build/nrf52840/dongle/obj/nrf_atomic.o
                0x000000000000579c                nrf_atomic_flag_clear_fetch
 .text.nrfx_usbd_consumer
                0x00000000000057b4       0x38 build/nrf52840/dongle/obj/nrfx_usbd.o
                0x00000000000057b4                nrfx_usbd_consumer
 .text.nrfx_usbd_feeder_ram
                0x00000000000057ec       0x24 build/nrf52840/dongle/obj/nrfx_usbd.o
                0x00000000000057ec                nrfx_usbd_feeder_ram
 .text.nrfx_usbd_feeder_ram_zlp
                0x0000000000005810       0x28 build/nrf52840/dongle/obj/nrfx_usbd.o
                0x0000000000005810                nrfx_usbd_feeder_ram_zlp
 .text.ev_usbreset_handler
                0x0000000000005838       0x38 build/nrf52840/dongle/obj/nrfx_usbd.o
 .text.ev_started_handler
                0x0000000000005870        0x4 build/nrf52840/dongle/obj/nrfx_usbd.o
 .text.ev_sof_handler
                0x0000000000005874       0x48 build/nrf52840/dongle/obj/nrfx_usbd.o
 .text.ev_usbevent_handler
                0x00000000000058bc       0xa8 build/nrf52840/dongle/obj/nrfx_usbd.o
 .text.nrfx_usbd_feeder_flash
                0x0000000000005964       0x38 build/nrf52840/dongle/obj/nrfx_usbd.o
                0x0000000000005964                nrfx_usbd_feeder_flash
 .text.nrfx_usbd_feeder_flash_zlp
                0x000000000000599c       0x40 build/nrf52840/dongle/obj/nrfx_usbd.o
                0x000000000000599c                nrfx_usbd_feeder_flash_zlp
 .text.usbd_ep_data_handler
                0x00000000000059dc      0x10c build/nrf52840/dongle/obj/nrfx_usbd.o
 .text.ev_setup_data_handler
                0x0000000000005ae8       0x20 build/nrf52840/dongle/obj/nrfx_usbd.o
 .text.ev_dma_epout8_handler
                0x0000000000005b08       0x68 build/nrf52840/dongle/obj/nrfx_usbd.o
 .text.ev_dma_epin8_handler
                0x0000000000005b70       0x74 build/nrf52840/dongle/obj/nrfx_usbd.o
 .text.usbd_dmareq_process.part.0
                0x0000000000005be4      0x2fc build/nrf52840/dongle/obj/nrfx_usbd.o
 .text.ev_epdata_handler
                0x0000000000005ee0       0x98 build/nrf52840/dongle/obj/nrfx_usbd.o
 .text.ev_dma_epout5_handler
                0x0000000000005f78       0x80 build/nrf52840/dongle/obj/nrfx_usbd.o
 .text.ev_dma_epin0_handler
                0x0000000000005ff8       0x48 build/nrf52840/dongle/obj/nrfx_usbd.o
 .text.ev_dma_epin1_handler
                0x0000000000006040       0x48 build/nrf52840/dongle/obj/nrfx_usbd.o
 .text.ev_dma_epin2_handler
                0x0000000000006088       0x48 build/nrf52840/dongle/obj/nrfx_usbd.o
 .text.ev_dma_epin7_handler
                0x00000000000060d0       0x48 build/nrf52840/dongle/obj/nrfx_usbd.o
 .text.ev_dma_epin3_handler
                0x0000000000006118       0x48 build/nrf52840/dongle/obj/nrfx_usbd.o
 .text.ev_dma_epin4_handler
                0x0000000000006160       0x48 build/nrf52840/dongle/obj/nrfx_usbd.o
 .text.ev_dma_epin5_handler
                0x00000000000061a8       0x48 build/nrf52840/dongle/obj/nrfx_usbd.o
 .text.ev_dma_epin6_handler
                0x00000000000061f0       0x48 build/nrf52840/dongle/obj/nrfx_usbd.o
 .text.ev_dma_epout1_handler
                0x0000000000006238       0x7c build/nrf52840/dongle/obj/nrfx_usbd.o
 .text.ev_dma_epout6_handler
                0x00000000000062b4       0x7c build/nrf52840/dongle/obj/nrfx_usbd.o
 .text.ev_dma_epout7_handler
                0x0000000000006330       0x80 build/nrf52840/dongle/obj/nrfx_usbd.o
 .text.ev_dma_epout2_handler
                0x00000000000063b0       0x80 build/nrf52840/dongle/obj/nrfx_usbd.o
 .text.ev_dma_epout3_handler
                0x0000000000006430       0x80 build/nrf52840/dongle/obj/nrfx_usbd.o
 .text.ev_dma_epout4_handler
                0x00000000000064b0       0x80 build/nrf52840/dongle/obj/nrfx_usbd.o
 .text.nrfx_usbd_init
                0x0000000000006530       0x7c build/nrf52840/dongle/obj/nrfx_usbd.o
                0x0000000000006530                nrfx_usbd_init
 .text.nrfx_usbd_uninit
                0x00000000000065ac       0x14 build/nrf52840/dongle/obj/nrfx_usbd.o
                0x00000000000065ac                nrfx_usbd_uninit
 .text.nrfx_usbd_enable
                0x00000000000065c0      0x1cc build/nrf52840/dongle/obj/nrfx_usbd.o
                0x00000000000065c0                nrfx_usbd_enable
 .text.nrfx_usbd_start
                0x000000000000678c       0x60 build/nrf52840/dongle/obj/nrfx_usbd.o
                0x000000000000678c                nrfx_usbd_start
 .text.nrfx_usbd_is_initialized
                0x00000000000067ec       0x10 build/nrf52840/dongle/obj/nrfx_usbd.o
                0x00000000000067ec                nrfx_usbd_is_initialized
 .text.nrfx_usbd_is_enabled
                0x00000000000067fc       0x14 build/nrf52840/dongle/obj/nrfx_usbd.o
                0x00000000000067fc                nrfx_usbd_is_enabled
 .text.nrfx_usbd_wakeup_req
                0x0000000000006810       0x74 build/nrf52840/dongle/obj/nrfx_usbd.o
                0x0000000000006810                nrfx_usbd_wakeup_req
 .text.nrfx_usbd_suspend_irq_config
                0x0000000000006884       0x14 build/nrf52840/dongle/obj/nrfx_usbd.o
                0x0000000000006884                nrfx_usbd_suspend_irq_config
 .text.nrfx_usbd_active_irq_config
                0x0000000000006898       0x14 build/nrf52840/dongle/obj/nrfx_usbd.o
                0x0000000000006898                nrfx_usbd_active_irq_config
 .text.nrfx_usbd_force_bus_wakeup
                0x00000000000068ac        0xc build/nrf52840/dongle/obj/nrfx_usbd.o
                0x00000000000068ac                nrfx_usbd_force_bus_wakeup
 .text.nrfx_usbd_ep_max_packet_size_get
                0x00000000000068b8       0x20 build/nrf52840/dongle/obj/nrfx_usbd.o
                0x00000000000068b8                nrfx_usbd_ep_max_packet_size_get
 .text.nrfx_usbd_ep_enable_check
                0x00000000000068d8       0x20 build/nrf52840/dongle/obj/nrfx_usbd.o
                0x00000000000068d8                nrfx_usbd_ep_enable_check
 .text.nrfx_usbd_ep_transfer
                0x00000000000068f8      0x120 build/nrf52840/dongle/obj/nrfx_usbd.o
                0x00000000000068f8                nrfx_usbd_ep_transfer
 .text.nrfx_usbd_ep_handled_transfer
                0x0000000000006a18       0xac build/nrf52840/dongle/obj/nrfx_usbd.o
                0x0000000000006a18                nrfx_usbd_ep_handled_transfer
 .text.nrfx_usbd_feeder_buffer_get
                0x0000000000006ac4        0x8 build/nrf52840/dongle/obj/nrfx_usbd.o
                0x0000000000006ac4                nrfx_usbd_feeder_buffer_get
 .text.nrfx_usbd_ep_stall
                0x0000000000006acc       0x18 build/nrf52840/dongle/obj/nrfx_usbd.o
                0x0000000000006acc                nrfx_usbd_ep_stall
 .text.nrfx_usbd_ep_stall_check
                0x0000000000006ae4       0x44 build/nrf52840/dongle/obj/nrfx_usbd.o
                0x0000000000006ae4                nrfx_usbd_ep_stall_check
 .text.nrfx_usbd_ep_dtoggle_clear
                0x0000000000006b28       0x20 build/nrf52840/dongle/obj/nrfx_usbd.o
                0x0000000000006b28                nrfx_usbd_ep_dtoggle_clear
 .text.nrfx_usbd_setup_get
                0x0000000000006b48       0x4c build/nrf52840/dongle/obj/nrfx_usbd.o
                0x0000000000006b48                nrfx_usbd_setup_get
 .text.nrfx_usbd_setup_data_clear
                0x0000000000006b94       0x4c build/nrf52840/dongle/obj/nrfx_usbd.o
                0x0000000000006b94                nrfx_usbd_setup_data_clear
 .text.ev_dma_epout0_handler
                0x0000000000006be0       0x74 build/nrf52840/dongle/obj/nrfx_usbd.o
 .text.nrfx_usbd_setup_clear
                0x0000000000006c54       0x14 build/nrf52840/dongle/obj/nrfx_usbd.o
                0x0000000000006c54                nrfx_usbd_setup_clear
 .text.nrfx_usbd_setup_stall
                0x0000000000006c68       0x14 build/nrf52840/dongle/obj/nrfx_usbd.o
                0x0000000000006c68                nrfx_usbd_setup_stall
 .text.nrfx_usbd_last_setup_dir_get
                0x0000000000006c7c        0xc build/nrf52840/dongle/obj/nrfx_usbd.o
                0x0000000000006c7c                nrfx_usbd_last_setup_dir_get
 .text.nrfx_usbd_transfer_out_drop
                0x0000000000006c88       0xac build/nrf52840/dongle/obj/nrfx_usbd.o
                0x0000000000006c88                nrfx_usbd_transfer_out_drop
 .text.usbd_ep_abort
                0x0000000000006d34      0x118 build/nrf52840/dongle/obj/nrfx_usbd.o
 .text.nrfx_usbd_ep_abort
                0x0000000000006e4c        0x4 build/nrf52840/dongle/obj/nrfx_usbd.o
                0x0000000000006e4c                nrfx_usbd_ep_abort
 .text.ev_setup_handler
                0x0000000000006e50       0x84 build/nrf52840/dongle/obj/nrfx_usbd.o
 .text.USBD_IRQHandler
                0x0000000000006ed4      0x238 build/nrf52840/dongle/obj/nrfx_usbd.o
                0x0000000000006ed4                USBD_IRQHandler
 .text.usbd_ep_abort_all
                0x000000000000710c       0x78 build/nrf52840/dongle/obj/nrfx_usbd.o
 .text.nrfx_usbd_stop
                0x0000000000007184       0x44 build/nrf52840/dongle/obj/nrfx_usbd.o
                0x0000000000007184                nrfx_usbd_stop
 .text.nrfx_usbd_suspend
                0x00000000000071c8       0x54 build/nrf52840/dongle/obj/nrfx_usbd.o
                0x00000000000071c8                nrfx_usbd_suspend
 .text.nrfx_usbd_disable
                0x000000000000721c       0x80 build/nrf52840/dongle/obj/nrfx_usbd.o
                0x000000000000721c                nrfx_usbd_disable
 .text.nrfx_usbd_ep_disable
                0x000000000000729c       0x64 build/nrf52840/dongle/obj/nrfx_usbd.o
                0x000000000000729c                nrfx_usbd_ep_disable
 .text.nrfx_usbd_ep_enable
                0x0000000000007300       0xb0 build/nrf52840/dongle/obj/nrfx_usbd.o
                0x0000000000007300                nrfx_usbd_ep_enable
 .text.nrfx_usbd_ep_stall_clear
                0x00000000000073b0       0x3c build/nrf52840/dongle/obj/nrfx_usbd.o
                0x00000000000073b0                nrfx_usbd_ep_stall_clear
 .text.nrfx_systick_delay_us
                0x00000000000073ec       0x2c build/nrf52840/dongle/obj/nrfx_systick.o
                0x00000000000073ec                nrfx_systick_delay_us
 .text.nrfx_atomic_u32_fetch_and
                0x0000000000007418       0x18 build/nrf52840/dongle/obj/nrfx_atomic.o
                0x0000000000007418                nrfx_atomic_u32_fetch_and
 .text.nrf_dfu_trigger_feed_descriptors
                0x0000000000007430      0x4c0 build/nrf52840/dongle/obj/app_usbd_nrf_dfu_trigger.o
 .text.nrf_dfu_trigger_event_handler
                0x00000000000078f0       0xc4 build/nrf52840/dongle/obj/app_usbd_nrf_dfu_trigger.o
 .text          0x00000000000079b4       0x3c build/nrf52840/dongle/obj/gcc_startup_nrf52840.o
                0x00000000000079b4                Reset_Handler
                0x00000000000079dc                NMI_Handler
                0x00000000000079de                HardFault_Handler
                0x00000000000079e0                MemoryManagement_Handler
                0x00000000000079e2                BusFault_Handler
                0x00000000000079e4                UsageFault_Handler
                0x00000000000079e6                SVC_Handler
                0x00000000000079e8                DebugMon_Handler
                0x00000000000079ea                PendSV_Handler
                0x00000000000079ec                SysTick_Handler
                0x00000000000079ee                TIMER2_IRQHandler
                0x00000000000079ee                SWI0_EGU0_IRQHandler
                0x00000000000079ee                SWI2_EGU2_IRQHandler
                0x00000000000079ee                PWM1_IRQHandler
                0x00000000000079ee                PDM_IRQHandler
                0x00000000000079ee                TEMP_IRQHandler
                0x00000000000079ee                QDEC_IRQHandler
                0x00000000000079ee                TIMER3_IRQHandler
                0x00000000000079ee                PWM3_IRQHandler
                0x00000000000079ee                FPU_IRQHandler
                0x00000000000079ee                SPIM0_SPIS0_TWIM0_TWIS0_SPI0_TWI0_IRQHandler
                0x00000000000079ee                TIMER4_IRQHandler
                0x00000000000079ee                CRYPTOCELL_IRQHandler
                0x00000000000079ee                I2S_IRQHandler
                0x00000000000079ee                SWI4_EGU4_IRQHandler
                0x00000000000079ee                UARTE1_IRQHandler
                0x00000000000079ee                TIMER1_IRQHandler
                0x00000000000079ee                SPIM3_IRQHandler
                0x00000000000079ee                PWM2_IRQHandler
                0x00000000000079ee                ECB_IRQHandler
                0x00000000000079ee                SPIM1_SPIS1_TWIM1_TWIS1_SPI1_TWI1_IRQHandler
                0x00000000000079ee                Default_Handler
                0x00000000000079ee                SAADC_IRQHandler
                0x00000000000079ee                CCM_AAR_IRQHandler
                0x00000000000079ee                SWI5_EGU5_IRQHandler
                0x00000000000079ee                RTC2_IRQHandler
                0x00000000000079ee                PWM0_IRQHandler
                0x00000000000079ee                SWI3_EGU3_IRQHandler
                0x00000000000079ee                RTC1_IRQHandler
                0x00000000000079ee                SWI1_EGU1_IRQHandler
                0x00000000000079ee                SPIM2_SPIS2_SPI2_IRQHandler
                0x00000000000079ee                NFCT_IRQHandler
                0x00000000000079ee                MWU_IRQHandler
                0x00000000000079ee                QSPI_IRQHandler
                0x00000000000079ee                COMP_LPCOMP_IRQHandler
 .text.send_out_buffer
                0x00000000000079f0       0x24 build/nrf52840/dongle/obj/mqtt.o
 .text.keep_alive_callback
                0x0000000000007a14       0x40 build/nrf52840/dongle/obj/mqtt.o
 .text.mqtt_init.part.0
                0x0000000000007a54       0xb0 build/nrf52840/dongle/obj/mqtt.o
 .text.connect_tcp
                0x0000000000007b04       0x70 build/nrf52840/dongle/obj/mqtt.o
 .text.write_bytes
                0x0000000000007b74       0x68 build/nrf52840/dongle/obj/mqtt.o
 .text.write_byte
                0x0000000000007bdc       0x40 build/nrf52840/dongle/obj/mqtt.o
 .text.tcp_event
                0x0000000000007c1c       0xd4 build/nrf52840/dongle/obj/mqtt.o
 .text.process_thread_mqtt_process
                0x0000000000007cf0     0x18b0 build/nrf52840/dongle/obj/mqtt.o
 .text.mqtt_decode_var_byte_int
                0x00000000000095a0       0x64 build/nrf52840/dongle/obj/mqtt.o
                0x00000000000095a0                mqtt_decode_var_byte_int
 .text.tcp_input
                0x0000000000009604      0x448 build/nrf52840/dongle/obj/mqtt.o
 .text.mqtt_register
                0x0000000000009a4c       0x8c build/nrf52840/dongle/obj/mqtt.o
                0x0000000000009a4c                mqtt_register
 .text.mqtt_connect
                0x0000000000009ad8       0x84 build/nrf52840/dongle/obj/mqtt.o
                0x0000000000009ad8                mqtt_connect
 .text.mqtt_subscribe
                0x0000000000009b5c       0x70 build/nrf52840/dongle/obj/mqtt.o
                0x0000000000009b5c                mqtt_subscribe
 .text.mqtt_publish
                0x0000000000009bcc       0x94 build/nrf52840/dongle/obj/mqtt.o
                0x0000000000009bcc                mqtt_publish
 .text.startup.main
                0x0000000000009c60      0x1f4 build/nrf52840/dongle/obj/contiki-main.o
                0x0000000000009c60                main
 .text.autostart_start
                0x0000000000009e54       0x18 build/nrf52840/dongle/obj/autostart.o
                0x0000000000009e54                autostart_start
 .text.process_thread_ctimer_process
                0x0000000000009e6c       0x94 build/nrf52840/dongle/obj/ctimer.o
 .text.ctimer_init
                0x0000000000009f00       0x28 build/nrf52840/dongle/obj/ctimer.o
                0x0000000000009f00                ctimer_init
 .text.ctimer_set
                0x0000000000009f28       0x4c build/nrf52840/dongle/obj/ctimer.o
                0x0000000000009f28                ctimer_set
 .text.ctimer_reset
                0x0000000000009f74       0x44 build/nrf52840/dongle/obj/ctimer.o
                0x0000000000009f74                ctimer_reset
 .text.ctimer_restart
                0x0000000000009fb8       0x44 build/nrf52840/dongle/obj/ctimer.o
                0x0000000000009fb8                ctimer_restart
 .text.ctimer_stop
                0x0000000000009ffc       0x34 build/nrf52840/dongle/obj/ctimer.o
                0x0000000000009ffc                ctimer_stop
 .text.ctimer_expired
                0x000000000000a030       0x3c build/nrf52840/dongle/obj/ctimer.o
                0x000000000000a030                ctimer_expired
 .text.energest_init
                0x000000000000a06c        0x4 build/nrf52840/dongle/obj/energest.o
                0x000000000000a06c                energest_init
 .text.update_time.part.0
                0x000000000000a070       0x3c build/nrf52840/dongle/obj/etimer.o
 .text.process_thread_etimer_process
                0x000000000000a0ac       0xd4 build/nrf52840/dongle/obj/etimer.o
 .text.add_timer
                0x000000000000a180       0x54 build/nrf52840/dongle/obj/etimer.o
 .text.etimer_request_poll
                0x000000000000a1d4        0xc build/nrf52840/dongle/obj/etimer.o
                0x000000000000a1d4                etimer_request_poll
 .text.etimer_set
                0x000000000000a1e0       0x14 build/nrf52840/dongle/obj/etimer.o
                0x000000000000a1e0                etimer_set
 .text.etimer_reset
                0x000000000000a1f4       0x14 build/nrf52840/dongle/obj/etimer.o
                0x000000000000a1f4                etimer_reset
 .text.etimer_restart
                0x000000000000a208       0x14 build/nrf52840/dongle/obj/etimer.o
                0x000000000000a208                etimer_restart
 .text.etimer_expired
                0x000000000000a21c        0xc build/nrf52840/dongle/obj/etimer.o
                0x000000000000a21c                etimer_expired
 .text.etimer_pending
                0x000000000000a228       0x10 build/nrf52840/dongle/obj/etimer.o
                0x000000000000a228                etimer_pending
 .text.etimer_stop
                0x000000000000a238       0x54 build/nrf52840/dongle/obj/etimer.o
                0x000000000000a238                etimer_stop
 .text.log_6addr
                0x000000000000a28c       0x20 build/nrf52840/dongle/obj/log.o
                0x000000000000a28c                log_6addr
 .text.log_lladdr
                0x000000000000a2ac       0x60 build/nrf52840/dongle/obj/log.o
                0x000000000000a2ac                log_lladdr
 .text.node_id_init
                0x000000000000a30c       0x18 build/nrf52840/dongle/obj/node-id.o
                0x000000000000a30c                node_id_init
 .text.exit_process
                0x000000000000a324       0xd8 build/nrf52840/dongle/obj/process.o
 .text.call_process.part.0
                0x000000000000a3fc       0x38 build/nrf52840/dongle/obj/process.o
 .text.do_poll  0x000000000000a434       0x5c build/nrf52840/dongle/obj/process.o
 .text.process_alloc_event
                0x000000000000a490       0x10 build/nrf52840/dongle/obj/process.o
                0x000000000000a490                process_alloc_event
 .text.process_start
                0x000000000000a4a0       0x64 build/nrf52840/dongle/obj/process.o
                0x000000000000a4a0                process_start
 .text.process_init
                0x000000000000a504       0x38 build/nrf52840/dongle/obj/process.o
                0x000000000000a504                process_init
 .text.process_run
                0x000000000000a53c       0xd4 build/nrf52840/dongle/obj/process.o
                0x000000000000a53c                process_run
 .text.process_nevents
                0x000000000000a610       0x14 build/nrf52840/dongle/obj/process.o
                0x000000000000a610                process_nevents
 .text.process_post
                0x000000000000a624       0x4c build/nrf52840/dongle/obj/process.o
                0x000000000000a624                process_post
 .text.process_post_synch
                0x000000000000a670       0x18 build/nrf52840/dongle/obj/process.o
                0x000000000000a670                process_post_synch
 .text.process_poll
                0x000000000000a688       0x1c build/nrf52840/dongle/obj/process.o
                0x000000000000a688                process_poll
 .text.rtimer_init
                0x000000000000a6a4        0x4 build/nrf52840/dongle/obj/rtimer.o
                0x000000000000a6a4                rtimer_init
 .text.rtimer_run_next
                0x000000000000a6a8       0x28 build/nrf52840/dongle/obj/rtimer.o
                0x000000000000a6a8                rtimer_run_next
 .text.stack_check_init
                0x000000000000a6d0       0x28 build/nrf52840/dongle/obj/stack-check.o
                0x000000000000a6d0                stack_check_init
 .text.stack_check_get_usage
                0x000000000000a6f8       0x54 build/nrf52840/dongle/obj/stack-check.o
                0x000000000000a6f8                stack_check_get_usage
 .text.process_thread_stack_check_process
                0x000000000000a74c       0xb0 build/nrf52840/dongle/obj/stack-check.o
 .text.stimer_set
                0x000000000000a7fc       0x10 build/nrf52840/dongle/obj/stimer.o
                0x000000000000a7fc                stimer_set
 .text.stimer_expired
                0x000000000000a80c       0x20 build/nrf52840/dongle/obj/stimer.o
                0x000000000000a80c                stimer_expired
 .text.timer_set
                0x000000000000a82c       0x10 build/nrf52840/dongle/obj/timer.o
                0x000000000000a82c                timer_set
 .text.timer_reset
                0x000000000000a83c       0x1c build/nrf52840/dongle/obj/timer.o
                0x000000000000a83c                timer_reset
 .text.timer_restart
                0x000000000000a858        0xc build/nrf52840/dongle/obj/timer.o
                0x000000000000a858                timer_restart
 .text.timer_expired
                0x000000000000a864       0x1c build/nrf52840/dongle/obj/timer.o
                0x000000000000a864                timer_expired
 .text.list_init
                0x000000000000a880        0x8 build/nrf52840/dongle/obj/list.o
                0x000000000000a880                list_init
 .text.list_head
                0x000000000000a888        0x4 build/nrf52840/dongle/obj/list.o
                0x000000000000a888                list_head
 .text.list_add
                0x000000000000a88c       0x5c build/nrf52840/dongle/obj/list.o
                0x000000000000a88c                list_add
 .text.list_push
                0x000000000000a8e8       0x3c build/nrf52840/dongle/obj/list.o
                0x000000000000a8e8                list_push
 .text.list_remove
                0x000000000000a924       0x34 build/nrf52840/dongle/obj/list.o
                0x000000000000a924                list_remove
 .text.list_length
                0x000000000000a958       0x14 build/nrf52840/dongle/obj/list.o
                0x000000000000a958                list_length
 .text.list_item_next
                0x000000000000a96c        0x8 build/nrf52840/dongle/obj/list.o
                0x000000000000a96c                list_item_next
 .text.memb_init
                0x000000000000a974       0x24 build/nrf52840/dongle/obj/memb.o
                0x000000000000a974                memb_init
 .text.memb_alloc
                0x000000000000a998       0x38 build/nrf52840/dongle/obj/memb.o
                0x000000000000a998                memb_alloc
 .text.memb_free
                0x000000000000a9d0       0x40 build/nrf52840/dongle/obj/memb.o
                0x000000000000a9d0                memb_free
 .text.memb_inmemb
                0x000000000000aa10       0x1c build/nrf52840/dongle/obj/memb.o
                0x000000000000aa10                memb_inmemb
 .text.memb_numfree
                0x000000000000aa2c       0x1c build/nrf52840/dongle/obj/memb.o
                0x000000000000aa2c                memb_numfree
 .text.random_rand
                0x000000000000aa48        0xc build/nrf52840/dongle/obj/random.o
                0x000000000000aa48                random_rand
 .text.random_init
                0x000000000000aa54       0x40 build/nrf52840/dongle/obj/random.o
                0x000000000000aa54                random_init
 .text.ringbuf_init
                0x000000000000aa94       0x10 build/nrf52840/dongle/obj/ringbuf.o
                0x000000000000aa94                ringbuf_init
 .text.ringbuf_get
                0x000000000000aaa4       0x28 build/nrf52840/dongle/obj/ringbuf.o
                0x000000000000aaa4                ringbuf_get
 .text.process_thread_sensors_process
                0x000000000000aacc       0xf4 build/nrf52840/dongle/obj/sensors.o
 .text.duration_exceeded_callback
                0x000000000000abc0       0x34 build/nrf52840/dongle/obj/button-hal.o
 .text.process_thread_button_hal_process
                0x000000000000abf4       0xa4 build/nrf52840/dongle/obj/button-hal.o
 .text.press_release_handler
                0x000000000000ac98       0x34 build/nrf52840/dongle/obj/button-hal.o
 .text.debounce_handler
                0x000000000000accc       0x78 build/nrf52840/dongle/obj/button-hal.o
 .text.button_hal_get_by_index
                0x000000000000ad44       0x1c build/nrf52840/dongle/obj/button-hal.o
                0x000000000000ad44                button_hal_get_by_index
 .text.button_hal_init
                0x000000000000ad60       0xe8 build/nrf52840/dongle/obj/button-hal.o
                0x000000000000ad60                button_hal_init
 .text.gpio_hal_register_handler
                0x000000000000ae48        0xc build/nrf52840/dongle/obj/gpio-hal.o
                0x000000000000ae48                gpio_hal_register_handler
 .text.gpio_hal_event_handler
                0x000000000000ae54       0x3c build/nrf52840/dongle/obj/gpio-hal.o
                0x000000000000ae54                gpio_hal_event_handler
 .text.gpio_hal_init
                0x000000000000ae90       0x14 build/nrf52840/dongle/obj/gpio-hal.o
                0x000000000000ae90                gpio_hal_init
 .text.leds_off
                0x000000000000aea4       0x78 build/nrf52840/dongle/obj/leds.o
                0x000000000000aea4                leds_off
 .text.leds_init
                0x000000000000af1c       0x48 build/nrf52840/dongle/obj/leds.o
                0x000000000000af1c                leds_init
 .text.process_thread_serial_line_process
                0x000000000000af64       0xa8 build/nrf52840/dongle/obj/serial-line.o
 .text.serial_line_init
                0x000000000000b00c       0x24 build/nrf52840/dongle/obj/serial-line.o
                0x000000000000b00c                serial_line_init
 .text.periodic
                0x000000000000b030       0x30 build/nrf52840/dongle/obj/link-stats.o
 .text.link_stats_from_lladdr
                0x000000000000b060        0xc build/nrf52840/dongle/obj/link-stats.o
                0x000000000000b060                link_stats_from_lladdr
 .text.link_stats_is_fresh
                0x000000000000b06c       0x28 build/nrf52840/dongle/obj/link-stats.o
                0x000000000000b06c                link_stats_is_fresh
 .text.link_stats_packet_sent
                0x000000000000b094       0xf4 build/nrf52840/dongle/obj/link-stats.o
                0x000000000000b094                link_stats_packet_sent
 .text.link_stats_input_callback
                0x000000000000b188       0x88 build/nrf52840/dongle/obj/link-stats.o
                0x000000000000b188                link_stats_input_callback
 .text.link_stats_reset
                0x000000000000b210       0x2c build/nrf52840/dongle/obj/link-stats.o
                0x000000000000b210                link_stats_reset
 .text.link_stats_init
                0x000000000000b23c       0x28 build/nrf52840/dongle/obj/link-stats.o
                0x000000000000b23c                link_stats_init
 .text.linkaddr_copy
                0x000000000000b264        0x8 build/nrf52840/dongle/obj/linkaddr.o
                0x000000000000b264                linkaddr_copy
 .text.linkaddr_cmp
                0x000000000000b26c       0x10 build/nrf52840/dongle/obj/linkaddr.o
                0x000000000000b26c                linkaddr_cmp
 .text.index_from_lladdr
                0x000000000000b27c       0x54 build/nrf52840/dongle/obj/nbr-table.o
 .text.select_for_removal.constprop.0
                0x000000000000b2d0       0x74 build/nrf52840/dongle/obj/nbr-table.o
 .text.remove_key
                0x000000000000b344       0xac build/nrf52840/dongle/obj/nbr-table.o
 .text.nbr_table_register
                0x000000000000b3f0       0x44 build/nrf52840/dongle/obj/nbr-table.o
                0x000000000000b3f0                nbr_table_register
 .text.nbr_table_next
                0x000000000000b434       0x70 build/nrf52840/dongle/obj/nbr-table.o
                0x000000000000b434                nbr_table_next
 .text.nbr_table_head
                0x000000000000b4a4       0x58 build/nrf52840/dongle/obj/nbr-table.o
                0x000000000000b4a4                nbr_table_head
 .text.nbr_table_add_lladdr
                0x000000000000b4fc      0x124 build/nrf52840/dongle/obj/nbr-table.o
                0x000000000000b4fc                nbr_table_add_lladdr
 .text.nbr_table_get_from_lladdr
                0x000000000000b620       0x38 build/nrf52840/dongle/obj/nbr-table.o
                0x000000000000b620                nbr_table_get_from_lladdr
 .text.nbr_table_remove
                0x000000000000b658       0x60 build/nrf52840/dongle/obj/nbr-table.o
                0x000000000000b658                nbr_table_remove
 .text.nbr_table_lock
                0x000000000000b6b8       0x30 build/nrf52840/dongle/obj/nbr-table.o
                0x000000000000b6b8                nbr_table_lock
 .text.nbr_table_unlock
                0x000000000000b6e8       0x38 build/nrf52840/dongle/obj/nbr-table.o
                0x000000000000b6e8                nbr_table_unlock
 .text.nbr_table_get_lladdr
                0x000000000000b720       0x2c build/nrf52840/dongle/obj/nbr-table.o
                0x000000000000b720                nbr_table_get_lladdr
 .text.netstack_process_ip_callback
                0x000000000000b74c       0x40 build/nrf52840/dongle/obj/netstack.o
                0x000000000000b74c                netstack_process_ip_callback
 .text.netstack_init
                0x000000000000b78c       0x24 build/nrf52840/dongle/obj/netstack.o
                0x000000000000b78c                netstack_init
 .text.packetbuf_clear
                0x000000000000b7b0       0x4c build/nrf52840/dongle/obj/packetbuf.o
                0x000000000000b7b0                packetbuf_clear
 .text.packetbuf_copyfrom
                0x000000000000b7fc       0x70 build/nrf52840/dongle/obj/packetbuf.o
                0x000000000000b7fc                packetbuf_copyfrom
 .text.packetbuf_copyto
                0x000000000000b86c       0x4c build/nrf52840/dongle/obj/packetbuf.o
                0x000000000000b86c                packetbuf_copyto
 .text.packetbuf_hdralloc
                0x000000000000b8b8       0x60 build/nrf52840/dongle/obj/packetbuf.o
                0x000000000000b8b8                packetbuf_hdralloc
 .text.packetbuf_hdrreduce
                0x000000000000b918       0x28 build/nrf52840/dongle/obj/packetbuf.o
                0x000000000000b918                packetbuf_hdrreduce
 .text.packetbuf_set_datalen
                0x000000000000b940        0xc build/nrf52840/dongle/obj/packetbuf.o
                0x000000000000b940                packetbuf_set_datalen
 .text.packetbuf_dataptr
                0x000000000000b94c       0x20 build/nrf52840/dongle/obj/packetbuf.o
                0x000000000000b94c                packetbuf_dataptr
 .text.packetbuf_hdrptr
                0x000000000000b96c        0x8 build/nrf52840/dongle/obj/packetbuf.o
                0x000000000000b96c                packetbuf_hdrptr
 .text.packetbuf_datalen
                0x000000000000b974        0xc build/nrf52840/dongle/obj/packetbuf.o
                0x000000000000b974                packetbuf_datalen
 .text.packetbuf_totlen
                0x000000000000b980       0x24 build/nrf52840/dongle/obj/packetbuf.o
                0x000000000000b980                packetbuf_totlen
 .text.packetbuf_attr_copyto
                0x000000000000b9a4       0x24 build/nrf52840/dongle/obj/packetbuf.o
                0x000000000000b9a4                packetbuf_attr_copyto
 .text.packetbuf_attr_copyfrom
                0x000000000000b9c8       0x24 build/nrf52840/dongle/obj/packetbuf.o
                0x000000000000b9c8                packetbuf_attr_copyfrom
 .text.packetbuf_set_attr
                0x000000000000b9ec       0x10 build/nrf52840/dongle/obj/packetbuf.o
                0x000000000000b9ec                packetbuf_set_attr
 .text.packetbuf_attr
                0x000000000000b9fc        0xc build/nrf52840/dongle/obj/packetbuf.o
                0x000000000000b9fc                packetbuf_attr
 .text.packetbuf_set_addr
                0x000000000000ba08       0x18 build/nrf52840/dongle/obj/packetbuf.o
                0x000000000000ba08                packetbuf_set_addr
 .text.packetbuf_addr
                0x000000000000ba20       0x10 build/nrf52840/dongle/obj/packetbuf.o
                0x000000000000ba20                packetbuf_addr
 .text.packetbuf_holds_broadcast
                0x000000000000ba30       0x10 build/nrf52840/dongle/obj/packetbuf.o
                0x000000000000ba30                packetbuf_holds_broadcast
 .text.queuebuf_init
                0x000000000000ba40       0x1c build/nrf52840/dongle/obj/queuebuf.o
                0x000000000000ba40                queuebuf_init
 .text.queuebuf_numfree
                0x000000000000ba5c        0xc build/nrf52840/dongle/obj/queuebuf.o
                0x000000000000ba5c                queuebuf_numfree
 .text.queuebuf_new_from_packetbuf
                0x000000000000ba68       0x44 build/nrf52840/dongle/obj/queuebuf.o
                0x000000000000ba68                queuebuf_new_from_packetbuf
 .text.queuebuf_update_attr_from_packetbuf
                0x000000000000baac        0xc build/nrf52840/dongle/obj/queuebuf.o
                0x000000000000baac                queuebuf_update_attr_from_packetbuf
 .text.queuebuf_free
                0x000000000000bab8       0x2c build/nrf52840/dongle/obj/queuebuf.o
                0x000000000000bab8                queuebuf_free
 .text.queuebuf_to_packetbuf
                0x000000000000bae4       0x30 build/nrf52840/dongle/obj/queuebuf.o
                0x000000000000bae4                queuebuf_to_packetbuf
 .text.mac_sequence_is_duplicate
                0x000000000000bb14       0x4c build/nrf52840/dongle/obj/mac-sequence.o
                0x000000000000bb14                mac_sequence_is_duplicate
 .text.mac_sequence_register_seqno
                0x000000000000bb60       0x64 build/nrf52840/dongle/obj/mac-sequence.o
                0x000000000000bb60                mac_sequence_register_seqno
 .text.mac_call_sent_callback
                0x000000000000bbc4       0x10 build/nrf52840/dongle/obj/mac.o
                0x000000000000bbc4                mac_call_sent_callback
 .text.frame802154_get_pan_id
                0x000000000000bbd4        0xc build/nrf52840/dongle/obj/frame802154.o
                0x000000000000bbd4                frame802154_get_pan_id
 .text.frame802154_has_panid
                0x000000000000bbe0       0xdc build/nrf52840/dongle/obj/frame802154.o
                0x000000000000bbe0                frame802154_has_panid
 .text.field_len
                0x000000000000bcbc       0x8c build/nrf52840/dongle/obj/frame802154.o
 .text.frame802154_is_broadcast_addr
                0x000000000000bd48       0x24 build/nrf52840/dongle/obj/frame802154.o
                0x000000000000bd48                frame802154_is_broadcast_addr
 .text.frame802154_hdrlen
                0x000000000000bd6c       0x34 build/nrf52840/dongle/obj/frame802154.o
                0x000000000000bd6c                frame802154_hdrlen
 .text.frame802154_create_fcf
                0x000000000000bda0       0x6c build/nrf52840/dongle/obj/frame802154.o
                0x000000000000bda0                frame802154_create_fcf
 .text.frame802154_create
                0x000000000000be0c       0xb0 build/nrf52840/dongle/obj/frame802154.o
                0x000000000000be0c                frame802154_create
 .text.frame802154_parse_fcf
                0x000000000000bebc       0x68 build/nrf52840/dongle/obj/frame802154.o
                0x000000000000bebc                frame802154_parse_fcf
 .text.frame802154_parse
                0x000000000000bf24      0x134 build/nrf52840/dongle/obj/frame802154.o
                0x000000000000bf24                frame802154_parse
 .text.parse    0x000000000000c058       0xa0 build/nrf52840/dongle/obj/framer-802154.o
 .text.framer_802154_setup_params.part.0
                0x000000000000c0f8       0x88 build/nrf52840/dongle/obj/framer-802154.o
 .text.create_frame
                0x000000000000c180       0xe0 build/nrf52840/dongle/obj/framer-802154.o
 .text.create   0x000000000000c260        0x8 build/nrf52840/dongle/obj/framer-802154.o
 .text.hdr_length
                0x000000000000c268        0x8 build/nrf52840/dongle/obj/framer-802154.o
 .text._sbrk    0x000000000000c270       0x38 build/nrf52840/dongle/obj/syscalls.o
                0x000000000000c270                _sbrk
 .text.write_str
                0x000000000000c2a8       0x14 build/nrf52840/dongle/obj/printf.o
 .text.printf   0x000000000000c2bc       0x24 build/nrf52840/dongle/obj/printf.o
                0x000000000000c2bc                printf
 .text.buffer_str
                0x000000000000c2e0       0x28 build/nrf52840/dongle/obj/snprintf.o
 .text.snprintf
                0x000000000000c308       0x3c build/nrf52840/dongle/obj/snprintf.o
                0x000000000000c308                snprintf
 .text.buffer_str
                0x000000000000c344       0x18 build/nrf52840/dongle/obj/sprintf.o
 .text.sprintf  0x000000000000c35c       0x34 build/nrf52840/dongle/obj/sprintf.o
                0x000000000000c35c                sprintf
 .text.fill_space
                0x000000000000c390       0x3c build/nrf52840/dongle/obj/strformat.o
 .text.format_str_v
                0x000000000000c3cc      0x92c build/nrf52840/dongle/obj/strformat.o
                0x000000000000c3cc                format_str_v
 .text.tx_done  0x000000000000ccf8       0xb0 build/nrf52840/dongle/obj/csma-output.o
 .text.transmit_from_queue
                0x000000000000cda8      0x204 build/nrf52840/dongle/obj/csma-output.o
 .text.csma_output_packet
                0x000000000000cfac      0x180 build/nrf52840/dongle/obj/csma-output.o
                0x000000000000cfac                csma_output_packet
 .text.csma_output_init
                0x000000000000d12c       0x24 build/nrf52840/dongle/obj/csma-output.o
                0x000000000000d12c                csma_output_init
 .text.csma_security_create_frame
                0x000000000000d150       0x18 build/nrf52840/dongle/obj/csma-security.o
                0x000000000000d150                csma_security_create_frame
 .text.csma_security_parse_frame
                0x000000000000d168        0xc build/nrf52840/dongle/obj/csma-security.o
                0x000000000000d168                csma_security_parse_frame
 .text.on       0x000000000000d174        0xc build/nrf52840/dongle/obj/csma.o
 .text.off      0x000000000000d180        0xc build/nrf52840/dongle/obj/csma.o
 .text.max_payload
                0x000000000000d18c       0x40 build/nrf52840/dongle/obj/csma.o
 .text.send_packet
                0x000000000000d1cc        0x4 build/nrf52840/dongle/obj/csma.o
 .text.init     0x000000000000d1d0       0x38 build/nrf52840/dongle/obj/csma.o
 .text.input_packet
                0x000000000000d208       0xb4 build/nrf52840/dongle/obj/csma.o
 .text.sicslowpan_init
                0x000000000000d2bc       0x10 build/nrf52840/dongle/obj/sicslowpan.o
                0x000000000000d2bc                sicslowpan_init
 .text.set_packet_attrs
                0x000000000000d2cc       0x74 build/nrf52840/dongle/obj/sicslowpan.o
 .text.compress_addr_64
                0x000000000000d340       0xa0 build/nrf52840/dongle/obj/sicslowpan.o
 .text.packet_sent
                0x000000000000d3e0       0x5c build/nrf52840/dongle/obj/sicslowpan.o
 .text.store_fragment
                0x000000000000d43c       0x64 build/nrf52840/dongle/obj/sicslowpan.o
 .text.uncompress_addr
                0x000000000000d4a0       0x9c build/nrf52840/dongle/obj/sicslowpan.o
 .text.fragment_copy_payload_and_send
                0x000000000000d53c       0x84 build/nrf52840/dongle/obj/sicslowpan.o
 .text.output   0x000000000000d5c0      0x818 build/nrf52840/dongle/obj/sicslowpan.o
 .text.add_fragment
                0x000000000000ddd8      0x198 build/nrf52840/dongle/obj/sicslowpan.o
 .text.input    0x000000000000df70      0x96c build/nrf52840/dongle/obj/sicslowpan.o
 .text.newdata  0x000000000000e8dc       0x4c build/nrf52840/dongle/obj/tcp-socket.o
 .text.process_thread_tcp_socket_process
                0x000000000000e928      0x2e0 build/nrf52840/dongle/obj/tcp-socket.o
 .text.tcp_socket_register
                0x000000000000ec08       0x7c build/nrf52840/dongle/obj/tcp-socket.o
                0x000000000000ec08                tcp_socket_register
 .text.tcp_socket_connect
                0x000000000000ec84       0x4c build/nrf52840/dongle/obj/tcp-socket.o
                0x000000000000ec84                tcp_socket_connect
 .text.tcp_socket_send
                0x000000000000ecd0       0x3c build/nrf52840/dongle/obj/tcp-socket.o
                0x000000000000ecd0                tcp_socket_send
 .text.tcp_socket_close
                0x000000000000ed0c       0x1c build/nrf52840/dongle/obj/tcp-socket.o
                0x000000000000ed0c                tcp_socket_close
 .text.tcp_socket_unregister
                0x000000000000ed28       0x50 build/nrf52840/dongle/obj/tcp-socket.o
                0x000000000000ed28                tcp_socket_unregister
 .text.tcp_connect
                0x000000000000ed78       0x2c build/nrf52840/dongle/obj/tcpip.o
                0x000000000000ed78                tcp_connect
 .text.tcp_unlisten
                0x000000000000eda4       0x3c build/nrf52840/dongle/obj/tcpip.o
                0x000000000000eda4                tcp_unlisten
 .text.tcp_attach
                0x000000000000ede0       0x10 build/nrf52840/dongle/obj/tcpip.o
                0x000000000000ede0                tcp_attach
 .text.tcpip_input
                0x000000000000edf0       0x2c build/nrf52840/dongle/obj/tcpip.o
                0x000000000000edf0                tcpip_input
 .text.tcpip_ipv6_output
                0x000000000000ee1c      0x118 build/nrf52840/dongle/obj/tcpip.o
                0x000000000000ee1c                tcpip_ipv6_output
 .text.packet_input.part.0
                0x000000000000ef34       0x50 build/nrf52840/dongle/obj/tcpip.o
 .text.process_thread_tcpip_process
                0x000000000000ef84      0x198 build/nrf52840/dongle/obj/tcpip.o
 .text.tcpip_poll_tcp
                0x000000000000f11c       0x10 build/nrf52840/dongle/obj/tcpip.o
                0x000000000000f11c                tcpip_poll_tcp
 .text.tcpip_uipcall
                0x000000000000f12c       0x80 build/nrf52840/dongle/obj/tcpip.o
                0x000000000000f12c                tcpip_uipcall
 .text.uip_ds6_nbr_rm
                0x000000000000f1ac       0x24 build/nrf52840/dongle/obj/uip-ds6-nbr.o
                0x000000000000f1ac                uip_ds6_nbr_rm
 .text.uip_ds6_neighbors_init
                0x000000000000f1d0       0x1c build/nrf52840/dongle/obj/uip-ds6-nbr.o
                0x000000000000f1d0                uip_ds6_neighbors_init
 .text.uip_ds6_nbr_add
                0x000000000000f1ec       0x40 build/nrf52840/dongle/obj/uip-ds6-nbr.o
                0x000000000000f1ec                uip_ds6_nbr_add
 .text.uip_ds6_nbr_update_ll
                0x000000000000f22c       0x74 build/nrf52840/dongle/obj/uip-ds6-nbr.o
                0x000000000000f22c                uip_ds6_nbr_update_ll
 .text.uip_ds6_nbr_get_ll
                0x000000000000f2a0        0xc build/nrf52840/dongle/obj/uip-ds6-nbr.o
                0x000000000000f2a0                uip_ds6_nbr_get_ll
 .text.uip_ds6_nbr_lookup
                0x000000000000f2ac       0x40 build/nrf52840/dongle/obj/uip-ds6-nbr.o
                0x000000000000f2ac                uip_ds6_nbr_lookup
 .text.uip_ds6_nbr_ipaddr_from_lladdr
                0x000000000000f2ec        0xc build/nrf52840/dongle/obj/uip-ds6-nbr.o
                0x000000000000f2ec                uip_ds6_nbr_ipaddr_from_lladdr
 .text.uip_ds6_nbr_lladdr_from_ipaddr
                0x000000000000f2f8       0x1c build/nrf52840/dongle/obj/uip-ds6-nbr.o
                0x000000000000f2f8                uip_ds6_nbr_lladdr_from_ipaddr
 .text.uip_ds6_link_callback
                0x000000000000f314        0x4 build/nrf52840/dongle/obj/uip-ds6-nbr.o
                0x000000000000f314                uip_ds6_link_callback
 .text.uip_ds6_route_init
                0x000000000000f318       0x1c build/nrf52840/dongle/obj/uip-ds6-route.o
                0x000000000000f318                uip_ds6_route_init
 .text.uip_ds6_route_nexthop
                0x000000000000f334        0x4 build/nrf52840/dongle/obj/uip-ds6-route.o
                0x000000000000f334                uip_ds6_route_nexthop
 .text.uip_ds6_route_lookup
                0x000000000000f338        0x4 build/nrf52840/dongle/obj/uip-ds6-route.o
                0x000000000000f338                uip_ds6_route_lookup
 .text.uip_ds6_route_rm
                0x000000000000f33c        0x4 build/nrf52840/dongle/obj/uip-ds6-route.o
                0x000000000000f33c                uip_ds6_route_rm
 .text.uip_ds6_defrt_rm
                0x000000000000f340       0x3c build/nrf52840/dongle/obj/uip-ds6-route.o
                0x000000000000f340                uip_ds6_defrt_rm
 .text.uip_ds6_defrt_lookup
                0x000000000000f37c       0x3c build/nrf52840/dongle/obj/uip-ds6-route.o
                0x000000000000f37c                uip_ds6_defrt_lookup
 .text.uip_ds6_defrt_add
                0x000000000000f3b8       0x60 build/nrf52840/dongle/obj/uip-ds6-route.o
                0x000000000000f3b8                uip_ds6_defrt_add
 .text.uip_ds6_defrt_choose
                0x000000000000f418       0x34 build/nrf52840/dongle/obj/uip-ds6-route.o
                0x000000000000f418                uip_ds6_defrt_choose
 .text.uip_ds6_defrt_periodic
                0x000000000000f44c       0x44 build/nrf52840/dongle/obj/uip-ds6-route.o
                0x000000000000f44c                uip_ds6_defrt_periodic
 .text.uip_ds6_addr_rm.part.0
                0x000000000000f490       0x88 build/nrf52840/dongle/obj/uip-ds6.o
 .text.uip_ds6_default_prefix
                0x000000000000f518        0x8 build/nrf52840/dongle/obj/uip-ds6.o
                0x000000000000f518                uip_ds6_default_prefix
 .text.uip_ds6_periodic
                0x000000000000f520       0x58 build/nrf52840/dongle/obj/uip-ds6.o
                0x000000000000f520                uip_ds6_periodic
 .text.uip_ds6_prefix_add
                0x000000000000f578       0xb0 build/nrf52840/dongle/obj/uip-ds6.o
                0x000000000000f578                uip_ds6_prefix_add
 .text.uip_ds6_is_addr_onlink
                0x000000000000f628       0x44 build/nrf52840/dongle/obj/uip-ds6.o
                0x000000000000f628                uip_ds6_is_addr_onlink
 .text.uip_ds6_addr_rm
                0x000000000000f66c        0x8 build/nrf52840/dongle/obj/uip-ds6.o
                0x000000000000f66c                uip_ds6_addr_rm
 .text.uip_ds6_addr_lookup
                0x000000000000f674       0x50 build/nrf52840/dongle/obj/uip-ds6.o
                0x000000000000f674                uip_ds6_addr_lookup
 .text.uip_ds6_get_link_local
                0x000000000000f6c4       0x54 build/nrf52840/dongle/obj/uip-ds6.o
                0x000000000000f6c4                uip_ds6_get_link_local
 .text.uip_ds6_get_global
                0x000000000000f718       0x54 build/nrf52840/dongle/obj/uip-ds6.o
                0x000000000000f718                uip_ds6_get_global
 .text.uip_ds6_maddr_add
                0x000000000000f76c       0x80 build/nrf52840/dongle/obj/uip-ds6.o
                0x000000000000f76c                uip_ds6_maddr_add
 .text.uip_ds6_addr_add
                0x000000000000f7ec       0xd4 build/nrf52840/dongle/obj/uip-ds6.o
                0x000000000000f7ec                uip_ds6_addr_add
 .text.uip_ds6_init
                0x000000000000f8c0      0x128 build/nrf52840/dongle/obj/uip-ds6.o
                0x000000000000f8c0                uip_ds6_init
 .text.uip_ds6_maddr_lookup
                0x000000000000f9e8       0x50 build/nrf52840/dongle/obj/uip-ds6.o
                0x000000000000f9e8                uip_ds6_maddr_lookup
 .text.uip_ds6_select_src
                0x000000000000fa38      0x118 build/nrf52840/dongle/obj/uip-ds6.o
                0x000000000000fa38                uip_ds6_select_src
 .text.uip_ds6_set_addr_iid
                0x000000000000fb50       0x18 build/nrf52840/dongle/obj/uip-ds6.o
                0x000000000000fb50                uip_ds6_set_addr_iid
 .text.uip_ds6_set_lladdr_from_iid
                0x000000000000fb68       0x18 build/nrf52840/dongle/obj/uip-ds6.o
                0x000000000000fb68                uip_ds6_set_lladdr_from_iid
 .text.echo_reply_input
                0x000000000000fb80       0x70 build/nrf52840/dongle/obj/uip-icmp6.o
 .text.echo_request_input
                0x000000000000fbf0       0x84 build/nrf52840/dongle/obj/uip-icmp6.o
 .text.uip_icmp6_input
                0x000000000000fc74       0x40 build/nrf52840/dongle/obj/uip-icmp6.o
                0x000000000000fc74                uip_icmp6_input
 .text.uip_icmp6_register_input_handler
                0x000000000000fcb4        0xc build/nrf52840/dongle/obj/uip-icmp6.o
                0x000000000000fcb4                uip_icmp6_register_input_handler
 .text.uip_icmp6_error_output
                0x000000000000fcc0      0x144 build/nrf52840/dongle/obj/uip-icmp6.o
                0x000000000000fcc0                uip_icmp6_error_output
 .text.uip_icmp6_send
                0x000000000000fe04       0x80 build/nrf52840/dongle/obj/uip-icmp6.o
                0x000000000000fe04                uip_icmp6_send
 .text.uip_icmp6_init
                0x000000000000fe84       0x24 build/nrf52840/dongle/obj/uip-icmp6.o
                0x000000000000fe84                uip_icmp6_init
 .text.ns_input
                0x000000000000fea8      0x294 build/nrf52840/dongle/obj/uip-nd6.o
 .text.uip_nd6_init
                0x000000000001013c        0xc build/nrf52840/dongle/obj/uip-nd6.o
                0x000000000001013c                uip_nd6_init
 .text.uip_sr_get_node
                0x0000000000010148       0x54 build/nrf52840/dongle/obj/uip-sr.o
                0x0000000000010148                uip_sr_get_node
 .text.uip_sr_is_addr_reachable
                0x000000000001019c       0x4c build/nrf52840/dongle/obj/uip-sr.o
                0x000000000001019c                uip_sr_is_addr_reachable
 .text.uip_sr_expire_parent
                0x00000000000101e8       0x44 build/nrf52840/dongle/obj/uip-sr.o
                0x00000000000101e8                uip_sr_expire_parent
 .text.uip_sr_update_node
                0x000000000001022c       0xa8 build/nrf52840/dongle/obj/uip-sr.o
                0x000000000001022c                uip_sr_update_node
 .text.uip_sr_init
                0x00000000000102d4       0x24 build/nrf52840/dongle/obj/uip-sr.o
                0x00000000000102d4                uip_sr_init
 .text.uip_sr_periodic
                0x00000000000102f8       0x7c build/nrf52840/dongle/obj/uip-sr.o
                0x00000000000102f8                uip_sr_periodic
 .text.uip_sr_free_all
                0x0000000000010374       0x48 build/nrf52840/dongle/obj/uip-sr.o
                0x0000000000010374                uip_sr_free_all
 .text.chksum   0x00000000000103bc       0x64 build/nrf52840/dongle/obj/uip6.o
 .text.ext_hdr_options_process
                0x0000000000010420       0xa8 build/nrf52840/dongle/obj/uip6.o
 .text.uip_update_ttl.isra.0
                0x00000000000104c8       0x1c build/nrf52840/dongle/obj/uip6.o
 .text.upper_layer_chksum
                0x00000000000104e4       0x7c build/nrf52840/dongle/obj/uip6.o
 .text.uip_add_rcv_nxt
                0x0000000000010560       0x7c build/nrf52840/dongle/obj/uip6.o
 .text.uip_add32
                0x00000000000105dc       0x64 build/nrf52840/dongle/obj/uip6.o
                0x00000000000105dc                uip_add32
 .text.uip_icmp6chksum
                0x0000000000010640        0x8 build/nrf52840/dongle/obj/uip6.o
                0x0000000000010640                uip_icmp6chksum
 .text.uip_init
                0x0000000000010648       0x80 build/nrf52840/dongle/obj/uip6.o
                0x0000000000010648                uip_init
 .text.uip_connect
                0x00000000000106c8       0xc4 build/nrf52840/dongle/obj/uip6.o
                0x00000000000106c8                uip_connect
 .text.uip_remove_ext_hdr
                0x000000000001078c       0x6c build/nrf52840/dongle/obj/uip6.o
                0x000000000001078c                uip_remove_ext_hdr
 .text.uip_unlisten
                0x00000000000107f8       0x28 build/nrf52840/dongle/obj/uip6.o
                0x00000000000107f8                uip_unlisten
 .text.uip_process
                0x0000000000010820      0xf54 build/nrf52840/dongle/obj/uip6.o
                0x0000000000010820                uip_process
 .text.uip_htons
                0x0000000000011774        0x8 build/nrf52840/dongle/obj/uip6.o
                0x0000000000011774                uip_htons
 .text.uip_htonl
                0x000000000001177c        0x4 build/nrf52840/dongle/obj/uip6.o
                0x000000000001177c                uip_htonl
 .text.uip_send
                0x0000000000011780       0x74 build/nrf52840/dongle/obj/uip6.o
                0x0000000000011780                uip_send
 .text.uipbuf_clear
                0x00000000000117f4       0x30 build/nrf52840/dongle/obj/uipbuf.o
                0x00000000000117f4                uipbuf_clear
 .text.uipbuf_add_ext_hdr
                0x0000000000011824       0x3c build/nrf52840/dongle/obj/uipbuf.o
                0x0000000000011824                uipbuf_add_ext_hdr
 .text.uipbuf_set_len
                0x0000000000011860       0x18 build/nrf52840/dongle/obj/uipbuf.o
                0x0000000000011860                uipbuf_set_len
 .text.uipbuf_set_len_field
                0x0000000000011878        0x8 build/nrf52840/dongle/obj/uipbuf.o
                0x0000000000011878                uipbuf_set_len_field
 .text.uipbuf_get_len_field
                0x0000000000011880        0xc build/nrf52840/dongle/obj/uipbuf.o
                0x0000000000011880                uipbuf_get_len_field
 .text.uipbuf_get_next_header
                0x000000000001188c       0x68 build/nrf52840/dongle/obj/uipbuf.o
                0x000000000001188c                uipbuf_get_next_header
 .text.uipbuf_get_last_header
                0x00000000000118f4       0x64 build/nrf52840/dongle/obj/uipbuf.o
                0x00000000000118f4                uipbuf_get_last_header
 .text.uipbuf_search_header
                0x0000000000011958       0x80 build/nrf52840/dongle/obj/uipbuf.o
                0x0000000000011958                uipbuf_search_header
 .text.uipbuf_get_attr
                0x00000000000119d8       0x14 build/nrf52840/dongle/obj/uipbuf.o
                0x00000000000119d8                uipbuf_get_attr
 .text.uipbuf_set_attr
                0x00000000000119ec       0x18 build/nrf52840/dongle/obj/uipbuf.o
                0x00000000000119ec                uipbuf_set_attr
 .text.uipbuf_init
                0x0000000000011a04       0x20 build/nrf52840/dongle/obj/uipbuf.o
                0x0000000000011a04                uipbuf_init
 .text.uiplib_ipaddr_snprint.part.0
                0x0000000000011a24       0xfc build/nrf52840/dongle/obj/uiplib.o
 .text.uiplib_ip6addrconv
                0x0000000000011b20       0xec build/nrf52840/dongle/obj/uiplib.o
                0x0000000000011b20                uiplib_ip6addrconv
 .text.uiplib_ipaddr_snprint
                0x0000000000011c0c       0x20 build/nrf52840/dongle/obj/uiplib.o
                0x0000000000011c0c                uiplib_ipaddr_snprint
 .text.rpl_dag_root_set_prefix
                0x0000000000011c2c       0x64 build/nrf52840/dongle/obj/rpl-dag-root.o
                0x0000000000011c2c                rpl_dag_root_set_prefix
 .text.rpl_dag_root_start
                0x0000000000011c90       0x70 build/nrf52840/dongle/obj/rpl-dag-root.o
                0x0000000000011c90                rpl_dag_root_start
 .text.rpl_dag_root_is_root
                0x0000000000011d00       0x1c build/nrf52840/dongle/obj/rpl-dag-root.o
                0x0000000000011d00                rpl_dag_root_is_root
 .text.init_dag
                0x0000000000011d1c       0x78 build/nrf52840/dongle/obj/rpl-dag.o
 .text.init_dag_from_dio
                0x0000000000011d94       0x6c build/nrf52840/dongle/obj/rpl-dag.o
 .text.rpl_dag_update_state.part.0
                0x0000000000011e00      0x14c build/nrf52840/dongle/obj/rpl-dag.o
 .text.rpl_dag_get_root_ipaddr
                0x0000000000011f4c       0x2c build/nrf52840/dongle/obj/rpl-dag.o
                0x0000000000011f4c                rpl_dag_get_root_ipaddr
 .text.rpl_dag_leave
                0x0000000000011f78       0x5c build/nrf52840/dongle/obj/rpl-dag.o
                0x0000000000011f78                rpl_dag_leave
 .text.rpl_dag_poison_and_leave
                0x0000000000011fd4       0x10 build/nrf52840/dongle/obj/rpl-dag.o
                0x0000000000011fd4                rpl_dag_poison_and_leave
 .text.rpl_dag_periodic
                0x0000000000011fe4       0x44 build/nrf52840/dongle/obj/rpl-dag.o
                0x0000000000011fe4                rpl_dag_periodic
 .text.rpl_is_addr_in_our_dag
                0x0000000000012028       0x28 build/nrf52840/dongle/obj/rpl-dag.o
                0x0000000000012028                rpl_is_addr_in_our_dag
 .text.rpl_global_repair
                0x0000000000012050       0x58 build/nrf52840/dongle/obj/rpl-dag.o
                0x0000000000012050                rpl_global_repair
 .text.rpl_local_repair
                0x00000000000120a8       0x34 build/nrf52840/dongle/obj/rpl-dag.o
                0x00000000000120a8                rpl_local_repair
 .text.rpl_dag_ready_to_advertise
                0x00000000000120dc       0x24 build/nrf52840/dongle/obj/rpl-dag.o
                0x00000000000120dc                rpl_dag_ready_to_advertise
 .text.rpl_dag_update_state
                0x0000000000012100       0x10 build/nrf52840/dongle/obj/rpl-dag.o
                0x0000000000012100                rpl_dag_update_state
 .text.rpl_process_dio
                0x0000000000012110      0x1f4 build/nrf52840/dongle/obj/rpl-dag.o
                0x0000000000012110                rpl_process_dio
 .text.rpl_process_dis
                0x0000000000012304       0x28 build/nrf52840/dongle/obj/rpl-dag.o
                0x0000000000012304                rpl_process_dis
 .text.rpl_process_dao
                0x000000000001232c       0x4c build/nrf52840/dongle/obj/rpl-dag.o
                0x000000000001232c                rpl_process_dao
 .text.rpl_process_dao_ack
                0x0000000000012378       0x60 build/nrf52840/dongle/obj/rpl-dag.o
                0x0000000000012378                rpl_process_dao_ack
 .text.rpl_process_hbh
                0x00000000000123d8       0x2c build/nrf52840/dongle/obj/rpl-dag.o
                0x00000000000123d8                rpl_process_hbh
 .text.rpl_dag_init_root
                0x0000000000012404       0xac build/nrf52840/dongle/obj/rpl-dag.o
                0x0000000000012404                rpl_dag_init_root
 .text.rpl_dag_init
                0x00000000000124b0       0x10 build/nrf52840/dongle/obj/rpl-dag.o
                0x00000000000124b0                rpl_dag_init
 .text.update_hbh_header
                0x00000000000124c0       0x50 build/nrf52840/dongle/obj/rpl-ext-header.o
 .text.rpl_ext_header_srh_get_next_hop
                0x0000000000012510       0x70 build/nrf52840/dongle/obj/rpl-ext-header.o
                0x0000000000012510                rpl_ext_header_srh_get_next_hop
 .text.rpl_ext_header_srh_update
                0x0000000000012580       0xbc build/nrf52840/dongle/obj/rpl-ext-header.o
                0x0000000000012580                rpl_ext_header_srh_update
 .text.rpl_ext_header_hbh_update
                0x000000000001263c       0x88 build/nrf52840/dongle/obj/rpl-ext-header.o
                0x000000000001263c                rpl_ext_header_hbh_update
 .text.rpl_ext_header_remove