Archive member included to satisfy reference by file (symbol)

/usr/local/bin/../lib/gcc/arm-none-eabi/10.3.1/../../../../arm-none-eabi/lib/thumb/v7e-m+fp/hard/libc_nano.a(lib_a-exit.o)
                              /usr/local/bin/../lib/gcc/arm-none-eabi/10.3.1/../../../../arm-none-eabi/lib/thumb/v7e-m+fp/hard/crt0.o (exit)
/usr/local/bin/../lib/gcc/arm-none-eabi/10.3.1/../../../../arm-none-eabi/lib/thumb/v7e-m+fp/hard/libc_nano.a(lib_a-impure.o)
                              /usr/local/bin/../lib/gcc/arm-none-eabi/10.3.1/../../../../arm-none-eabi/lib/thumb/v7e-m+fp/hard/libc_nano.a(lib_a-exit.o) (_global_impure_ptr)
/usr/local/bin/../lib/gcc/arm-none-eabi/10.3.1/../../../../arm-none-eabi/lib/thumb/v7e-m+fp/hard/libc_nano.a(lib_a-init.o)
                              /usr/local/bin/../lib/gcc/arm-none-eabi/10.3.1/../../../../arm-none-eabi/lib/thumb/v7e-m+fp/hard/crt0.o (__libc_init_array)
/usr/local/bin/../lib/gcc/arm-none-eabi/10.3.1/../../../../arm-none-eabi/lib/thumb/v7e-m+fp/hard/libc_nano.a(lib_a-memset.o)
                              /usr/local/bin/../lib/gcc/arm-none-eabi/10.3.1/../../../../arm-none-eabi/lib/thumb/v7e-m+fp/hard/crt0.o (memset)
/usr/local/bin/../lib/gcc/arm-none-eabi/10.3.1/../../../../arm-none-eabi/lib/thumb/v7e-m+fp/hard/libnosys.a(_exit.o)
                              /usr/local/bin/../lib/gcc/arm-none-eabi/10.3.1/../../../../arm-none-eabi/lib/thumb/v7e-m+fp/hard/libc_nano.a(lib_a-exit.o) (_exit)
/usr/local/bin/../lib/gcc/arm-none-eabi/10.3.1/thumb/v7e-m+fp/hard/libgcc.a(_aeabi_ldivmod.o)
                              build/nrf52840/dongle/obj/nrfx_wdt.o (__aeabi_ldivmod)
/usr/local/bin/../lib/gcc/arm-none-eabi/10.3.1/thumb/v7e-m+fp/hard/libgcc.a(_aeabi_uldivmod.o)
                              build/nrf52840/dongle/obj/nrfx_wdt.o (__aeabi_uldivmod)
/usr/local/bin/../lib/gcc/arm-none-eabi/10.3.1/thumb/v7e-m+fp/hard/libgcc.a(_udivmoddi4.o)
                              /usr/local/bin/../lib/gcc/arm-none-eabi/10.3.1/thumb/v7e-m+fp/hard/libgcc.a(_aeabi_ldivmod.o) (__udivmoddi4)
/usr/local/bin/../lib/gcc/arm-none-eabi/10.3.1/thumb/v7e-m+fp/hard/libgcc.a(_dvmd_tls.o)
                              /usr/local/bin/../lib/gcc/arm-none-eabi/10.3.1/thumb/v7e-m+fp/hard/libgcc.a(_aeabi_ldivmod.o) (__aeabi_ldiv0)
/usr/local/bin/../lib/gcc/arm-none-eabi/10.3.1/../../../../arm-none-eabi/lib/thumb/v7e-m+fp/hard/libc_nano.a(lib_a-memcmp.o)
                              build/nrf52840/dongle/obj/linkaddr.o (memcmp)
/usr/local/bin/../lib/gcc/arm-none-eabi/10.3.1/../../../../arm-none-eabi/lib/thumb/v7e-m+fp/hard/libc_nano.a(lib_a-memcpy-stub.o)
                              build/nrf52840/dongle/obj/platform.o (memcpy)
/usr/local/bin/../lib/gcc/arm-none-eabi/10.3.1/../../../../arm-none-eabi/lib/thumb/v7e-m+fp/hard/libc_nano.a(lib_a-memmove.o)
                              build/nrf52840/dongle/obj/sicslowpan.o (memmove)
/usr/local/bin/../lib/gcc/arm-none-eabi/10.3.1/../../../../arm-none-eabi/lib/thumb/v7e-m+fp/hard/libc_nano.a(lib_a-rand.o)
                              build/nrf52840/dongle/obj/random.o (srand)
/usr/local/bin/../lib/gcc/arm-none-eabi/10.3.1/../../../../arm-none-eabi/lib/thumb/v7e-m+fp/hard/libc_nano.a(lib_a-reent.o)
                              build/nrf52840/dongle/obj/syscalls.o (errno)
/usr/local/bin/../lib/gcc/arm-none-eabi/10.3.1/../../../../arm-none-eabi/lib/thumb/v7e-m+fp/hard/libc_nano.a(lib_a-strcmp.o)
                              build/nrf52840/dongle/obj/log.o (strcmp)
/usr/local/bin/../lib/gcc/arm-none-eabi/10.3.1/../../../../arm-none-eabi/lib/thumb/v7e-m+fp/hard/libc_nano.a(lib_a-strlen.o)
                              build/nrf52840/dongle/obj/app_usbd_serial_num.o (strlen)
/usr/local/bin/../lib/gcc/arm-none-eabi/10.3.1/../../../../arm-none-eabi/lib/thumb/v7e-m+fp/hard/libc_nano.a(lib_a-strncmp.o)
                              build/nrf52840/dongle/obj/httpd-simple.o (strncmp)
/usr/local/bin/../lib/gcc/arm-none-eabi/10.3.1/../../../../arm-none-eabi/lib/thumb/v7e-m+fp/hard/libc_nano.a(lib_a-strncpy.o)
                              build/nrf52840/dongle/obj/httpd-simple.o (strncpy)
/usr/local/bin/../lib/gcc/arm-none-eabi/10.3.1/../../../../arm-none-eabi/lib/thumb/v7e-m+fp/hard/libc_nano.a(lib_a-assert.o)
                              /usr/local/bin/../lib/gcc/arm-none-eabi/10.3.1/../../../../arm-none-eabi/lib/thumb/v7e-m+fp/hard/libc_nano.a(lib_a-rand.o) (__assert_func)
/usr/local/bin/../lib/gcc/arm-none-eabi/10.3.1/../../../../arm-none-eabi/lib/thumb/v7e-m+fp/hard/libc_nano.a(lib_a-fprintf.o)
                              /usr/local/bin/../lib/gcc/arm-none-eabi/10.3.1/../../../../arm-none-eabi/lib/thumb/v7e-m+fp/hard/libc_nano.a(lib_a-assert.o) (fiprintf)
/usr/local/bin/../lib/gcc/arm-none-eabi/10.3.1/../../../../arm-none-eabi/lib/thumb/v7e-m+fp/hard/libc_nano.a(lib_a-malloc.o)
                              /usr/local/bin/../lib/gcc/arm-none-eabi/10.3.1/../../../../arm-none-eabi/lib/thumb/v7e-m+fp/hard/libc_nano.a(lib_a-rand.o) (malloc)
[...]
Memory Configuration

Name             Origin             Length             Attributes
FLASH            0x0000000000001000 0x00000000000ff000 xr
RAM              0x0000000020000008 0x000000000003fff8 xrw
*default*        0x0000000000000000 0xffffffffffffffff

Linker script and memory map

LOAD /usr/local/bin/../lib/gcc/arm-none-eabi/10.3.1/thumb/v7e-m+fp/hard/crti.o
LOAD /usr/local/bin/../lib/gcc/arm-none-eabi/10.3.1/thumb/v7e-m+fp/hard/crtbegin.o
LOAD /usr/local/bin/../lib/gcc/arm-none-eabi/10.3.1/../../../../arm-none-eabi/lib/thumb/v7e-m+fp/hard/crt0.o
LOAD /usr/local/bin/../lib/gcc/arm-none-eabi/10.3.1/../../../../arm-none-eabi/lib/thumb/v7e-m+fp/hard/libc_nano.a
LOAD /usr/local/bin/../lib/gcc/arm-none-eabi/10.3.1/../../../../arm-none-eabi/lib/thumb/v7e-m+fp/hard/libnosys.a
LOAD build/nrf52840/dongle/obj/board-leds.o
LOAD build/nrf52840/dongle/obj/board-buttons.o
LOAD build/nrf52840/dongle/obj/nrf52840dongle-sensors.o
LOAD build/nrf52840/dongle/obj/platform.o
LOAD build/nrf52840/dongle/obj/temperature-sensor.o
LOAD build/nrf52840/dongle/obj/dbg.o
LOAD build/nrf52840/dongle/obj/clock.o
LOAD build/nrf52840/dongle/obj/rtimer-arch.o
LOAD build/nrf52840/dongle/obj/uart0.o
LOAD build/nrf52840/dongle/obj/watchdog.o
LOAD build/nrf52840/dongle/obj/int-master.o
LOAD build/nrf52840/dongle/obj/slip-arch.o
LOAD build/nrf52840/dongle/obj/gpio-hal-arch.o
LOAD build/nrf52840/dongle/obj/nrf52840-ieee.o
LOAD build/nrf52840/dongle/obj/usb-serial.o
LOAD build/nrf52840/dongle/obj/usb-dfu-trigger.o
LOAD build/nrf52840/dongle/obj/boards.o
LOAD build/nrf52840/dongle/obj/app_error.o
LOAD build/nrf52840/dongle/obj/app_error_handler_gcc.o
LOAD build/nrf52840/dongle/obj/app_error_weak.o
LOAD build/nrf52840/dongle/obj/nrf_assert.o
LOAD build/nrf52840/dongle/obj/app_util_platform.o
LOAD build/nrf52840/dongle/obj/nrf_queue.o
LOAD build/nrf52840/dongle/obj/nrf_strerror.o
LOAD build/nrf52840/dongle/obj/nrfx_clock.o
LOAD build/nrf52840/dongle/obj/nrfx_rtc.o
LOAD build/nrf52840/dongle/obj/nrfx_gpiote.o
LOAD build/nrf52840/dongle/obj/nrfx_rng.o
LOAD build/nrf52840/dongle/obj/nrfx_wdt.o
LOAD build/nrf52840/dongle/obj/nrfx_power.o
LOAD build/nrf52840/dongle/obj/system_nrf52840.o
LOAD build/nrf52840/dongle/obj/nrf_drv_clock.o
LOAD build/nrf52840/dongle/obj/nrf_drv_rng.o
LOAD build/nrf52840/dongle/obj/nrf_drv_power.o
LOAD build/nrf52840/dongle/obj/app_fifo.o
LOAD build/nrf52840/dongle/obj/app_usbd.o
LOAD build/nrf52840/dongle/obj/app_usbd_cdc_acm.o
LOAD build/nrf52840/dongle/obj/app_usbd_core.o
LOAD build/nrf52840/dongle/obj/app_usbd_serial_num.o
LOAD build/nrf52840/dongle/obj/app_usbd_string_desc.o
LOAD build/nrf52840/dongle/obj/nrf_atomic.o
LOAD build/nrf52840/dongle/obj/nrfx_usbd.o
LOAD build/nrf52840/dongle/obj/nrfx_systick.o
LOAD build/nrf52840/dongle/obj/nrfx_atomic.o
LOAD build/nrf52840/dongle/obj/app_usbd_nrf_dfu_trigger.o
LOAD build/nrf52840/dongle/obj/gcc_startup_nrf52840.o
LOAD build/nrf52840/dongle/obj/httpd-simple.o
LOAD build/nrf52840/dongle/obj/webserver.o
LOAD build/nrf52840/dongle/obj/rpl-border-router.o
LOAD build/nrf52840/dongle/obj/contiki-main.o
LOAD build/nrf52840/dongle/obj/atomic.o
LOAD build/nrf52840/dongle/obj/autostart.o
LOAD build/nrf52840/dongle/obj/compower.o
LOAD build/nrf52840/dongle/obj/ctimer.o
LOAD build/nrf52840/dongle/obj/energest.o
LOAD build/nrf52840/dongle/obj/etimer.o
LOAD build/nrf52840/dongle/obj/log.o
LOAD build/nrf52840/dongle/obj/mutex.o
LOAD build/nrf52840/dongle/obj/node-id.o
LOAD build/nrf52840/dongle/obj/process.o
LOAD build/nrf52840/dongle/obj/rtimer.o
LOAD build/nrf52840/dongle/obj/stack-check.o
LOAD build/nrf52840/dongle/obj/stimer.o
LOAD build/nrf52840/dongle/obj/timer.o
LOAD build/nrf52840/dongle/obj/aes-128.o
LOAD build/nrf52840/dongle/obj/assert.o
LOAD build/nrf52840/dongle/obj/ccm-star.o
LOAD build/nrf52840/dongle/obj/circular-list.o
LOAD build/nrf52840/dongle/obj/crc16.o
LOAD build/nrf52840/dongle/obj/dbl-circ-list.o
LOAD build/nrf52840/dongle/obj/dbl-list.o
LOAD build/nrf52840/dongle/obj/heapmem.o
LOAD build/nrf52840/dongle/obj/hexconv.o
LOAD build/nrf52840/dongle/obj/ifft.o
LOAD build/nrf52840/dongle/obj/list.o
LOAD build/nrf52840/dongle/obj/memb.o
LOAD build/nrf52840/dongle/obj/random.o
LOAD build/nrf52840/dongle/obj/ringbuf.o
LOAD build/nrf52840/dongle/obj/ringbufindex.o
LOAD build/nrf52840/dongle/obj/sensors.o
LOAD build/nrf52840/dongle/obj/trickle-timer.o
LOAD build/nrf52840/dongle/obj/button-hal.o
LOAD build/nrf52840/dongle/obj/gpio-hal.o
LOAD build/nrf52840/dongle/obj/leds.o
LOAD build/nrf52840/dongle/obj/nullradio.o
LOAD build/nrf52840/dongle/obj/serial-line.o
LOAD build/nrf52840/dongle/obj/slip.o
LOAD build/nrf52840/dongle/obj/spi.o
LOAD build/nrf52840/dongle/obj/link-stats.o
LOAD build/nrf52840/dongle/obj/linkaddr.o
LOAD build/nrf52840/dongle/obj/nbr-table.o
LOAD build/nrf52840/dongle/obj/net-debug.o
LOAD build/nrf52840/dongle/obj/netstack.o
LOAD build/nrf52840/dongle/obj/packetbuf.o
LOAD build/nrf52840/dongle/obj/queuebuf.o
LOAD build/nrf52840/dongle/obj/mac-sequence.o
LOAD build/nrf52840/dongle/obj/mac.o
LOAD build/nrf52840/dongle/obj/frame802154.o
LOAD build/nrf52840/dongle/obj/frame802154e-ie.o
LOAD build/nrf52840/dongle/obj/framer-802154.o
LOAD build/nrf52840/dongle/obj/nullframer.o
LOAD build/nrf52840/dongle/obj/rgb-led.o
LOAD build/nrf52840/dongle/obj/syscalls.o
LOAD build/nrf52840/dongle/obj/printf.o
LOAD build/nrf52840/dongle/obj/putchar.o
LOAD build/nrf52840/dongle/obj/puts.o
LOAD build/nrf52840/dongle/obj/snprintf.o
LOAD build/nrf52840/dongle/obj/sprintf.o
LOAD build/nrf52840/dongle/obj/strformat.o
LOAD build/nrf52840/dongle/obj/anti-replay.o
LOAD build/nrf52840/dongle/obj/ccm-star-packetbuf.o
LOAD build/nrf52840/dongle/obj/csma-output.o
LOAD build/nrf52840/dongle/obj/csma-security.o
LOAD build/nrf52840/dongle/obj/csma.o
LOAD build/nrf52840/dongle/obj/ip64-addr.o
LOAD build/nrf52840/dongle/obj/psock.o
LOAD build/nrf52840/dongle/obj/sicslowpan.o
LOAD build/nrf52840/dongle/obj/simple-udp.o
LOAD build/nrf52840/dongle/obj/tcp-socket.o
LOAD build/nrf52840/dongle/obj/tcpip.o
LOAD build/nrf52840/dongle/obj/udp-socket.o
LOAD build/nrf52840/dongle/obj/uip-ds6-nbr.o
LOAD build/nrf52840/dongle/obj/uip-ds6-route.o
LOAD build/nrf52840/dongle/obj/uip-ds6.o
LOAD build/nrf52840/dongle/obj/uip-icmp6.o
LOAD build/nrf52840/dongle/obj/uip-nameserver.o
LOAD build/nrf52840/dongle/obj/uip-nd6.o
LOAD build/nrf52840/dongle/obj/uip-packetqueue.o
LOAD build/nrf52840/dongle/obj/uip-sr.o
LOAD build/nrf52840/dongle/obj/uip-udp-packet.o
LOAD build/nrf52840/dongle/obj/uip6.o
LOAD build/nrf52840/dongle/obj/uipbuf.o
LOAD build/nrf52840/dongle/obj/uiplib.o
LOAD build/nrf52840/dongle/obj/rpl-dag-root.o
LOAD build/nrf52840/dongle/obj/rpl-dag.o
LOAD build/nrf52840/dongle/obj/rpl-ext-header.o
LOAD build/nrf52840/dongle/obj/rpl-icmp6.o
LOAD build/nrf52840/dongle/obj/rpl-mrhof.o
LOAD build/nrf52840/dongle/obj/rpl-nbr-policy.o
LOAD build/nrf52840/dongle/obj/rpl-neighbor.o
LOAD build/nrf52840/dongle/obj/rpl-of0.o
LOAD build/nrf52840/dongle/obj/rpl-timers.o
LOAD build/nrf52840/dongle/obj/rpl.o
LOAD build/nrf52840/dongle/obj/border-router-embedded.o
LOAD build/nrf52840/dongle/obj/slip-bridge.o
LOAD border-router.o
START GROUP
END GROUP
START GROUP
LOAD /usr/local/bin/../lib/gcc/arm-none-eabi/10.3.1/thumb/v7e-m+fp/hard/libgcc.a
LOAD /usr/local/bin/../lib/gcc/arm-none-eabi/10.3.1/../../../../arm-none-eabi/lib/thumb/v7e-m+fp/hard/libc_nano.a
END GROUP
START GROUP
LOAD /usr/local/bin/../lib/gcc/arm-none-eabi/10.3.1/thumb/v7e-m+fp/hard/libgcc.a
LOAD /usr/local/bin/../lib/gcc/arm-none-eabi/10.3.1/../../../../arm-none-eabi/lib/thumb/v7e-m+fp/hard/libc_nano.a
END GROUP
LOAD /usr/local/bin/../lib/gcc/arm-none-eabi/10.3.1/thumb/v7e-m+fp/hard/crtend.o
LOAD /usr/local/bin/../lib/gcc/arm-none-eabi/10.3.1/thumb/v7e-m+fp/hard/crtn.o
START GROUP
LOAD /usr/local/bin/../lib/gcc/arm-none-eabi/10.3.1/thumb/v7e-m+fp/hard/libgcc.a
LOAD /usr/local/bin/../lib/gcc/arm-none-eabi/10.3.1/../../../../arm-none-eabi/lib/thumb/v7e-m+fp/hard/libc.a
LOAD /usr/local/bin/../lib/gcc/arm-none-eabi/10.3.1/../../../../arm-none-eabi/lib/thumb/v7e-m+fp/hard/libnosys.a
END GROUP

.text           0x0000000000001000    0x137cc
 *(SORT_BY_ALIGNMENT(.isr_vector))
 .isr_vector    0x0000000000001000      0x200 build/nrf52840/dongle/obj/gcc_startup_nrf52840.o
                0x0000000000001000                __isr_vector
 *(SORT_BY_ALIGNMENT(.text*))
 .text          0x0000000000001200       0xa0 /usr/local/bin/../lib/gcc/arm-none-eabi/10.3.1/../../../../arm-none-eabi/lib/thumb/v7e-m+fp/hard/libc_nano.a(lib_a-memchr.o)
                0x0000000000001200                memchr
 .text          0x00000000000012a0       0x40 /usr/local/bin/../lib/gcc/arm-none-eabi/10.3.1/thumb/v7e-m+fp/hard/crtbegin.o
 .text          0x00000000000012e0       0x7c /usr/local/bin/../lib/gcc/arm-none-eabi/10.3.1/../../../../arm-none-eabi/lib/thumb/v7e-m+fp/hard/crt0.o
                0x00000000000012e0                _stack_init
                0x00000000000012e8                _mainCRTStartup
                0x00000000000012e8                _start
 .text.exit     0x000000000000135c       0x28 /usr/local/bin/../lib/gcc/arm-none-eabi/10.3.1/../../../../arm-none-eabi/lib/thumb/v7e-m+fp/hard/libc_nano.a(lib_a-exit.o)
                0x000000000000135c                exit
 .text.__libc_init_array
                0x0000000000001384       0x48 /usr/local/bin/../lib/gcc/arm-none-eabi/10.3.1/../../../../arm-none-eabi/lib/thumb/v7e-m+fp/hard/libc_nano.a(lib_a-init.o)
                0x0000000000001384                __libc_init_array
 .text._exit    0x00000000000013cc        0x4 /usr/local/bin/../lib/gcc/arm-none-eabi/10.3.1/../../../../arm-none-eabi/lib/thumb/v7e-m+fp/hard/libnosys.a(_exit.o)
                0x00000000000013cc                _exit
 .text.platform_init_stage_one
                0x00000000000013d0       0x10 build/nrf52840/dongle/obj/platform.o
                0x00000000000013d0                platform_init_stage_one
 .text.platform_init_stage_two
                0x00000000000013e0       0x68 build/nrf52840/dongle/obj/platform.o
                0x00000000000013e0                platform_init_stage_two
 .text.platform_init_stage_three
                0x0000000000001448        0xc build/nrf52840/dongle/obj/platform.o
                0x0000000000001448                platform_init_stage_three
 .text.platform_idle
                0x0000000000001454       0x24 build/nrf52840/dongle/obj/platform.o
                0x0000000000001454                platform_idle
 .text.configure
                0x0000000000001478       0x14 build/nrf52840/dongle/obj/temperature-sensor.o
 .text.status   0x000000000000148c        0x4 build/nrf52840/dongle/obj/temperature-sensor.o
 .text.value    0x0000000000001490       0x58 build/nrf52840/dongle/obj/temperature-sensor.o
 .text.dbg_send_bytes
                0x00000000000014e8       0x34 build/nrf52840/dongle/obj/dbg.o
                0x00000000000014e8                dbg_send_bytes
 .text.rtc_handler
                0x000000000000151c       0x24 build/nrf52840/dongle/obj/clock.o
 .text.clock_init
                0x0000000000001540       0x60 build/nrf52840/dongle/obj/clock.o
                0x0000000000001540                clock_init
 .text.clock_time
                0x00000000000015a0        0xc build/nrf52840/dongle/obj/clock.o
                0x00000000000015a0                clock_time
 .text.clock_seconds
                0x00000000000015ac        0xc build/nrf52840/dongle/obj/clock.o
                0x00000000000015ac                clock_seconds
 .text.rtimer_arch_init
                0x00000000000015b8       0x64 build/nrf52840/dongle/obj/rtimer-arch.o
                0x00000000000015b8                rtimer_arch_init
 .text.rtimer_arch_schedule
                0x000000000000161c        0xc build/nrf52840/dongle/obj/rtimer-arch.o
                0x000000000000161c                rtimer_arch_schedule
 .text.rtimer_arch_now
                0x0000000000001628       0x10 build/nrf52840/dongle/obj/rtimer-arch.o
                0x0000000000001628                rtimer_arch_now
 .text.TIMER0_IRQHandler
                0x0000000000001638       0x24 build/nrf52840/dongle/obj/rtimer-arch.o
                0x0000000000001638                TIMER0_IRQHandler
 .text.uart0_init
                0x000000000000165c       0x60 build/nrf52840/dongle/obj/uart0.o
                0x000000000000165c                uart0_init
 .text.UARTE0_UART0_IRQHandler
                0x00000000000016bc       0x28 build/nrf52840/dongle/obj/uart0.o
                0x00000000000016bc                UARTE0_UART0_IRQHandler
 .text.wdt_event_handler
                0x00000000000016e4       0x14 build/nrf52840/dongle/obj/watchdog.o
 .text.watchdog_init
                0x00000000000016f8       0x50 build/nrf52840/dongle/obj/watchdog.o
                0x00000000000016f8                watchdog_init
 .text.watchdog_start
                0x0000000000001748       0x10 build/nrf52840/dongle/obj/watchdog.o
                0x0000000000001748                watchdog_start
 .text.watchdog_periodic
                0x0000000000001758       0x18 build/nrf52840/dongle/obj/watchdog.o
                0x0000000000001758                watchdog_periodic
 .text.int_master_read_and_disable
                0x0000000000001770        0x8 build/nrf52840/dongle/obj/int-master.o
                0x0000000000001770                int_master_read_and_disable
 .text.int_master_status_set
                0x0000000000001778        0x8 build/nrf52840/dongle/obj/int-master.o
                0x0000000000001778                int_master_status_set
 .text.slip_arch_writeb
                0x0000000000001780       0x18 build/nrf52840/dongle/obj/slip-arch.o
                0x0000000000001780                slip_arch_writeb
 .text.slip_arch_init
                0x0000000000001798        0xc build/nrf52840/dongle/obj/slip-arch.o
                0x0000000000001798                slip_arch_init
 .text.pin_event_handler
                0x00000000000017a4       0x10 build/nrf52840/dongle/obj/gpio-hal-arch.o
 .text.gpio_hal_arch_init
                0x00000000000017b4       0x14 build/nrf52840/dongle/obj/gpio-hal-arch.o
                0x00000000000017b4                gpio_hal_arch_init
 .text.gpio_hal_arch_port_pin_cfg_set
                0x00000000000017c8       0x88 build/nrf52840/dongle/obj/gpio-hal-arch.o
                0x00000000000017c8                gpio_hal_arch_port_pin_cfg_set
 .text.gpio_hal_arch_port_read_pin
                0x0000000000001850       0x28 build/nrf52840/dongle/obj/gpio-hal-arch.o
                0x0000000000001850                gpio_hal_arch_port_read_pin
 .text.off      0x0000000000001878       0x10 build/nrf52840/dongle/obj/nrf52840-ieee.o
 .text.get_value
                0x0000000000001888      0x128 build/nrf52840/dongle/obj/nrf52840-ieee.o
 .text.set_object
                0x00000000000019b0        0x4 build/nrf52840/dongle/obj/nrf52840-ieee.o
 .text.setup_interrupts
                0x00000000000019b4       0x90 build/nrf52840/dongle/obj/nrf52840-ieee.o
 .text.receiving_packet
                0x0000000000001a44       0x60 build/nrf52840/dongle/obj/nrf52840-ieee.o
 .text.pending_packet
                0x0000000000001aa4       0x28 build/nrf52840/dongle/obj/nrf52840-ieee.o
 .text.get_object
                0x0000000000001acc       0x20 build/nrf52840/dongle/obj/nrf52840-ieee.o
 .text.enter_rx
                0x0000000000001aec       0x80 build/nrf52840/dongle/obj/nrf52840-ieee.o
 .text.read_frame
                0x0000000000001b6c       0xe0 build/nrf52840/dongle/obj/nrf52840-ieee.o
 .text.prepare  0x0000000000001c4c       0x48 build/nrf52840/dongle/obj/nrf52840-ieee.o
 .text.configure
                0x0000000000001c94       0xa8 build/nrf52840/dongle/obj/nrf52840-ieee.o
 .text.on       0x0000000000001d3c       0x28 build/nrf52840/dongle/obj/nrf52840-ieee.o
 .text.init     0x0000000000001d64       0x90 build/nrf52840/dongle/obj/nrf52840-ieee.o
 .text.channel_clear
                0x0000000000001df4       0x74 build/nrf52840/dongle/obj/nrf52840-ieee.o
 .text.process_thread_nrf52840_ieee_rf_process
                0x0000000000001e68       0x74 build/nrf52840/dongle/obj/nrf52840-ieee.o
 .text.transmit
                0x0000000000001edc       0xf4 build/nrf52840/dongle/obj/nrf52840-ieee.o
 .text.send     0x0000000000001fd0       0x54 build/nrf52840/dongle/obj/nrf52840-ieee.o
 .text.set_value
                0x0000000000002024       0xf8 build/nrf52840/dongle/obj/nrf52840-ieee.o
 .text.RADIO_IRQHandler
                0x000000000000211c       0x74 build/nrf52840/dongle/obj/nrf52840-ieee.o
                0x000000000000211c                RADIO_IRQHandler
 .text.cdc_acm_port_ev_handler
                0x0000000000002190       0x94 build/nrf52840/dongle/obj/usb-serial.o
 .text.usbd_user_ev_handler
                0x0000000000002224       0x58 build/nrf52840/dongle/obj/usb-serial.o
 .text.usb_serial_init
                0x000000000000227c       0x3c build/nrf52840/dongle/obj/usb-serial.o
                0x000000000000227c                usb_serial_init
 .text.usb_serial_flush
                0x00000000000022b8       0x60 build/nrf52840/dongle/obj/usb-serial.o
                0x00000000000022b8                usb_serial_flush
 .text.usb_serial_writeb
                0x0000000000002318       0x54 build/nrf52840/dongle/obj/usb-serial.o
                0x0000000000002318                usb_serial_writeb
 .text.usb_serial_set_input
                0x000000000000236c        0xc build/nrf52840/dongle/obj/usb-serial.o
                0x000000000000236c                usb_serial_set_input
 .text.dfu_trigger_evt_handler
                0x0000000000002378       0x18 build/nrf52840/dongle/obj/usb-dfu-trigger.o
 .text.dfu_trigger_usb_init
                0x0000000000002390       0x40 build/nrf52840/dongle/obj/usb-dfu-trigger.o
                0x0000000000002390                dfu_trigger_usb_init
 .text.app_error_handler_bare
                0x00000000000023d0       0x20 build/nrf52840/dongle/obj/app_error.o
                0x00000000000023d0                app_error_handler_bare
 .text.app_error_fault_handler
                0x00000000000023f0       0x30 build/nrf52840/dongle/obj/app_error_weak.o
                0x00000000000023f0                app_error_fault_handler
 .text.app_util_critical_region_enter
                0x0000000000002420       0x10 build/nrf52840/dongle/obj/app_util_platform.o
                0x0000000000002420                app_util_critical_region_enter
 .text.app_util_critical_region_exit
                0x0000000000002430       0x14 build/nrf52840/dongle/obj/app_util_platform.o
                0x0000000000002430                app_util_critical_region_exit
 .text.nrfx_clock_init
                0x0000000000002444       0x18 build/nrf52840/dongle/obj/nrfx_clock.o
                0x0000000000002444                nrfx_clock_init
 .text.nrfx_clock_enable
                0x000000000000245c       0x2c build/nrf52840/dongle/obj/nrfx_clock.o
                0x000000000000245c                nrfx_clock_enable
 .text.nrfx_clock_lfclk_start
                0x0000000000002488       0x24 build/nrf52840/dongle/obj/nrfx_clock.o
                0x0000000000002488                nrfx_clock_lfclk_start
 .text.nrfx_clock_hfclk_start
                0x00000000000024ac       0x20 build/nrf52840/dongle/obj/nrfx_clock.o
                0x00000000000024ac                nrfx_clock_hfclk_start
 .text.nrfx_clock_hfclk_stop
                0x00000000000024cc       0x24 build/nrf52840/dongle/obj/nrfx_clock.o
                0x00000000000024cc                nrfx_clock_hfclk_stop
 .text.nrfx_clock_irq_handler
                0x00000000000024f0       0x70 build/nrf52840/dongle/obj/nrfx_clock.o
                0x00000000000024f0                nrfx_clock_irq_handler
 .text.nrfx_rtc_init
                0x0000000000002560       0x90 build/nrf52840/dongle/obj/nrfx_rtc.o
                0x0000000000002560                nrfx_rtc_init
 .text.nrfx_rtc_enable
                0x00000000000025f0       0x18 build/nrf52840/dongle/obj/nrfx_rtc.o
                0x00000000000025f0                nrfx_rtc_enable
 .text.nrfx_rtc_tick_enable
                0x0000000000002608       0x2c build/nrf52840/dongle/obj/nrfx_rtc.o
                0x0000000000002608                nrfx_rtc_tick_enable
 .text.RTC0_IRQHandler
                0x0000000000002634       0xb0 build/nrf52840/dongle/obj/nrfx_rtc.o
                0x0000000000002634                RTC0_IRQHandler
 .text.nrfx_gpiote_init
                0x00000000000026e4       0x90 build/nrf52840/dongle/obj/nrfx_gpiote.o
                0x00000000000026e4                nrfx_gpiote_init
 .text.nrfx_gpiote_is_init
                0x0000000000002774       0x14 build/nrf52840/dongle/obj/nrfx_gpiote.o
                0x0000000000002774                nrfx_gpiote_is_init
 .text.nrfx_gpiote_in_init
                0x0000000000002788      0x120 build/nrf52840/dongle/obj/nrfx_gpiote.o
                0x0000000000002788                nrfx_gpiote_in_init
 .text.nrfx_gpiote_in_event_enable
                0x00000000000028a8       0xe0 build/nrf52840/dongle/obj/nrfx_gpiote.o
                0x00000000000028a8                nrfx_gpiote_in_event_enable
 .text.nrfx_gpiote_in_event_disable
                0x0000000000002988       0x74 build/nrf52840/dongle/obj/nrfx_gpiote.o
                0x0000000000002988                nrfx_gpiote_in_event_disable
 .text.GPIOTE_IRQHandler
                0x00000000000029fc      0x1f4 build/nrf52840/dongle/obj/nrfx_gpiote.o
                0x00000000000029fc                GPIOTE_IRQHandler
 .text.RNG_IRQHandler
                0x0000000000002bf0       0x28 build/nrf52840/dongle/obj/nrfx_rng.o
                0x0000000000002bf0                RNG_IRQHandler
 .text.WDT_IRQHandler
                0x0000000000002c18       0x2c build/nrf52840/dongle/obj/nrfx_wdt.o
                0x0000000000002c18                WDT_IRQHandler
 .text.nrfx_wdt_init
                0x0000000000002c44       0x58 build/nrf52840/dongle/obj/nrfx_wdt.o
                0x0000000000002c44                nrfx_wdt_init
 .text.nrfx_wdt_enable
                0x0000000000002c9c       0x1c build/nrf52840/dongle/obj/nrfx_wdt.o
                0x0000000000002c9c                nrfx_wdt_enable
 .text.nrfx_wdt_channel_alloc
                0x0000000000002cb8       0x4c build/nrf52840/dongle/obj/nrfx_wdt.o
                0x0000000000002cb8                nrfx_wdt_channel_alloc
 .text.nrfx_wdt_channel_feed
                0x0000000000002d04       0x18 build/nrf52840/dongle/obj/nrfx_wdt.o
                0x0000000000002d04                nrfx_wdt_channel_feed
 .text.nrfx_power_init
                0x0000000000002d1c       0x4c build/nrf52840/dongle/obj/nrfx_power.o
                0x0000000000002d1c                nrfx_power_init
 .text.nrfx_power_usbevt_init
                0x0000000000002d68        0xc build/nrf52840/dongle/obj/nrfx_power.o
                0x0000000000002d68                nrfx_power_usbevt_init
 .text.nrfx_power_usbevt_enable
                0x0000000000002d74       0x10 build/nrf52840/dongle/obj/nrfx_power.o
                0x0000000000002d74                nrfx_power_usbevt_enable
 .text.nrfx_power_usbevt_disable
                0x0000000000002d84       0x10 build/nrf52840/dongle/obj/nrfx_power.o
                0x0000000000002d84                nrfx_power_usbevt_disable
 .text.nrfx_power_usbevt_uninit
                0x0000000000002d94        0xc build/nrf52840/dongle/obj/nrfx_power.o
                0x0000000000002d94                nrfx_power_usbevt_uninit
 .text.nrfx_power_irq_handler
                0x0000000000002da0      0x100 build/nrf52840/dongle/obj/nrfx_power.o
                0x0000000000002da0                nrfx_power_irq_handler
 .text.POWER_CLOCK_IRQHandler
                0x0000000000002ea0       0x10 build/nrf52840/dongle/obj/nrfx_power.o
                0x0000000000002ea0                POWER_CLOCK_IRQHandler
 .text.SystemInit
                0x0000000000002eb0      0x1b8 build/nrf52840/dongle/obj/system_nrf52840.o
                0x0000000000002eb0                SystemInit
 .text.clock_irq_handler
                0x0000000000003068       0x48 build/nrf52840/dongle/obj/nrf_drv_clock.o
 .text.nrf_drv_clock_init
                0x00000000000030b0       0x38 build/nrf52840/dongle/obj/nrf_drv_clock.o
                0x00000000000030b0                nrf_drv_clock_init
 .text.nrf_drv_clock_lfclk_request
                0x00000000000030e8       0x5c build/nrf52840/dongle/obj/nrf_drv_clock.o
                0x00000000000030e8                nrf_drv_clock_lfclk_request
 .text.nrf_drv_clock_hfclk_request
                0x0000000000003144       0x5c build/nrf52840/dongle/obj/nrf_drv_clock.o
                0x0000000000003144                nrf_drv_clock_hfclk_request
 .text.nrf_drv_clock_hfclk_release
                0x00000000000031a0       0x34 build/nrf52840/dongle/obj/nrf_drv_clock.o
                0x00000000000031a0                nrf_drv_clock_hfclk_release
 .text.nrf_drv_power_init
                0x00000000000031d4       0x28 build/nrf52840/dongle/obj/nrf_drv_power.o
                0x00000000000031d4                nrf_drv_power_init
 .text.nrf_drv_power_usbevt_init
                0x00000000000031fc       0x20 build/nrf52840/dongle/obj/nrf_drv_power.o
                0x00000000000031fc                nrf_drv_power_usbevt_init
 .text.app_usbd_hfclk_ready
                0x000000000000321c       0x10 build/nrf52840/dongle/obj/app_usbd.o
 .text.app_usbd_event_handler
                0x000000000000322c       0x38 build/nrf52840/dongle/obj/app_usbd.o
 .text.app_usbd_power_event_handler
                0x0000000000003264       0x34 build/nrf52840/dongle/obj/app_usbd.o
 .text.app_usbd_class_descriptor_find
                0x0000000000003298       0xc0 build/nrf52840/dongle/obj/app_usbd.o
                0x0000000000003298                app_usbd_class_descriptor_find
 .text.app_usbd_init
                0x0000000000003358      0x118 build/nrf52840/dongle/obj/app_usbd.o
                0x0000000000003358                app_usbd_init
 .text.app_usbd_power_events_enable
                0x0000000000003470       0x30 build/nrf52840/dongle/obj/app_usbd.o
                0x0000000000003470                app_usbd_power_events_enable
 .text.app_usbd_enable
                0x00000000000034a0        0x4 build/nrf52840/dongle/obj/app_usbd.o
                0x00000000000034a0                app_usbd_enable
 .text.app_usbd_disable
                0x00000000000034a4        0x4 build/nrf52840/dongle/obj/app_usbd.o
                0x00000000000034a4                app_usbd_disable
 .text.app_usbd_start
                0x00000000000034a8       0x28 build/nrf52840/dongle/obj/app_usbd.o
                0x00000000000034a8                app_usbd_start
 .text.app_usbd_stop
                0x00000000000034d0       0x1c build/nrf52840/dongle/obj/app_usbd.o
                0x00000000000034d0                app_usbd_stop
 .text.app_usbd_class_append
                0x00000000000034ec       0xf0 build/nrf52840/dongle/obj/app_usbd.o
                0x00000000000034ec                app_usbd_class_append
 .text.app_usbd_class_rwu_enabled_check
                0x00000000000035dc       0x10 build/nrf52840/dongle/obj/app_usbd.o
                0x00000000000035dc                app_usbd_class_rwu_enabled_check
 .text.app_usbd_ep_enable
                0x00000000000035ec       0x28 build/nrf52840/dongle/obj/app_usbd.o
                0x00000000000035ec                app_usbd_ep_enable
 .text.app_usbd_ep_disable
                0x0000000000003614        0x4 build/nrf52840/dongle/obj/app_usbd.o
                0x0000000000003614                app_usbd_ep_disable
 .text.app_usbd_class_first_get
                0x0000000000003618        0xc build/nrf52840/dongle/obj/app_usbd.o
                0x0000000000003618                app_usbd_class_first_get
 .text.app_usbd_iface_find
                0x0000000000003624       0x44 build/nrf52840/dongle/obj/app_usbd.o
                0x0000000000003624                app_usbd_iface_find
 .text.app_usbd_iface_call
                0x0000000000003668        0x8 build/nrf52840/dongle/obj/app_usbd.o
                0x0000000000003668                app_usbd_iface_call
 .text.app_usbd_ep_call
                0x0000000000003670       0x2c build/nrf52840/dongle/obj/app_usbd.o
                0x0000000000003670                app_usbd_ep_call
 .text.app_usbd_all_until_served_call
                0x000000000000369c       0x2c build/nrf52840/dongle/obj/app_usbd.o
                0x000000000000369c                app_usbd_all_until_served_call
 .text.app_usbd_ep_transfer
                0x00000000000036c8       0x28 build/nrf52840/dongle/obj/app_usbd.o
                0x00000000000036c8                app_usbd_ep_transfer
 .text.app_usbd_ep_handled_transfer
                0x00000000000036f0       0x28 build/nrf52840/dongle/obj/app_usbd.o
                0x00000000000036f0                app_usbd_ep_handled_transfer
 .text.app_usbd_iface_select
                0x0000000000003718       0x74 build/nrf52840/dongle/obj/app_usbd.o
                0x0000000000003718                app_usbd_iface_select
 .text.app_usbd_iface_deselect
                0x000000000000378c       0x50 build/nrf52840/dongle/obj/app_usbd.o
                0x000000000000378c                app_usbd_iface_deselect
 .text.app_usbd_event_execute
                0x00000000000037dc      0x69c build/nrf52840/dongle/obj/app_usbd.o
                0x00000000000037dc                app_usbd_event_execute
 .text.app_usbd_iface_selection_get
                0x0000000000003e78        0xc build/nrf52840/dongle/obj/app_usbd.o
                0x0000000000003e78                app_usbd_iface_selection_get
 .text.app_usbd_all_iface_select_0
                0x0000000000003e84       0x30 build/nrf52840/dongle/obj/app_usbd.o
                0x0000000000003e84                app_usbd_all_iface_select_0
 .text.app_usbd_all_iface_deselect
                0x0000000000003eb4       0x2c build/nrf52840/dongle/obj/app_usbd.o
                0x0000000000003eb4                app_usbd_all_iface_deselect
 .text.cdc_acm_single_shoot_consumer
                0x0000000000003ee0       0x20 build/nrf52840/dongle/obj/app_usbd_cdc_acm.o
 .text.cdc_acm_feed_descriptors
                0x0000000000003f00      0xbec build/nrf52840/dongle/obj/app_usbd_cdc_acm.o
 .text.cdc_acm_req_out_data_cb
                0x0000000000004aec       0x28 build/nrf52840/dongle/obj/app_usbd_cdc_acm.o
 .text.cdc_acm_consumer
                0x0000000000004b14       0x38 build/nrf52840/dongle/obj/app_usbd_cdc_acm.o
 .text.cdc_acm_event_handler
                0x0000000000004b4c      0x344 build/nrf52840/dongle/obj/app_usbd_cdc_acm.o
 .text.app_usbd_cdc_acm_write
                0x0000000000004e90       0x4c build/nrf52840/dongle/obj/app_usbd_cdc_acm.o
                0x0000000000004e90                app_usbd_cdc_acm_write
 .text.app_usbd_cdc_acm_rx_size
                0x0000000000004edc        0x8 build/nrf52840/dongle/obj/app_usbd_cdc_acm.o
                0x0000000000004edc                app_usbd_cdc_acm_rx_size
 .text.app_usbd_cdc_acm_read_any
                0x0000000000004ee4       0x98 build/nrf52840/dongle/obj/app_usbd_cdc_acm.o
                0x0000000000004ee4                app_usbd_cdc_acm_read_any
 .text.setup_data_handler_empty
                0x0000000000004f7c        0x4 build/nrf52840/dongle/obj/app_usbd_core.o
 .text.usbd_descriptor_conf_feeder
                0x0000000000004f80      0x128 build/nrf52840/dongle/obj/app_usbd_core.o
 .text.app_usbd_core_ep0_enable
                0x00000000000050a8       0x14 build/nrf52840/dongle/obj/app_usbd_core.o
                0x00000000000050a8                app_usbd_core_ep0_enable
 .text.app_usbd_core_ep0_disable
                0x00000000000050bc       0x14 build/nrf52840/dongle/obj/app_usbd_core.o
                0x00000000000050bc                app_usbd_core_ep0_disable
 .text.app_usbd_core_setup_rsp
                0x00000000000050d0       0x88 build/nrf52840/dongle/obj/app_usbd_core.o
                0x00000000000050d0                app_usbd_core_setup_rsp
 .text.app_usbd_core_event_handler
                0x0000000000005158      0x57c build/nrf52840/dongle/obj/app_usbd_core.o
 .text.app_usbd_core_setup_data_handler_set
                0x00000000000056d4       0x28 build/nrf52840/dongle/obj/app_usbd_core.o
                0x00000000000056d4                app_usbd_core_setup_data_handler_set
 .text.app_usbd_core_setup_transfer_buff_get
                0x00000000000056fc       0x10 build/nrf52840/dongle/obj/app_usbd_core.o
                0x00000000000056fc                app_usbd_core_setup_transfer_buff_get
 .text.app_usbd_serial_num_generate
                0x000000000000570c       0x50 build/nrf52840/dongle/obj/app_usbd_serial_num.o
                0x000000000000570c                app_usbd_serial_num_generate
 .text.app_usbd_prepare_string.constprop.0
                0x000000000000575c       0x4c build/nrf52840/dongle/obj/app_usbd_string_desc.o
 .text.app_usbd_string_desc_get
                0x00000000000057a8       0x24 build/nrf52840/dongle/obj/app_usbd_string_desc.o
                0x00000000000057a8                app_usbd_string_desc_get
 .text.nrf_atomic_flag_clear_fetch
                0x00000000000057cc       0x18 build/nrf52840/dongle/obj/nrf_atomic.o
                0x00000000000057cc                nrf_atomic_flag_clear_fetch
 .text.nrfx_usbd_consumer
                0x00000000000057e4       0x38 build/nrf52840/dongle/obj/nrfx_usbd.o
                0x00000000000057e4                nrfx_usbd_consumer
 .text.nrfx_usbd_feeder_ram
                0x000000000000581c       0x24 build/nrf52840/dongle/obj/nrfx_usbd.o
                0x000000000000581c                nrfx_usbd_feeder_ram
 .text.nrfx_usbd_feeder_ram_zlp
                0x0000000000005840       0x28 build/nrf52840/dongle/obj/nrfx_usbd.o
                0x0000000000005840                nrfx_usbd_feeder_ram_zlp
 .text.ev_usbreset_handler
                0x0000000000005868       0x38 build/nrf52840/dongle/obj/nrfx_usbd.o
 .text.ev_started_handler
                0x00000000000058a0        0x4 build/nrf52840/dongle/obj/nrfx_usbd.o
 .text.ev_sof_handler
                0x00000000000058a4       0x48 build/nrf52840/dongle/obj/nrfx_usbd.o
 .text.ev_usbevent_handler
                0x00000000000058ec       0xa8 build/nrf52840/dongle/obj/nrfx_usbd.o
 .text.nrfx_usbd_feeder_flash
                0x0000000000005994       0x38 build/nrf52840/dongle/obj/nrfx_usbd.o
                0x0000000000005994                nrfx_usbd_feeder_flash
 .text.nrfx_usbd_feeder_flash_zlp
                0x00000000000059cc       0x40 build/nrf52840/dongle/obj/nrfx_usbd.o
                0x00000000000059cc                nrfx_usbd_feeder_flash_zlp
 .text.usbd_ep_data_handler
                0x0000000000005a0c      0x10c build/nrf52840/dongle/obj/nrfx_usbd.o
 .text.ev_setup_data_handler
                0x0000000000005b18       0x20 build/nrf52840/dongle/obj/nrfx_usbd.o
 .text.ev_dma_epout8_handler
                0x0000000000005b38       0x68 build/nrf52840/dongle/obj/nrfx_usbd.o
 .text.ev_dma_epin8_handler
                0x0000000000005ba0       0x74 build/nrf52840/dongle/obj/nrfx_usbd.o
 .text.usbd_dmareq_process.part.0
                0x0000000000005c14      0x2fc build/nrf52840/dongle/obj/nrfx_usbd.o
 .text.ev_epdata_handler
                0x0000000000005f10       0x98 build/nrf52840/dongle/obj/nrfx_usbd.o
 .text.ev_dma_epout5_handler
                0x0000000000005fa8       0x80 build/nrf52840/dongle/obj/nrfx_usbd.o
 .text.ev_dma_epin0_handler
                0x0000000000006028       0x48 build/nrf52840/dongle/obj/nrfx_usbd.o
 .text.ev_dma_epin1_handler
                0x0000000000006070       0x48 build/nrf52840/dongle/obj/nrfx_usbd.o
 .text.ev_dma_epin2_handler
                0x00000000000060b8       0x48 build/nrf52840/dongle/obj/nrfx_usbd.o
 .text.ev_dma_epin7_handler
                0x0000000000006100       0x48 build/nrf52840/dongle/obj/nrfx_usbd.o
 .text.ev_dma_epin3_handler
                0x0000000000006148       0x48 build/nrf52840/dongle/obj/nrfx_usbd.o
 .text.ev_dma_epin4_handler
                0x0000000000006190       0x48 build/nrf52840/dongle/obj/nrfx_usbd.o
 .text.ev_dma_epin5_handler
                0x00000000000061d8       0x48 build/nrf52840/dongle/obj/nrfx_usbd.o
 .text.ev_dma_epin6_handler
                0x0000000000006220       0x48 build/nrf52840/dongle/obj/nrfx_usbd.o
 .text.ev_dma_epout1_handler
                0x0000000000006268       0x7c build/nrf52840/dongle/obj/nrfx_usbd.o
 .text.ev_dma_epout6_handler
                0x00000000000062e4       0x7c build/nrf52840/dongle/obj/nrfx_usbd.o
 .text.ev_dma_epout7_handler
                0x0000000000006360       0x80 build/nrf52840/dongle/obj/nrfx_usbd.o
 .text.ev_dma_epout2_handler
                0x00000000000063e0       0x80 build/nrf52840/dongle/obj/nrfx_usbd.o
 .text.ev_dma_epout3_handler
                0x0000000000006460       0x80 build/nrf52840/dongle/obj/nrfx_usbd.o
 .text.ev_dma_epout4_handler
                0x00000000000064e0       0x80 build/nrf52840/dongle/obj/nrfx_usbd.o
 .text.nrfx_usbd_init
                0x0000000000006560       0x7c build/nrf52840/dongle/obj/nrfx_usbd.o
                0x0000000000006560                nrfx_usbd_init
 .text.nrfx_usbd_uninit
                0x00000000000065dc       0x14 build/nrf52840/dongle/obj/nrfx_usbd.o
                0x00000000000065dc                nrfx_usbd_uninit
 .text.nrfx_usbd_enable
                0x00000000000065f0      0x1cc build/nrf52840/dongle/obj/nrfx_usbd.o
                0x00000000000065f0                nrfx_usbd_enable
 .text.nrfx_usbd_start
                0x00000000000067bc       0x60 build/nrf52840/dongle/obj/nrfx_usbd.o
                0x00000000000067bc                nrfx_usbd_start
 .text.nrfx_usbd_is_initialized
                0x000000000000681c       0x10 build/nrf52840/dongle/obj/nrfx_usbd.o
                0x000000000000681c                nrfx_usbd_is_initialized
 .text.nrfx_usbd_is_enabled
                0x000000000000682c       0x14 build/nrf52840/dongle/obj/nrfx_usbd.o
                0x000000000000682c                nrfx_usbd_is_enabled
 .text.nrfx_usbd_wakeup_req
                0x0000000000006840       0x74 build/nrf52840/dongle/obj/nrfx_usbd.o
                0x0000000000006840                nrfx_usbd_wakeup_req
 .text.nrfx_usbd_suspend_irq_config
                0x00000000000068b4       0x14 build/nrf52840/dongle/obj/nrfx_usbd.o
                0x00000000000068b4                nrfx_usbd_suspend_irq_config
 .text.nrfx_usbd_active_irq_config
                0x00000000000068c8       0x14 build/nrf52840/dongle/obj/nrfx_usbd.o
                0x00000000000068c8                nrfx_usbd_active_irq_config
 .text.nrfx_usbd_force_bus_wakeup
                0x00000000000068dc        0xc build/nrf52840/dongle/obj/nrfx_usbd.o
                0x00000000000068dc                nrfx_usbd_force_bus_wakeup
 .text.nrfx_usbd_ep_max_packet_size_get
                0x00000000000068e8       0x20 build/nrf52840/dongle/obj/nrfx_usbd.o
                0x00000000000068e8                nrfx_usbd_ep_max_packet_size_get
 .text.nrfx_usbd_ep_enable_check
                0x0000000000006908       0x20 build/nrf52840/dongle/obj/nrfx_usbd.o
                0x0000000000006908                nrfx_usbd_ep_enable_check
 .text.nrfx_usbd_ep_transfer
                0x0000000000006928      0x120 build/nrf52840/dongle/obj/nrfx_usbd.o
                0x0000000000006928                nrfx_usbd_ep_transfer
 .text.nrfx_usbd_ep_handled_transfer
                0x0000000000006a48       0xac build/nrf52840/dongle/obj/nrfx_usbd.o
                0x0000000000006a48                nrfx_usbd_ep_handled_transfer
 .text.nrfx_usbd_feeder_buffer_get
                0x0000000000006af4        0x8 build/nrf52840/dongle/obj/nrfx_usbd.o
                0x0000000000006af4                nrfx_usbd_feeder_buffer_get
 .text.nrfx_usbd_ep_stall
                0x0000000000006afc       0x18 build/nrf52840/dongle/obj/nrfx_usbd.o
                0x0000000000006afc                nrfx_usbd_ep_stall
 .text.nrfx_usbd_ep_stall_check
                0x0000000000006b14       0x44 build/nrf52840/dongle/obj/nrfx_usbd.o
                0x0000000000006b14                nrfx_usbd_ep_stall_check
 .text.nrfx_usbd_ep_dtoggle_clear
                0x0000000000006b58       0x20 build/nrf52840/dongle/obj/nrfx_usbd.o
                0x0000000000006b58                nrfx_usbd_ep_dtoggle_clear
 .text.nrfx_usbd_setup_get
                0x0000000000006b78       0x4c build/nrf52840/dongle/obj/nrfx_usbd.o
                0x0000000000006b78                nrfx_usbd_setup_get
 .text.nrfx_usbd_setup_data_clear
                0x0000000000006bc4       0x4c build/nrf52840/dongle/obj/nrfx_usbd.o
                0x0000000000006bc4                nrfx_usbd_setup_data_clear
 .text.ev_dma_epout0_handler
                0x0000000000006c10       0x74 build/nrf52840/dongle/obj/nrfx_usbd.o
 .text.nrfx_usbd_setup_clear
                0x0000000000006c84       0x14 build/nrf52840/dongle/obj/nrfx_usbd.o
                0x0000000000006c84                nrfx_usbd_setup_clear
 .text.nrfx_usbd_setup_stall
                0x0000000000006c98       0x14 build/nrf52840/dongle/obj/nrfx_usbd.o
                0x0000000000006c98                nrfx_usbd_setup_stall
 .text.nrfx_usbd_last_setup_dir_get
                0x0000000000006cac        0xc build/nrf52840/dongle/obj/nrfx_usbd.o
                0x0000000000006cac                nrfx_usbd_last_setup_dir_get
 .text.nrfx_usbd_transfer_out_drop
                0x0000000000006cb8       0xac build/nrf52840/dongle/obj/nrfx_usbd.o
                0x0000000000006cb8                nrfx_usbd_transfer_out_drop
 .text.usbd_ep_abort
                0x0000000000006d64      0x118 build/nrf52840/dongle/obj/nrfx_usbd.o
 .text.nrfx_usbd_ep_abort
                0x0000000000006e7c        0x4 build/nrf52840/dongle/obj/nrfx_usbd.o
                0x0000000000006e7c                nrfx_usbd_ep_abort
 .text.ev_setup_handler
                0x0000000000006e80       0x84 build/nrf52840/dongle/obj/nrfx_usbd.o
 .text.USBD_IRQHandler
                0x0000000000006f04      0x238 build/nrf52840/dongle/obj/nrfx_usbd.o
                0x0000000000006f04                USBD_IRQHandler
 .text.usbd_ep_abort_all
                0x000000000000713c       0x78 build/nrf52840/dongle/obj/nrfx_usbd.o
 .text.nrfx_usbd_stop
                0x00000000000071b4       0x44 build/nrf52840/dongle/obj/nrfx_usbd.o
                0x00000000000071b4                nrfx_usbd_stop
 .text.nrfx_usbd_suspend
                0x00000000000071f8       0x54 build/nrf52840/dongle/obj/nrfx_usbd.o
                0x00000000000071f8                nrfx_usbd_suspend
 .text.nrfx_usbd_disable
                0x000000000000724c       0x80 build/nrf52840/dongle/obj/nrfx_usbd.o
                0x000000000000724c                nrfx_usbd_disable
 .text.nrfx_usbd_ep_disable
                0x00000000000072cc       0x64 build/nrf52840/dongle/obj/nrfx_usbd.o
                0x00000000000072cc                nrfx_usbd_ep_disable
 .text.nrfx_usbd_ep_enable
                0x0000000000007330       0xb0 build/nrf52840/dongle/obj/nrfx_usbd.o
                0x0000000000007330                nrfx_usbd_ep_enable
 .text.nrfx_usbd_ep_stall_clear
                0x00000000000073e0       0x3c build/nrf52840/dongle/obj/nrfx_usbd.o
                0x00000000000073e0                nrfx_usbd_ep_stall_clear
 .text.nrfx_systick_delay_us
                0x000000000000741c       0x2c build/nrf52840/dongle/obj/nrfx_systick.o
                0x000000000000741c                nrfx_systick_delay_us
 .text.nrfx_atomic_u32_fetch_and
                0x0000000000007448       0x18 build/nrf52840/dongle/obj/nrfx_atomic.o
                0x0000000000007448                nrfx_atomic_u32_fetch_and
 .text.nrf_dfu_trigger_feed_descriptors
                0x0000000000007460      0x4c0 build/nrf52840/dongle/obj/app_usbd_nrf_dfu_trigger.o
 .text.nrf_dfu_trigger_event_handler
                0x0000000000007920       0xc4 build/nrf52840/dongle/obj/app_usbd_nrf_dfu_trigger.o
 .text          0x00000000000079e4       0x3c build/nrf52840/dongle/obj/gcc_startup_nrf52840.o
                0x00000000000079e4                Reset_Handler
                0x0000000000007a0c                NMI_Handler
                0x0000000000007a0e                HardFault_Handler
                0x0000000000007a10                MemoryManagement_Handler
                0x0000000000007a12                BusFault_Handler
                0x0000000000007a14                UsageFault_Handler
                0x0000000000007a16                SVC_Handler
                0x0000000000007a18                DebugMon_Handler
                0x0000000000007a1a                PendSV_Handler
                0x0000000000007a1c                SysTick_Handler
                0x0000000000007a1e                TIMER2_IRQHandler
                0x0000000000007a1e                SWI0_EGU0_IRQHandler
                0x0000000000007a1e                SWI2_EGU2_IRQHandler
                0x0000000000007a1e                PWM1_IRQHandler
                0x0000000000007a1e                PDM_IRQHandler
                0x0000000000007a1e                TEMP_IRQHandler
                0x0000000000007a1e                QDEC_IRQHandler
                0x0000000000007a1e                TIMER3_IRQHandler
                0x0000000000007a1e                PWM3_IRQHandler
                0x0000000000007a1e                FPU_IRQHandler
                0x0000000000007a1e                SPIM0_SPIS0_TWIM0_TWIS0_SPI0_TWI0_IRQHandler
                0x0000000000007a1e                TIMER4_IRQHandler
                0x0000000000007a1e                CRYPTOCELL_IRQHandler
                0x0000000000007a1e                I2S_IRQHandler
                0x0000000000007a1e                SWI4_EGU4_IRQHandler
                0x0000000000007a1e                UARTE1_IRQHandler
                0x0000000000007a1e                TIMER1_IRQHandler
                0x0000000000007a1e                SPIM3_IRQHandler
                0x0000000000007a1e                PWM2_IRQHandler
                0x0000000000007a1e                ECB_IRQHandler
                0x0000000000007a1e                SPIM1_SPIS1_TWIM1_TWIS1_SPI1_TWI1_IRQHandler
                0x0000000000007a1e                Default_Handler
                0x0000000000007a1e                SAADC_IRQHandler
                0x0000000000007a1e                CCM_AAR_IRQHandler
                0x0000000000007a1e                SWI5_EGU5_IRQHandler
                0x0000000000007a1e                RTC2_IRQHandler
                0x0000000000007a1e                PWM0_IRQHandler
                0x0000000000007a1e                SWI3_EGU3_IRQHandler
                0x0000000000007a1e                RTC1_IRQHandler
                0x0000000000007a1e                SWI1_EGU1_IRQHandler
                0x0000000000007a1e                SPIM2_SPIS2_SPI2_IRQHandler
                0x0000000000007a1e                NFCT_IRQHandler
                0x0000000000007a1e                MWU_IRQHandler
                0x0000000000007a1e                QSPI_IRQHandler
                0x0000000000007a1e                COMP_LPCOMP_IRQHandler
 .text.send_headers
                0x0000000000007a20       0x64 build/nrf52840/dongle/obj/httpd-simple.o
 .text.handle_input.isra.0
                0x0000000000007a84       0xec build/nrf52840/dongle/obj/httpd-simple.o
 .text.handle_output.isra.0
                0x0000000000007b70       0xd8 build/nrf52840/dongle/obj/httpd-simple.o
 .text.httpd_appcall
                0x0000000000007c48       0xc8 build/nrf52840/dongle/obj/httpd-simple.o
                0x0000000000007c48                httpd_appcall
 .text.httpd_init
                0x0000000000007d10       0x18 build/nrf52840/dongle/obj/httpd-simple.o
                0x0000000000007d10                httpd_init
 .text.process_thread_webserver_nogui_process
                0x0000000000007d28       0x38 build/nrf52840/dongle/obj/webserver.o
 .text.ipaddr_add
                0x0000000000007d60       0xb0 build/nrf52840/dongle/obj/webserver.o
 .text.generate_routes
                0x0000000000007e10      0x354 build/nrf52840/dongle/obj/webserver.o
 .text.httpd_simple_get_script
                0x0000000000008164        0x8 build/nrf52840/dongle/obj/webserver.o
                0x0000000000008164                httpd_simple_get_script
 .text.print_local_addresses
                0x000000000000816c       0x74 build/nrf52840/dongle/obj/rpl-border-router.o
                0x000000000000816c                print_local_addresses
 .text.set_prefix_64
                0x00000000000081e0       0x20 build/nrf52840/dongle/obj/rpl-border-router.o
                0x00000000000081e0                set_prefix_64
 .text.rpl_border_router_init
                0x0000000000008200        0xc build/nrf52840/dongle/obj/rpl-border-router.o
                0x0000000000008200                rpl_border_router_init
 .text.startup.main
                0x000000000000820c      0x1f8 build/nrf52840/dongle/obj/contiki-main.o
                0x000000000000820c                main
 .text.autostart_start
                0x0000000000008404       0x18 build/nrf52840/dongle/obj/autostart.o
                0x0000000000008404                autostart_start
 .text.process_thread_ctimer_process
                0x000000000000841c       0x94 build/nrf52840/dongle/obj/ctimer.o
 .text.ctimer_init
                0x00000000000084b0       0x28 build/nrf52840/dongle/obj/ctimer.o
                0x00000000000084b0                ctimer_init
 .text.ctimer_set
                0x00000000000084d8       0x4c build/nrf52840/dongle/obj/ctimer.o
                0x00000000000084d8                ctimer_set
 .text.ctimer_reset
                0x0000000000008524       0x44 build/nrf52840/dongle/obj/ctimer.o
                0x0000000000008524                ctimer_reset
 .text.ctimer_stop
                0x0000000000008568       0x34 build/nrf52840/dongle/obj/ctimer.o
                0x0000000000008568                ctimer_stop
 .text.ctimer_expired
                0x000000000000859c       0x3c build/nrf52840/dongle/obj/ctimer.o
                0x000000000000859c                ctimer_expired
 .text.energest_init
                0x00000000000085d8        0x4 build/nrf52840/dongle/obj/energest.o
                0x00000000000085d8                energest_init
 .text.update_time.part.0
                0x00000000000085dc       0x3c build/nrf52840/dongle/obj/etimer.o
 .text.process_thread_etimer_process
                0x0000000000008618       0xd4 build/nrf52840/dongle/obj/etimer.o
 .text.add_timer
                0x00000000000086ec       0x54 build/nrf52840/dongle/obj/etimer.o
 .text.etimer_request_poll
                0x0000000000008740        0xc build/nrf52840/dongle/obj/etimer.o
                0x0000000000008740                etimer_request_poll
 .text.etimer_set
                0x000000000000874c       0x14 build/nrf52840/dongle/obj/etimer.o
                0x000000000000874c                etimer_set
 .text.etimer_reset
                0x0000000000008760       0x14 build/nrf52840/dongle/obj/etimer.o
                0x0000000000008760                etimer_reset
 .text.etimer_restart
                0x0000000000008774       0x14 build/nrf52840/dongle/obj/etimer.o
                0x0000000000008774                etimer_restart
 .text.etimer_expired
                0x0000000000008788        0xc build/nrf52840/dongle/obj/etimer.o
                0x0000000000008788                etimer_expired
 .text.etimer_pending
                0x0000000000008794       0x10 build/nrf52840/dongle/obj/etimer.o
                0x0000000000008794                etimer_pending
 .text.etimer_stop
                0x00000000000087a4       0x54 build/nrf52840/dongle/obj/etimer.o
                0x00000000000087a4                etimer_stop
 .text.log_6addr
                0x00000000000087f8       0x20 build/nrf52840/dongle/obj/log.o
                0x00000000000087f8                log_6addr
 .text.log_lladdr
                0x0000000000008818       0x60 build/nrf52840/dongle/obj/log.o
                0x0000000000008818                log_lladdr
 .text.node_id_init
                0x0000000000008878       0x18 build/nrf52840/dongle/obj/node-id.o
                0x0000000000008878                node_id_init
 .text.exit_process
                0x0000000000008890       0xd8 build/nrf52840/dongle/obj/process.o
 .text.call_process.part.0
                0x0000000000008968       0x38 build/nrf52840/dongle/obj/process.o
 .text.do_poll  0x00000000000089a0       0x5c build/nrf52840/dongle/obj/process.o
 .text.process_alloc_event
                0x00000000000089fc       0x10 build/nrf52840/dongle/obj/process.o
                0x00000000000089fc                process_alloc_event
 .text.process_start
                0x0000000000008a0c       0x64 build/nrf52840/dongle/obj/process.o
                0x0000000000008a0c                process_start
 .text.process_init
                0x0000000000008a70       0x38 build/nrf52840/dongle/obj/process.o
                0x0000000000008a70                process_init
 .text.process_run
                0x0000000000008aa8       0xd4 build/nrf52840/dongle/obj/process.o
                0x0000000000008aa8                process_run
 .text.process_nevents
                0x0000000000008b7c       0x14 build/nrf52840/dongle/obj/process.o
                0x0000000000008b7c                process_nevents
 .text.process_post
                0x0000000000008b90       0x4c build/nrf52840/dongle/obj/process.o
                0x0000000000008b90                process_post
 .text.process_post_synch
                0x0000000000008bdc       0x18 build/nrf52840/dongle/obj/process.o
                0x0000000000008bdc                process_post_synch
 .text.process_poll
                0x0000000000008bf4       0x1c build/nrf52840/dongle/obj/process.o
                0x0000000000008bf4                process_poll
 .text.rtimer_init
                0x0000000000008c10        0x4 build/nrf52840/dongle/obj/rtimer.o
                0x0000000000008c10                rtimer_init
 .text.rtimer_run_next
                0x0000000000008c14       0x28 build/nrf52840/dongle/obj/rtimer.o
                0x0000000000008c14                rtimer_run_next
 .text.stack_check_init
                0x0000000000008c3c       0x28 build/nrf52840/dongle/obj/stack-check.o
                0x0000000000008c3c                stack_check_init
 .text.stack_check_get_usage
                0x0000000000008c64       0x54 build/nrf52840/dongle/obj/stack-check.o
                0x0000000000008c64                stack_check_get_usage
 .text.process_thread_stack_check_process
                0x0000000000008cb8       0xb0 build/nrf52840/dongle/obj/stack-check.o
 .text.stimer_set
                0x0000000000008d68       0x10 build/nrf52840/dongle/obj/stimer.o
                0x0000000000008d68                stimer_set
 .text.stimer_expired
                0x0000000000008d78       0x20 build/nrf52840/dongle/obj/stimer.o
                0x0000000000008d78                stimer_expired
 .text.timer_set
                0x0000000000008d98       0x10 build/nrf52840/dongle/obj/timer.o
                0x0000000000008d98                timer_set
 .text.timer_reset
                0x0000000000008da8       0x1c build/nrf52840/dongle/obj/timer.o
                0x0000000000008da8                timer_reset
 .text.timer_restart
                0x0000000000008dc4        0xc build/nrf52840/dongle/obj/timer.o
                0x0000000000008dc4                timer_restart
 .text.timer_expired
                0x0000000000008dd0       0x1c build/nrf52840/dongle/obj/timer.o
                0x0000000000008dd0                timer_expired
 .text.list_init
                0x0000000000008dec        0x8 build/nrf52840/dongle/obj/list.o
                0x0000000000008dec                list_init
 .text.list_head
                0x0000000000008df4        0x4 build/nrf52840/dongle/obj/list.o
                0x0000000000008df4                list_head
 .text.list_add
                0x0000000000008df8       0x5c build/nrf52840/dongle/obj/list.o
                0x0000000000008df8                list_add
 .text.list_push
                0x0000000000008e54       0x3c build/nrf52840/dongle/obj/list.o
                0x0000000000008e54                list_push
 .text.list_remove
                0x0000000000008e90       0x34 build/nrf52840/dongle/obj/list.o
                0x0000000000008e90                list_remove
 .text.list_length
                0x0000000000008ec4       0x14 build/nrf52840/dongle/obj/list.o
                0x0000000000008ec4                list_length
 .text.list_item_next
                0x0000000000008ed8        0x8 build/nrf52840/dongle/obj/list.o
                0x0000000000008ed8                list_item_next
 .text.memb_init
                0x0000000000008ee0       0x24 build/nrf52840/dongle/obj/memb.o
                0x0000000000008ee0                memb_init
 .text.memb_alloc
                0x0000000000008f04       0x38 build/nrf52840/dongle/obj/memb.o
                0x0000000000008f04                memb_alloc
 .text.memb_free
                0x0000000000008f3c       0x40 build/nrf52840/dongle/obj/memb.o
                0x0000000000008f3c                memb_free
 .text.memb_inmemb
                0x0000000000008f7c       0x1c build/nrf52840/dongle/obj/memb.o
                0x0000000000008f7c                memb_inmemb
 .text.memb_numfree
                0x0000000000008f98       0x1c build/nrf52840/dongle/obj/memb.o
                0x0000000000008f98                memb_numfree
 .text.random_rand
                0x0000000000008fb4        0xc build/nrf52840/dongle/obj/random.o
                0x0000000000008fb4                random_rand
 .text.random_init
                0x0000000000008fc0       0x40 build/nrf52840/dongle/obj/random.o
                0x0000000000008fc0                random_init
 .text.ringbuf_init
                0x0000000000009000       0x10 build/nrf52840/dongle/obj/ringbuf.o
                0x0000000000009000                ringbuf_init
 .text.ringbuf_get
                0x0000000000009010       0x28 build/nrf52840/dongle/obj/ringbuf.o
                0x0000000000009010                ringbuf_get
 .text.process_thread_sensors_process
                0x0000000000009038       0xf4 build/nrf52840/dongle/obj/sensors.o
 .text.duration_exceeded_callback
                0x000000000000912c       0x34 build/nrf52840/dongle/obj/button-hal.o
 .text.process_thread_button_hal_process
                0x0000000000009160       0xa4 build/nrf52840/dongle/obj/button-hal.o
 .text.press_release_handler
                0x0000000000009204       0x34 build/nrf52840/dongle/obj/button-hal.o
 .text.debounce_handler
                0x0000000000009238       0x78 build/nrf52840/dongle/obj/button-hal.o
 .text.button_hal_init
                0x00000000000092b0       0xe8 build/nrf52840/dongle/obj/button-hal.o
                0x00000000000092b0                button_hal_init
 .text.gpio_hal_register_handler
                0x0000000000009398        0xc build/nrf52840/dongle/obj/gpio-hal.o
                0x0000000000009398                gpio_hal_register_handler
 .text.gpio_hal_event_handler
                0x00000000000093a4       0x3c build/nrf52840/dongle/obj/gpio-hal.o
                0x00000000000093a4                gpio_hal_event_handler
 .text.gpio_hal_init
                0x00000000000093e0       0x14 build/nrf52840/dongle/obj/gpio-hal.o
                0x00000000000093e0                gpio_hal_init
 .text.leds_off
                0x00000000000093f4       0x78 build/nrf52840/dongle/obj/leds.o
                0x00000000000093f4                leds_off
 .text.leds_init
                0x000000000000946c       0x48 build/nrf52840/dongle/obj/leds.o
                0x000000000000946c                leds_init
 .text.process_thread_serial_line_process
                0x00000000000094b4       0xa8 build/nrf52840/dongle/obj/serial-line.o
 .text.serial_line_init
                0x000000000000955c       0x24 build/nrf52840/dongle/obj/serial-line.o
                0x000000000000955c                serial_line_init
 .text.process_thread_slip_process
                0x0000000000009580      0x2f0 build/nrf52840/dongle/obj/slip.o
 .text.slip_set_input_callback
                0x0000000000009870        0xc build/nrf52840/dongle/obj/slip.o
                0x0000000000009870                slip_set_input_callback
 .text.slip_write
                0x000000000000987c       0x54 build/nrf52840/dongle/obj/slip.o
                0x000000000000987c                slip_write
 .text.slip_send
                0x00000000000098d0       0x14 build/nrf52840/dongle/obj/slip.o
                0x00000000000098d0                slip_send
 .text.slip_input_byte
                0x00000000000098e4       0xbc build/nrf52840/dongle/obj/slip.o
                0x00000000000098e4                slip_input_byte
 .text.periodic
                0x00000000000099a0       0x30 build/nrf52840/dongle/obj/link-stats.o
 .text.link_stats_from_lladdr
                0x00000000000099d0        0xc build/nrf52840/dongle/obj/link-stats.o
                0x00000000000099d0                link_stats_from_lladdr
 .text.link_stats_is_fresh
                0x00000000000099dc       0x28 build/nrf52840/dongle/obj/link-stats.o
                0x00000000000099dc                link_stats_is_fresh
 .text.link_stats_packet_sent
                0x0000000000009a04       0xf4 build/nrf52840/dongle/obj/link-stats.o
                0x0000000000009a04                link_stats_packet_sent
 .text.link_stats_input_callback
                0x0000000000009af8       0x88 build/nrf52840/dongle/obj/link-stats.o
                0x0000000000009af8                link_stats_input_callback
 .text.link_stats_reset
                0x0000000000009b80       0x2c build/nrf52840/dongle/obj/link-stats.o
                0x0000000000009b80                link_stats_reset
 .text.link_stats_init
                0x0000000000009bac       0x28 build/nrf52840/dongle/obj/link-stats.o
                0x0000000000009bac                link_stats_init
 .text.linkaddr_copy
                0x0000000000009bd4        0x8 build/nrf52840/dongle/obj/linkaddr.o
                0x0000000000009bd4                linkaddr_copy
 .text.linkaddr_cmp
                0x0000000000009bdc       0x10 build/nrf52840/dongle/obj/linkaddr.o
                0x0000000000009bdc                linkaddr_cmp
 .text.index_from_lladdr
                0x0000000000009bec       0x54 build/nrf52840/dongle/obj/nbr-table.o
 .text.select_for_removal.constprop.0
                0x0000000000009c40       0x74 build/nrf52840/dongle/obj/nbr-table.o
 .text.remove_key
                0x0000000000009cb4       0xac build/nrf52840/dongle/obj/nbr-table.o
 .text.nbr_table_register
                0x0000000000009d60       0x44 build/nrf52840/dongle/obj/nbr-table.o
                0x0000000000009d60                nbr_table_register
 .text.nbr_table_next
                0x0000000000009da4       0x70 build/nrf52840/dongle/obj/nbr-table.o
                0x0000000000009da4                nbr_table_next
 .text.nbr_table_head
                0x0000000000009e14       0x58 build/nrf52840/dongle/obj/nbr-table.o
                0x0000000000009e14                nbr_table_head
 .text.nbr_table_add_lladdr
                0x0000000000009e6c      0x124 build/nrf52840/dongle/obj/nbr-table.o
                0x0000000000009e6c                nbr_table_add_lladdr
 .text.nbr_table_get_from_lladdr
                0x0000000000009f90       0x38 build/nrf52840/dongle/obj/nbr-table.o
                0x0000000000009f90                nbr_table_get_from_lladdr
 .text.nbr_table_remove
                0x0000000000009fc8       0x60 build/nrf52840/dongle/obj/nbr-table.o
                0x0000000000009fc8                nbr_table_remove
 .text.nbr_table_lock
                0x000000000000a028       0x30 build/nrf52840/dongle/obj/nbr-table.o
                0x000000000000a028                nbr_table_lock
 .text.nbr_table_unlock
                0x000000000000a058       0x38 build/nrf52840/dongle/obj/nbr-table.o
                0x000000000000a058                nbr_table_unlock
 .text.nbr_table_get_lladdr
                0x000000000000a090       0x2c build/nrf52840/dongle/obj/nbr-table.o
                0x000000000000a090                nbr_table_get_lladdr
 .text.netstack_process_ip_callback
                0x000000000000a0bc       0x40 build/nrf52840/dongle/obj/netstack.o
                0x000000000000a0bc                netstack_process_ip_callback
 .text.netstack_init
                0x000000000000a0fc       0x24 build/nrf52840/dongle/obj/netstack.o
                0x000000000000a0fc                netstack_init
 .text.packetbuf_clear
                0x000000000000a120       0x4c build/nrf52840/dongle/obj/packetbuf.o
                0x000000000000a120                packetbuf_clear
 .text.packetbuf_copyfrom
                0x000000000000a16c       0x70 build/nrf52840/dongle/obj/packetbuf.o
                0x000000000000a16c                packetbuf_copyfrom
 .text.packetbuf_copyto
                0x000000000000a1dc       0x4c build/nrf52840/dongle/obj/packetbuf.o
                0x000000000000a1dc                packetbuf_copyto
 .text.packetbuf_hdralloc
                0x000000000000a228       0x60 build/nrf52840/dongle/obj/packetbuf.o
                0x000000000000a228                packetbuf_hdralloc
 .text.packetbuf_hdrreduce
                0x000000000000a288       0x28 build/nrf52840/dongle/obj/packetbuf.o
                0x000000000000a288                packetbuf_hdrreduce
 .text.packetbuf_set_datalen
                0x000000000000a2b0        0xc build/nrf52840/dongle/obj/packetbuf.o
                0x000000000000a2b0                packetbuf_set_datalen
 .text.packetbuf_dataptr
                0x000000000000a2bc       0x20 build/nrf52840/dongle/obj/packetbuf.o
                0x000000000000a2bc                packetbuf_dataptr
 .text.packetbuf_hdrptr
                0x000000000000a2dc        0x8 build/nrf52840/dongle/obj/packetbuf.o
                0x000000000000a2dc                packetbuf_hdrptr
 .text.packetbuf_datalen
                0x000000000000a2e4        0xc build/nrf52840/dongle/obj/packetbuf.o
                0x000000000000a2e4                packetbuf_datalen
 .text.packetbuf_totlen
                0x000000000000a2f0       0x24 build/nrf52840/dongle/obj/packetbuf.o
                0x000000000000a2f0                packetbuf_totlen
 .text.packetbuf_attr_copyto
                0x000000000000a314       0x24 build/nrf52840/dongle/obj/packetbuf.o
                0x000000000000a314                packetbuf_attr_copyto
 .text.packetbuf_attr_copyfrom
                0x000000000000a338       0x24 build/nrf52840/dongle/obj/packetbuf.o
                0x000000000000a338                packetbuf_attr_copyfrom
 .text.packetbuf_set_attr
                0x000000000000a35c       0x10 build/nrf52840/dongle/obj/packetbuf.o
                0x000000000000a35c                packetbuf_set_attr
 .text.packetbuf_attr
                0x000000000000a36c        0xc build/nrf52840/dongle/obj/packetbuf.o
                0x000000000000a36c                packetbuf_attr
 .text.packetbuf_set_addr
                0x000000000000a378       0x18 build/nrf52840/dongle/obj/packetbuf.o
                0x000000000000a378                packetbuf_set_addr
 .text.packetbuf_addr
                0x000000000000a390       0x10 build/nrf52840/dongle/obj/packetbuf.o
                0x000000000000a390                packetbuf_addr
 .text.packetbuf_holds_broadcast
                0x000000000000a3a0       0x10 build/nrf52840/dongle/obj/packetbuf.o
                0x000000000000a3a0                packetbuf_holds_broadcast
 .text.queuebuf_init
                0x000000000000a3b0       0x1c build/nrf52840/dongle/obj/queuebuf.o
                0x000000000000a3b0                queuebuf_init
 .text.queuebuf_numfree
                0x000000000000a3cc        0xc build/nrf52840/dongle/obj/queuebuf.o
                0x000000000000a3cc                queuebuf_numfree
 .text.queuebuf_new_from_packetbuf
                0x000000000000a3d8       0x44 build/nrf52840/dongle/obj/queuebuf.o
                0x000000000000a3d8                queuebuf_new_from_packetbuf
 .text.queuebuf_update_attr_from_packetbuf
                0x000000000000a41c        0xc build/nrf52840/dongle/obj/queuebuf.o
                0x000000000000a41c                queuebuf_update_attr_from_packetbuf
 .text.queuebuf_free
                0x000000000000a428       0x2c build/nrf52840/dongle/obj/queuebuf.o
                0x000000000000a428                queuebuf_free
 .text.queuebuf_to_packetbuf
                0x000000000000a454       0x30 build/nrf52840/dongle/obj/queuebuf.o
                0x000000000000a454                queuebuf_to_packetbuf
 .text.mac_sequence_is_duplicate
                0x000000000000a484       0x4c build/nrf52840/dongle/obj/mac-sequence.o
                0x000000000000a484                mac_sequence_is_duplicate
 .text.mac_sequence_register_seqno
                0x000000000000a4d0       0x64 build/nrf52840/dongle/obj/mac-sequence.o
                0x000000000000a4d0                mac_sequence_register_seqno
 .text.mac_call_sent_callback
                0x000000000000a534       0x10 build/nrf52840/dongle/obj/mac.o
                0x000000000000a534                mac_call_sent_callback
 .text.frame802154_get_pan_id
                0x000000000000a544        0xc build/nrf52840/dongle/obj/frame802154.o
                0x000000000000a544                frame802154_get_pan_id
 .text.frame802154_has_panid
                0x000000000000a550       0xdc build/nrf52840/dongle/obj/frame802154.o
                0x000000000000a550                frame802154_has_panid
 .text.field_len
                0x000000000000a62c       0x8c build/nrf52840/dongle/obj/frame802154.o
 .text.frame802154_is_broadcast_addr
                0x000000000000a6b8       0x24 build/nrf52840/dongle/obj/frame802154.o
                0x000000000000a6b8                frame802154_is_broadcast_addr
 .text.frame802154_hdrlen
                0x000000000000a6dc       0x34 build/nrf52840/dongle/obj/frame802154.o
                0x000000000000a6dc                frame802154_hdrlen
 .text.frame802154_create_fcf
                0x000000000000a710       0x6c build/nrf52840/dongle/obj/frame802154.o
                0x000000000000a710                frame802154_create_fcf
 .text.frame802154_create
                0x000000000000a77c       0xb0 build/nrf52840/dongle/obj/frame802154.o
                0x000000000000a77c                frame802154_create
 .text.frame802154_parse_fcf
                0x000000000000a82c       0x68 build/nrf52840/dongle/obj/frame802154.o
                0x000000000000a82c                frame802154_parse_fcf
 .text.frame802154_parse
                0x000000000000a894      0x134 build/nrf52840/dongle/obj/frame802154.o
                0x000000000000a894                frame802154_parse
 .text.parse    0x000000000000a9c8       0xa0 build/nrf52840/dongle/obj/framer-802154.o
 .text.framer_802154_setup_params.part.0
                0x000000000000aa68       0x88 build/nrf52840/dongle/obj/framer-802154.o
 .text.create_frame
                0x000000000000aaf0       0xe0 build/nrf52840/dongle/obj/framer-802154.o
 .text.create   0x000000000000abd0        0x8 build/nrf52840/dongle/obj/framer-802154.o
 .text.hdr_length
                0x000000000000abd8        0x8 build/nrf52840/dongle/obj/framer-802154.o
 .text._sbrk    0x000000000000abe0       0x38 build/nrf52840/dongle/obj/syscalls.o
                0x000000000000abe0                _sbrk
 .text.write_str
                0x000000000000ac18       0x14 build/nrf52840/dongle/obj/printf.o
 .text.printf   0x000000000000ac2c       0x24 build/nrf52840/dongle/obj/printf.o
                0x000000000000ac2c                printf
 .text.buffer_str
                0x000000000000ac50       0x28 build/nrf52840/dongle/obj/snprintf.o
 .text.snprintf
                0x000000000000ac78       0x3c build/nrf52840/dongle/obj/snprintf.o
                0x000000000000ac78                snprintf
 .text.fill_space
                0x000000000000acb4       0x3c build/nrf52840/dongle/obj/strformat.o
 .text.format_str_v
                0x000000000000acf0      0x92c build/nrf52840/dongle/obj/strformat.o
                0x000000000000acf0                format_str_v
 .text.tx_done  0x000000000000b61c       0xb0 build/nrf52840/dongle/obj/csma-output.o
 .text.transmit_from_queue
                0x000000000000b6cc      0x204 build/nrf52840/dongle/obj/csma-output.o
 .text.csma_output_packet
                0x000000000000b8d0      0x180 build/nrf52840/dongle/obj/csma-output.o
                0x000000000000b8d0                csma_output_packet
 .text.csma_output_init
                0x000000000000ba50       0x24 build/nrf52840/dongle/obj/csma-output.o
                0x000000000000ba50                csma_output_init
 .text.csma_security_create_frame
                0x000000000000ba74       0x18 build/nrf52840/dongle/obj/csma-security.o
                0x000000000000ba74                csma_security_create_frame
 .text.csma_security_parse_frame
                0x000000000000ba8c        0xc build/nrf52840/dongle/obj/csma-security.o
                0x000000000000ba8c                csma_security_parse_frame
 .text.on       0x000000000000ba98        0xc build/nrf52840/dongle/obj/csma.o
 .text.off      0x000000000000baa4        0xc build/nrf52840/dongle/obj/csma.o
 .text.max_payload
                0x000000000000bab0       0x40 build/nrf52840/dongle/obj/csma.o
 .text.send_packet
                0x000000000000baf0        0x4 build/nrf52840/dongle/obj/csma.o
 .text.init     0x000000000000baf4       0x38 build/nrf52840/dongle/obj/csma.o
 .text.input_packet
                0x000000000000bb2c       0xb4 build/nrf52840/dongle/obj/csma.o
 .text.psock_send
                0x000000000000bbe0       0x9c build/nrf52840/dongle/obj/psock.o
                0x000000000000bbe0                psock_send
 .text.psock_datalen
                0x000000000000bc7c        0xc build/nrf52840/dongle/obj/psock.o
                0x000000000000bc7c                psock_datalen
 .text.psock_readto
                0x000000000000bc88       0xc4 build/nrf52840/dongle/obj/psock.o
                0x000000000000bc88                psock_readto
 .text.psock_init
                0x000000000000bd4c       0x14 build/nrf52840/dongle/obj/psock.o
                0x000000000000bd4c                psock_init
 .text.sicslowpan_init
                0x000000000000bd60       0x10 build/nrf52840/dongle/obj/sicslowpan.o
                0x000000000000bd60                sicslowpan_init
 .text.set_packet_attrs
                0x000000000000bd70       0x74 build/nrf52840/dongle/obj/sicslowpan.o
 .text.compress_addr_64
                0x000000000000bde4       0xa0 build/nrf52840/dongle/obj/sicslowpan.o
 .text.packet_sent
                0x000000000000be84       0x5c build/nrf52840/dongle/obj/sicslowpan.o
 .text.store_fragment
                0x000000000000bee0       0x64 build/nrf52840/dongle/obj/sicslowpan.o
 .text.uncompress_addr
                0x000000000000bf44       0x9c build/nrf52840/dongle/obj/sicslowpan.o
 .text.fragment_copy_payload_and_send
                0x000000000000bfe0       0x84 build/nrf52840/dongle/obj/sicslowpan.o
 .text.output   0x000000000000c064      0x818 build/nrf52840/dongle/obj/sicslowpan.o
 .text.add_fragment
                0x000000000000c87c      0x198 build/nrf52840/dongle/obj/sicslowpan.o
 .text.input    0x000000000000ca14      0x96c build/nrf52840/dongle/obj/sicslowpan.o
 .text.tcp_listen
                0x000000000000d380       0x2c build/nrf52840/dongle/obj/tcpip.o
                0x000000000000d380                tcp_listen
 .text.tcp_attach
                0x000000000000d3ac       0x10 build/nrf52840/dongle/obj/tcpip.o
                0x000000000000d3ac                tcp_attach
 .text.tcpip_input
                0x000000000000d3bc       0x2c build/nrf52840/dongle/obj/tcpip.o
                0x000000000000d3bc                tcpip_input
 .text.tcpip_ipv6_output
                0x000000000000d3e8      0x150 build/nrf52840/dongle/obj/tcpip.o
                0x000000000000d3e8                tcpip_ipv6_output
 .text.packet_input.part.0
                0x000000000000d538       0x50 build/nrf52840/dongle/obj/tcpip.o
 .text.process_thread_tcpip_process
                0x000000000000d588      0x1a8 build/nrf52840/dongle/obj/tcpip.o
 .text.tcpip_uipcall
                0x000000000000d730       0x80 build/nrf52840/dongle/obj/tcpip.o
                0x000000000000d730                tcpip_uipcall
 .text.uip_ds6_nbr_rm
                0x000000000000d7b0       0x24 build/nrf52840/dongle/obj/uip-ds6-nbr.o
                0x000000000000d7b0                uip_ds6_nbr_rm
 .text.uip_ds6_neighbors_init
                0x000000000000d7d4       0x1c build/nrf52840/dongle/obj/uip-ds6-nbr.o
                0x000000000000d7d4                uip_ds6_neighbors_init
 .text.uip_ds6_nbr_add
                0x000000000000d7f0       0x40 build/nrf52840/dongle/obj/uip-ds6-nbr.o
                0x000000000000d7f0                uip_ds6_nbr_add
 .text.uip_ds6_nbr_update_ll
                0x000000000000d830       0x74 build/nrf52840/dongle/obj/uip-ds6-nbr.o
                0x000000000000d830                uip_ds6_nbr_update_ll
 .text.uip_ds6_nbr_get_ll
                0x000000000000d8a4        0xc build/nrf52840/dongle/obj/uip-ds6-nbr.o
                0x000000000000d8a4                uip_ds6_nbr_get_ll
 .text.uip_ds6_nbr_head
                0x000000000000d8b0        0xc build/nrf52840/dongle/obj/uip-ds6-nbr.o
                0x000000000000d8b0                uip_ds6_nbr_head
 .text.uip_ds6_nbr_next
                0x000000000000d8bc        0xc build/nrf52840/dongle/obj/uip-ds6-nbr.o
                0x000000000000d8bc                uip_ds6_nbr_next
 .text.uip_ds6_nbr_lookup
                0x000000000000d8c8       0x40 build/nrf52840/dongle/obj/uip-ds6-nbr.o
                0x000000000000d8c8                uip_ds6_nbr_lookup
 .text.uip_ds6_nbr_ipaddr_from_lladdr
                0x000000000000d908        0xc build/nrf52840/dongle/obj/uip-ds6-nbr.o
                0x000000000000d908                uip_ds6_nbr_ipaddr_from_lladdr
 .text.uip_ds6_nbr_lladdr_from_ipaddr
                0x000000000000d914       0x1c build/nrf52840/dongle/obj/uip-ds6-nbr.o
                0x000000000000d914                uip_ds6_nbr_lladdr_from_ipaddr
 .text.uip_ds6_link_callback
                0x000000000000d930        0x4 build/nrf52840/dongle/obj/uip-ds6-nbr.o
                0x000000000000d930                uip_ds6_link_callback
 .text.uip_ds6_route_init
                0x000000000000d934       0x1c build/nrf52840/dongle/obj/uip-ds6-route.o
                0x000000000000d934                uip_ds6_route_init
 .text.uip_ds6_route_nexthop
                0x000000000000d950        0x4 build/nrf52840/dongle/obj/uip-ds6-route.o
                0x000000000000d950                uip_ds6_route_nexthop
 .text.uip_ds6_route_lookup
                0x000000000000d954        0x4 build/nrf52840/dongle/obj/uip-ds6-route.o
                0x000000000000d954                uip_ds6_route_lookup
 .text.uip_ds6_route_rm
                0x000000000000d958        0x4 build/nrf52840/dongle/obj/uip-ds6-route.o
                0x000000000000d958                uip_ds6_route_rm
 .text.uip_ds6_defrt_rm
                0x000000000000d95c       0x3c build/nrf52840/dongle/obj/uip-ds6-route.o
                0x000000000000d95c                uip_ds6_defrt_rm
 .text.uip_ds6_defrt_lookup
                0x000000000000d998       0x3c build/nrf52840/dongle/obj/uip-ds6-route.o
                0x000000000000d998                uip_ds6_defrt_lookup
 .text.uip_ds6_defrt_add
                0x000000000000d9d4       0x60 build/nrf52840/dongle/obj/uip-ds6-route.o
                0x000000000000d9d4                uip_ds6_defrt_add
 .text.uip_ds6_defrt_choose
                0x000000000000da34       0x34 build/nrf52840/dongle/obj/uip-ds6-route.o
                0x000000000000da34                uip_ds6_defrt_choose
 .text.uip_ds6_defrt_periodic
                0x000000000000da68       0x44 build/nrf52840/dongle/obj/uip-ds6-route.o
                0x000000000000da68                uip_ds6_defrt_periodic
 .text.uip_ds6_addr_rm.part.0
                0x000000000000daac       0x88 build/nrf52840/dongle/obj/uip-ds6.o
 .text.uip_ds6_default_prefix
                0x000000000000db34        0x8 build/nrf52840/dongle/obj/uip-ds6.o
                0x000000000000db34                uip_ds6_default_prefix
 .text.uip_ds6_periodic
                0x000000000000db3c       0x58 build/nrf52840/dongle/obj/uip-ds6.o
                0x000000000000db3c                uip_ds6_periodic
 .text.uip_ds6_prefix_add
                0x000000000000db94       0xb0 build/nrf52840/dongle/obj/uip-ds6.o
                0x000000000000db94                uip_ds6_prefix_add
 .text.uip_ds6_is_addr_onlink
                0x000000000000dc44       0x44 build/nrf52840/dongle/obj/uip-ds6.o
                0x000000000000dc44                uip_ds6_is_addr_onlink
 .text.uip_ds6_addr_rm
                0x000000000000dc88        0x8 build/nrf52840/dongle/obj/uip-ds6.o
                0x000000000000dc88                uip_ds6_addr_rm
 .text.uip_ds6_addr_lookup
                0x000000000000dc90       0x50 build/nrf52840/dongle/obj/uip-ds6.o
                0x000000000000dc90                uip_ds6_addr_lookup
 .text.uip_ds6_get_link_local
                0x000000000000dce0       0x54 build/nrf52840/dongle/obj/uip-ds6.o
                0x000000000000dce0                uip_ds6_get_link_local
 .text.uip_ds6_maddr_add
                0x000000000000dd34       0x80 build/nrf52840/dongle/obj/uip-ds6.o
                0x000000000000dd34                uip_ds6_maddr_add
 .text.uip_ds6_addr_add
                0x000000000000ddb4       0xd4 build/nrf52840/dongle/obj/uip-ds6.o
                0x000000000000ddb4                uip_ds6_addr_add
 .text.uip_ds6_init
                0x000000000000de88      0x128 build/nrf52840/dongle/obj/uip-ds6.o
                0x000000000000de88                uip_ds6_init
 .text.uip_ds6_maddr_lookup
                0x000000000000dfb0       0x50 build/nrf52840/dongle/obj/uip-ds6.o
                0x000000000000dfb0                uip_ds6_maddr_lookup
 .text.uip_ds6_select_src
                0x000000000000e000      0x118 build/nrf52840/dongle/obj/uip-ds6.o
                0x000000000000e000                uip_ds6_select_src
 .text.uip_ds6_set_addr_iid
                0x000000000000e118       0x18 build/nrf52840/dongle/obj/uip-ds6.o
                0x000000000000e118                uip_ds6_set_addr_iid
 .text.uip_ds6_set_lladdr_from_iid
                0x000000000000e130       0x18 build/nrf52840/dongle/obj/uip-ds6.o
                0x000000000000e130                uip_ds6_set_lladdr_from_iid
 .text.echo_reply_input
                0x000000000000e148       0x70 build/nrf52840/dongle/obj/uip-icmp6.o
 .text.echo_request_input
                0x000000000000e1b8       0x84 build/nrf52840/dongle/obj/uip-icmp6.o
 .text.uip_icmp6_input
                0x000000000000e23c       0x40 build/nrf52840/dongle/obj/uip-icmp6.o
                0x000000000000e23c                uip_icmp6_input
 .text.uip_icmp6_register_input_handler
                0x000000000000e27c        0xc build/nrf52840/dongle/obj/uip-icmp6.o
                0x000000000000e27c                uip_icmp6_register_input_handler
 .text.uip_icmp6_error_output
                0x000000000000e288      0x144 build/nrf52840/dongle/obj/uip-icmp6.o
                0x000000000000e288                uip_icmp6_error_output
 .text.uip_icmp6_send
                0x000000000000e3cc       0x80 build/nrf52840/dongle/obj/uip-icmp6.o
                0x000000000000e3cc                uip_icmp6_send
 .text.uip_icmp6_init
                0x000000000000e44c       0x24 build/nrf52840/dongle/obj/uip-icmp6.o
                0x000000000000e44c                uip_icmp6_init
 .text.ns_input
                0x000000000000e470      0x294 build/nrf52840/dongle/obj/uip-nd6.o
 .text.uip_nd6_init
                0x000000000000e704        0xc build/nrf52840/dongle/obj/uip-nd6.o
                0x000000000000e704                uip_nd6_init
 .text.uip_sr_num_nodes
                0x000000000000e710        0xc build/nrf52840/dongle/obj/uip-sr.o
                0x000000000000e710                uip_sr_num_nodes
 .text.uip_sr_get_node
                0x000000000000e71c       0x54 build/nrf52840/dongle/obj/uip-sr.o
                0x000000000000e71c                uip_sr_get_node
 .text.uip_sr_is_addr_reachable
                0x000000000000e770       0x4c build/nrf52840/dongle/obj/uip-sr.o
                0x000000000000e770                uip_sr_is_addr_reachable
 .text.uip_sr_expire_parent
                0x000000000000e7bc       0x44 build/nrf52840/dongle/obj/uip-sr.o
                0x000000000000e7bc                uip_sr_expire_parent
 .text.uip_sr_update_node
                0x000000000000e800       0xa8 build/nrf52840/dongle/obj/uip-sr.o
                0x000000000000e800                uip_sr_update_node
 .text.uip_sr_init
                0x000000000000e8a8       0x24 build/nrf52840/dongle/obj/uip-sr.o
                0x000000000000e8a8                uip_sr_init
 .text.uip_sr_node_head
                0x000000000000e8cc        0xc build/nrf52840/dongle/obj/uip-sr.o
                0x000000000000e8cc                uip_sr_node_head
 .text.uip_sr_node_next
                0x000000000000e8d8        0x4 build/nrf52840/dongle/obj/uip-sr.o
                0x000000000000e8d8                uip_sr_node_next
 .text.uip_sr_periodic
                0x000000000000e8dc       0x7c build/nrf52840/dongle/obj/uip-sr.o
                0x000000000000e8dc                uip_sr_periodic
 .text.uip_sr_free_all
                0x000000000000e958       0x48 build/nrf52840/dongle/obj/uip-sr.o
                0x000000000000e958                uip_sr_free_all
 .text.chksum   0x000000000000e9a0       0x64 build/nrf52840/dongle/obj/uip6.o
 .text.ext_hdr_options_process
                0x000000000000ea04       0xa8 build/nrf52840/dongle/obj/uip6.o
 .text.uip_update_ttl.isra.0
                0x000000000000eaac       0x1c build/nrf52840/dongle/obj/uip6.o
 .text.upper_layer_chksum
                0x000000000000eac8       0x7c build/nrf52840/dongle/obj/uip6.o
 .text.uip_add_rcv_nxt
                0x000000000000eb44       0x7c build/nrf52840/dongle/obj/uip6.o
 .text.uip_add32
                0x000000000000ebc0       0x64 build/nrf52840/dongle/obj/uip6.o
                0x000000000000ebc0                uip_add32
 .text.uip_icmp6chksum
                0x000000000000ec24        0x8 build/nrf52840/dongle/obj/uip6.o
                0x000000000000ec24                uip_icmp6chksum
 .text.uip_init
                0x000000000000ec2c       0x80 build/nrf52840/dongle/obj/uip6.o
                0x000000000000ec2c                uip_init
 .text.uip_remove_ext_hdr
                0x000000000000ecac       0x6c build/nrf52840/dongle/obj/uip6.o
                0x000000000000ecac                uip_remove_ext_hdr
 .text.uip_unlisten
                0x000000000000ed18       0x28 build/nrf52840/dongle/obj/uip6.o
                0x000000000000ed18                uip_unlisten
 .text.uip_listen
                0x000000000000ed40       0x28 build/nrf52840/dongle/obj/uip6.o
                0x000000000000ed40                uip_listen
 .text.uip_process
                0x000000000000ed68      0xf54 build/nrf52840/dongle/obj/uip6.o
                0x000000000000ed68                uip_process
 .text.uip_htonl
                0x000000000000fcbc        0x4 build/nrf52840/dongle/obj/uip6.o
                0x000000000000fcbc                uip_htonl
 .text.uip_send
                0x000000000000fcc0       0x74 build/nrf52840/dongle/obj/uip6.o
                0x000000000000fcc0                uip_send
 .text.uipbuf_clear
                0x000000000000fd34       0x30 build/nrf52840/dongle/obj/uipbuf.o
                0x000000000000fd34                uipbuf_clear
 .text.uipbuf_add_ext_hdr
                0x000000000000fd64       0x3c build/nrf52840/dongle/obj/uipbuf.o
                0x000000000000fd64                uipbuf_add_ext_hdr
 .text.uipbuf_set_len
                0x000000000000fda0       0x18 build/nrf52840/dongle/obj/uipbuf.o
                0x000000000000fda0                uipbuf_set_len
 .text.uipbuf_set_len_field
                0x000000000000fdb8        0x8 build/nrf52840/dongle/obj/uipbuf.o
                0x000000000000fdb8                uipbuf_set_len_field
 .text.uipbuf_get_len_field
                0x000000000000fdc0        0xc build/nrf52840/dongle/obj/uipbuf.o
                0x000000000000fdc0                uipbuf_get_len_field
 .text.uipbuf_get_next_header
                0x000000000000fdcc       0x68 build/nrf52840/dongle/obj/uipbuf.o
                0x000000000000fdcc                uipbuf_get_next_header
 .text.uipbuf_get_last_header
                0x000000000000fe34       0x64 build/nrf52840/dongle/obj/uipbuf.o
                0x000000000000fe34                uipbuf_get_last_header
 .text.uipbuf_search_header
                0x000000000000fe98       0x80 build/nrf52840/dongle/obj/uipbuf.o
                0x000000000000fe98                uipbuf_search_header
 .text.uipbuf_get_attr
                0x000000000000ff18       0x14 build/nrf52840/dongle/obj/uipbuf.o
                0x000000000000ff18                uipbuf_get_attr
 .text.uipbuf_set_attr
                0x000000000000ff2c       0x18 build/nrf52840/dongle/obj/uipbuf.o
                0x000000000000ff2c                uipbuf_set_attr
 .text.uipbuf_init
                0x000000000000ff44       0x20 build/nrf52840/dongle/obj/uipbuf.o
                0x000000000000ff44                uipbuf_init
 .text.uiplib_ipaddr_snprint.part.0
                0x000000000000ff64       0xfc build/nrf52840/dongle/obj/uiplib.o
 .text.uiplib_ipaddr_snprint
                0x0000000000010060       0x20 build/nrf52840/dongle/obj/uiplib.o
                0x0000000000010060                uiplib_ipaddr_snprint
 .text.rpl_dag_root_set_prefix
                0x0000000000010080       0x64 build/nrf52840/dongle/obj/rpl-dag-root.o
                0x0000000000010080                rpl_dag_root_set_prefix
 .text.rpl_dag_root_start
                0x00000000000100e4       0x70 build/nrf52840/dongle/obj/rpl-dag-root.o
                0x00000000000100e4                rpl_dag_root_start
 .text.rpl_dag_root_is_root
                0x0000000000010154       0x1c build/nrf52840/dongle/obj/rpl-dag-root.o
                0x0000000000010154                rpl_dag_root_is_root
 .text.init_dag
                0x0000000000010170       0x78 build/nrf52840/dongle/obj/rpl-dag.o
 .text.init_dag_from_dio
                0x00000000000101e8       0x6c build/nrf52840/dongle/obj/rpl-dag.o
 .text.rpl_dag_update_state.part.0
                0x0000000000010254      0x14c build/nrf52840/dongle/obj/rpl-dag.o
 .text.rpl_dag_get_root_ipaddr
                0x00000000000103a0       0x2c build/nrf52840/dongle/obj/rpl-dag.o
                0x00000000000103a0                rpl_dag_get_root_ipaddr
 .text.rpl_dag_leave
                0x00000000000103cc       0x5c build/nrf52840/dongle/obj/rpl-dag.o
                0x00000000000103cc                rpl_dag_leave
 .text.rpl_dag_poison_and_leave
                0x0000000000010428       0x10 build/nrf52840/dongle/obj/rpl-dag.o
                0x0000000000010428                rpl_dag_poison_and_leave
 .text.rpl_dag_periodic
                0x0000000000010438       0x44 build/nrf52840/dongle/obj/rpl-dag.o
                0x0000000000010438                rpl_dag_periodic
 .text.rpl_is_addr_in_our_dag
                0x000000000001047c       0x28 build/nrf52840/dongle/obj/rpl-dag.o
                0x000000000001047c                rpl_is_addr_in_our_dag
 .text.rpl_global_repair
                0x00000000000104a4       0x58 build/nrf52840/dongle/obj/rpl-dag.o
                0x00000000000104a4                rpl_global_repair
 .text.rpl_local_repair
                0x00000000000104fc       0x34 build/nrf52840/dongle/obj/rpl-dag.o
                0x00000000000104fc                rpl_local_repair
 .text.rpl_dag_ready_to_advertise
                0x0000000000010530       0x24 build/nrf52840/dongle/obj/rpl-dag.o
                0x0000000000010530                rpl_dag_ready_to_advertise
 .text.rpl_dag_update_state
                0x0000000000010554       0x10 build/nrf52840/dongle/obj/rpl-dag.o
                0x0000000000010554                rpl_dag_update_state
 .text.rpl_process_dio
                0x0000000000010564      0x1f4 build/nrf52840/dongle/obj/rpl-dag.o
                0x0000000000010564                rpl_process_dio
 .text.rpl_process_dis
                0x0000000000010758       0x28 build/nrf52840/dongle/obj/rpl-dag.o
                0x0000000000010758                rpl_process_dis
 .text.rpl_process_dao
                0x0000000000010780       0x4c build/nrf52840/dongle/obj/rpl-dag.o
                0x0000000000010780                rpl_process_dao
 .text.rpl_process_dao_ack
                0x00000000000107cc       0x60 build/nrf52840/dongle/obj/rpl-dag.o
                0x00000000000107cc                rpl_process_dao_ack
 .text.rpl_process_hbh
                0x000000000001082c       0x2c build/nrf52840/dongle/obj/rpl-dag.o
                0x000000000001082c                rpl_process_hbh
 .text.rpl_dag_init_root
                0x0000000000010858       0xac build/nrf52840/dongle/obj/rpl-dag.o
                0x0000000000010858                rpl_dag_init_root
 .text.rpl_dag_init
                0x0000000000010904       0x10 build/nrf52840/dongle/obj/rpl-dag.o
                0x0000000000010904                rpl_dag_init
 .text.update_hbh_header
                0x0000000000010914       0x50 build/nrf52840/dongle/obj/rpl-ext-header.o
 .text.rpl_ext_header_srh_get_next_hop
                0x0000000000010964       0x70 build/nrf52840/dongle/obj/rpl-ext-header.o
                0x0000000000010964                rpl_ext_header_srh_get_next_hop
 .text.rpl_ext_header_srh_update